02-16 19:31:09.058  2138  2364 D WM-GreedyScheduler: Ignoring {WorkSpec: dae863f4-f661-4cb6-a29d-f3302e3d36fb}. Requires device idle.
02-16 19:31:09.058  2138  2364 D WM-GreedyScheduler: Ignoring {WorkSpec: a935cad4-1fa0-4eba-addc-810bbb7e0f1a}. Requires device idle.
02-16 19:31:09.058  2138  2364 D WM-GreedyScheduler: Ignoring {WorkSpec: 07f63d1d-39f9-494b-a64e-45cdea778bd1}. Requires device idle.
02-16 19:31:09.059  2138  2364 D WM-GreedyScheduler: Starting tracking for 38fb5c3f-4711-4467-84e3-0602e64227d3,bc809da1-e066-4d60-aecf-bd6e62162b65,0530c4cf-2a32-4eaf-9bc0-dcf63f858de0,c8956a11-88cc-4d7c-b76b-492e711c6d5a,db2a3775-707c-4157-8e62-6d0824fca739
02-16 19:31:09.061  1275  1860 I FontLog : (REDACTED) Updating from directory version %d to %d from disk
02-16 19:31:09.084   751  2700 W SignedPackage: Cannot get ApplicationInfo for package: com.google.android.devicelockcontroller
02-16 19:31:09.086  2138  2269 I DialerCallRecordingDataSourceStatusService: com.android.dialer.callrecording.impl.calllog.CallRecordingDataSourceStatusService.getTimestampOfLastSyncedCallRecordingInfoMillis:100 lastSyncedCallRecordingInfoTimestamp 0
02-16 19:31:09.116  2826  2826 I Zygote  : Process 2826 created for com.kurye.pro
02-16 19:31:09.116  2826  2826 I com.kurye.pro: Late-enabling -Xcheck:jni
02-16 19:31:09.124  1004  1064 V WindowManagerShell: Transition animation finished (aborted=false), notifying core (#5) android.os.BinderProxy@fe3f680@0
02-16 19:31:09.125  2138  2269 I DialerLoggingConsentCheckerImpl: com.google.android.dialershared.logging.consent.impl.LoggingConsentCheckerImpl.getConsent:72 timer stop with success, timer present: false
02-16 19:31:09.132  1004  1004 D SsCardRecyclerViewAdapter: Updating Smartspace targets to targets for Lockscreen
02-16 19:31:09.148   751   771 V WindowManager: Finish Transition (#5): created at 02-16 19:31:08.064 collect-started=0.481ms request-sent=208.524ms started=284.169ms ready=506.84ms sent=574.865ms commit=170.718ms finished=1076.279ms
02-16 19:31:09.163  2826  2826 I com.kurye.pro: Using CollectorTypeCMC GC.
02-16 19:31:09.163  2213  2477 W JobInfo : Requested important-while-foreground flag for job1578 is ignored and takes no effect
02-16 19:31:09.163  2213  2477 D WM-SystemJobScheduler: Scheduling work ID cfaf37ba-7f05-4e6d-be4a-e3325946d70cJob ID 1578
02-16 19:31:09.164  1004  1064 V WindowManagerShell: Track 0 became idle
02-16 19:31:09.164  1004  1064 V WindowManagerShell: All active transition animations finished
02-16 19:31:09.170  2213  2267 I RcsAvailabilityCache: Cached availability not found for simId: redacted-pii:sim_id[chars:20,last3:897]
02-16 19:31:09.171  1154  1154 D VRI[NexusLauncherActivity]: visibilityChanged oldVisibility=true newVisibility=false
02-16 19:31:09.177  1154  1154 D NexusLauncherModelDelegate: notifySmartspaceEvent: SmartspaceTargetEvent{mSmartspaceTarget=null, mSmartspaceActionId='null', mEventType=7}
02-16 19:31:09.180   626   648 I adbd    : jdwp connection from 2826
02-16 19:31:09.182  1004  1327 D WallpaperService: onVisibilityChanged(false): com.android.systemui.wallpapers.ImageWallpaper$CanvasEngine@21622ef
02-16 19:31:09.196  2826  2826 D nativeloader: Load libframework-connectivity-tiramisu-jni.so using APEX ns com_android_tethering for caller /apex/com.android.tethering/javalib/framework-connectivity-t.jar: ok
02-16 19:31:09.200  1589  1601 W gle.android.gms: Suspending all threads took: 105.006ms
02-16 19:31:09.236  1555  1774 W BugleRcsEngine: Unable to send provisioning snapshots log [CONTEXT thread_id=51 ]
02-16 19:31:09.237  1275  1392 W ctxmgr  : [WorkManager] Long workInfo: pkg=com.google.android.gms, lbl=Prune, start=2026-02-16 19:31:07.704+0300, stop=2026-02-16 19:31:08.921+0300, durtn=1217ms [CONTEXT service_id=47 ]
02-16 19:31:09.255  1275  2461 W libbinder.Binder: Binder transaction to android.content.IContentProvider code 1 took 1699ms. Data bytes: 364 Reply bytes: 80 Flags: 18
02-16 19:31:09.255  1275  2604 W NearbyDiscovery: Runnable[FastPairController::setSassDeviceGroupManager] was delayed for 00:05.394 [CONTEXT service_id=265 ]
02-16 19:31:09.255  1275  1283 I NullBinder: NullBinder for android.net.action.RECOMMEND_NETWORKS triggering remote TransactionTooLargeException due to Service without Chimera impl, calling uid: 1000, calling pid: 0
02-16 19:31:09.259  2213  2477 W JobInfo : Requested important-while-foreground flag for job1579 is ignored and takes no effect
02-16 19:31:09.259  2213  2477 D WM-SystemJobScheduler: Scheduling work ID 8354a0e4-5ca4-4f06-91d1-ce35fdfde0c0Job ID 1579
02-16 19:31:09.277  1275  1283 W libbinder.Binder: Large reply transaction of 1056768 bytes, interface descriptor , code 1, flags 17
02-16 19:31:09.277  1275  1283 I NullBinder: NullBinder for android.net.action.RECOMMEND_NETWORKS triggering remote TransactionTooLargeException due to Service without Chimera impl, calling uid: 1000, calling pid: 0
02-16 19:31:09.277  1275  1283 W libbinder.Binder: Large reply transaction of 1056768 bytes, interface descriptor , code 1, flags 17
02-16 19:31:09.284  1004  1004 D SsCardRecyclerViewAdapter: Updating Smartspace targets to targets for Lockscreen
02-16 19:31:09.289  1275  2604 W NearbyDiscovery: Runnable[subscribe] was delayed for 00:05.402 [CONTEXT service_id=265 ]
02-16 19:31:09.300  2138  2269 I DialerLoggingConsentCheckerImpl: com.google.android.dialershared.logging.consent.impl.LoggingConsentCheckerImpl.getConsent:72 timer stop with success, timer present: false
02-16 19:31:09.304   751  1823 W ActivityManager: Slow operation: 82ms so far, now at attachApplicationLocked: immediately after bindApplication
02-16 19:31:09.305   751  1823 W ActivityManager: Slow operation: 82ms so far, now at attachApplicationLocked: after updateLruProcessLocked
02-16 19:31:09.307   751   946 D BackgroundInstallControlService: Package event received: 0
02-16 19:31:09.308   751   946 D BackgroundInstallControlService: Package event received: 0
02-16 19:31:09.314  1004  1004 W SsPagerDots: Total number of pages invalid: 0. Assuming 1 page.
02-16 19:31:09.322   751  1823 W ActivityManager: Slow operation: 99ms so far, now at attachApplicationLocked: after updateOomAdjLocked
02-16 19:31:09.333  2826  2826 D CompatChangeReporter: Compat change id reported: 242716250; UID 10230; state: ENABLED
02-16 19:31:09.345  1004  1377 W Looper  : Slow dispatch took 1236ms NotifInflation app=com.android.systemui main=false group=FOREGROUND h=android.os.Handler c=android.os.AsyncTask$4@97812e7[Completed normally] m=0
02-16 19:31:09.388  1990  2176 I apdw    : (REDACTED) Provider package not found: %s
02-16 19:31:09.437  1275  2610 I AlarmManager: setExactAndAllowWhileIdle [name: GCM_CONN_ALARM type: 2 triggerAtMillis: 62165]
02-16 19:31:09.490  2429  2440 W ding:background: userfaultfd: MOVE ioctl seems unsupported: Connection timed out
02-16 19:31:09.529  1990  2176 I apdw    : (REDACTED) Provider package not found: %s
02-16 19:31:09.561  2138  2364 I DialerCallRecordingDataSource: com.android.dialer.callrecording.impl.calllog.CallRecordingDataSource.getAnnotatedCallLogIdsToCallRecordingInfoMap:270 lastSyncedCallRecordingInfoTimestamp 0
02-16 19:31:09.561  2826  2826 D nativeloader: Configuring clns-9 for other apk /data/app/~~8iDDoBLzjuTU7DXvtQKCHA==/com.kurye.pro-fLvz8-vqY0xWM4fj1KkyiQ==/base.apk. target_sdk_version=34, uses_libraries=, library_path=/data/app/~~8iDDoBLzjuTU7DXvtQKCHA==/com.kurye.pro-fLvz8-vqY0xWM4fj1KkyiQ==/lib/arm64, permitted_path=/data:/mnt/expand:/data/user/0/com.kurye.pro
02-16 19:31:09.587  1275  1518 W FontLog : Fetch {Noto Color Emoji Compat, wdth 100.0, wght 400, ital 0.0, bestEffort false}, isVf false} failed due to timeout [CONTEXT service_id=132 ]
02-16 19:31:09.587  1275  1518 W FontLog : java.util.concurrent.TimeoutException: Waited 10000 milliseconds (plus 239255 nanoseconds delay) for gwdm@74bdc3d[status=PENDING]
02-16 19:31:09.587  1275  1518 W FontLog : 	at gvzr.v(:com.google.android.gms@260235035@26.02.35 (260400-862924022):371)
02-16 19:31:09.587  1275  1518 W FontLog : 	at bvho.query(:com.google.android.gms@260235035@26.02.35 (260400-862924022):141)
02-16 19:31:09.587  1275  1518 W FontLog : 	at aypg.query(:com.google.android.gms@260235035@26.02.35 (260400-862924022):84)
02-16 19:31:09.587  1275  1518 W FontLog : 	at android.content.ContentProvider.query(ContentProvider.java:1662)
02-16 19:31:09.587  1275  1518 W FontLog : 	at ymc.superQuery(:com.google.android.gms@260235035@26.02.35 (260400-862924022):6)
02-16 19:31:09.587  1275  1518 W FontLog : 	at com.google.android.chimera.ContentProvider.query(:com.google.android.gms@260235035@26.02.35 (260400-862924022):8)
02-16 19:31:09.587  1275  1518 W FontLog : 	at aypg.query(:com.google.android.gms@260235035@26.02.35 (260400-862924022):21)
02-16 19:31:09.587  1275  1518 W FontLog : 	at android.content.ContentProvider.query(ContentProvider.java:1758)
02-16 19:31:09.587  1275  1518 W FontLog : 	at ymc.superQuery(:com.google.android.gms@260235035@26.02.35 (260400-862924022):1)
02-16 19:31:09.587  1275  1518 W FontLog : 	at com.google.android.chimera.ContentProvider.query(:com.google.android.gms@260235035@26.02.35 (260400-862924022):3)
02-16 19:31:09.587  1275  1518 W FontLog : 	at ymc.query(:com.google.android.gms@260235035@26.02.35 (260400-862924022):64)
02-16 19:31:09.587  1275  1518 W FontLog : 	at android.content.ContentProvider$Transport.query(ContentProvider.java:296)
02-16 19:31:09.587  1275  1518 W FontLog : 	at android.content.ContentProviderNative.onTransact(ContentProviderNative.java:107)
02-16 19:31:09.587  1275  1518 W FontLog : 	at android.os.Binder.execTransactInternal(Binder.java:1473)
02-16 19:31:09.587  1275  1518 W FontLog : 	at android.os.Binder.execTransact(Binder.java:1418)
02-16 19:31:09.587  1275  1518 W libbinder.Binder: Binder transaction to android.content.IContentProvider code 1 took 10009ms. Data bytes: 776 Reply bytes: 236 Flags: 18
02-16 19:31:09.592  2826  2826 V GraphicsEnvironment: Currently set values for:
02-16 19:31:09.592  2826  2826 V GraphicsEnvironment:   angle_gl_driver_selection_pkgs=[]
02-16 19:31:09.592  2826  2826 V GraphicsEnvironment:   angle_gl_driver_selection_values=[]
02-16 19:31:09.592  2826  2826 V GraphicsEnvironment: com.kurye.pro is not listed in per-application setting
02-16 19:31:09.592  2826  2826 V GraphicsEnvironment: ANGLE allowlist from config: com.dreamgames.royalmatch com.dts.freefiremax com.dxx.firenow com.gramgames.mergedragons com.ludo.king com.mojang.minecraftpe com.my.defense com.nintendo.zaka com.os.airforce com.playrix.fishdomdd.gplay io.teslatech.callbreak jp.konami.prospia net.peakgames.toonblast
02-16 19:31:09.593  2826  2826 V GraphicsEnvironment: No special selections for ANGLE, returning default driver choice
02-16 19:31:09.593  2826  2826 V GraphicsEnvironment: Neither updatable production driver nor prerelease driver is supported.
02-16 19:31:09.618  2826  2826 I FirebaseApp: Device unlocked: initializing all Firebase APIs for app [DEFAULT]
02-16 19:31:09.624  2826  2826 I FirebaseInitProvider: FirebaseApp initialization successful
02-16 19:31:09.662  2826  2848 I DisplayManager: Choreographer implicitly registered for the refresh rate.
02-16 19:31:09.672   751   946 D BackgroundInstallControlService: Package event received: 0
02-16 19:31:09.672   751   946 D BackgroundInstallControlService: Package event received: 0
02-16 19:31:09.672  2213  2213 W Bugle   : emoji2 EmojiCompat initialization failed
02-16 19:31:09.672  2213  2213 W Bugle   : java.lang.RuntimeException: fetchFonts result is not OK. (2)
02-16 19:31:09.672  2213  2213 W Bugle   : 	at lqi.run(PG:406)
02-16 19:31:09.672  2213  2213 W Bugle   : 	at java.util.concurrent.ThreadPoolExecutor.runWorker(ThreadPoolExecutor.java:1154)
02-16 19:31:09.672  2213  2213 W Bugle   : 	at java.util.concurrent.ThreadPoolExecutor$Worker.run(ThreadPoolExecutor.java:652)
02-16 19:31:09.672  2213  2213 W Bugle   : 	at java.lang.Thread.run(Thread.java:1564)
02-16 19:31:09.677  2826  2826 D DesktopExperienceFlags: Toggle override initialized to: false
02-16 19:31:09.683   751   834 V Configuration: Updating configuration, locales updated from [] to [en_US]
02-16 19:31:09.686   751   834 V Configuration: Updating configuration, locales updated from [] to [en_US]
02-16 19:31:09.687   751   834 V Configuration: Updating configuration, locales updated from [] to [en_US]
02-16 19:31:09.687   751   834 V Configuration: Updating configuration, locales updated from [] to [en_US]
02-16 19:31:09.687   751   834 V Configuration: Updating configuration, locales updated from [] to [en_US]
02-16 19:31:09.687  2826  2826 D AppCompatDelegate: Checking for metadata for AppLocalesMetadataHolderService : Service not found
02-16 19:31:09.697   751   834 V Configuration: Updating configuration, locales updated from [] to [en_US]
02-16 19:31:09.697  2826  2826 E ashmem  : Pinning is deprecated since Android Q. Please use trim or other methods.
02-16 19:31:09.699   751   834 V Configuration: Updating configuration, locales updated from [] to [en_US]
02-16 19:31:09.708   751   834 V Configuration: Updating configuration, locales updated from [] to [en_US]
02-16 19:31:09.708   751   834 V Configuration: Updating configuration, locales updated from [] to [en_US]
02-16 19:31:09.723  1275  1622 W libbinder.IPCThreadState: Sending oneway calls to frozen process.
02-16 19:31:09.753  2213  2477 D WM-SystemJobScheduler: Scheduling work ID e6208e5f-f3c3-4b5b-b18e-9f60cba51b0bJob ID 1546
02-16 19:31:09.754  2138  2292 I DialerVoicemailStatusDataServiceImpl: com.android.dialer.voicemailstatus.dataservice.impl.VoicemailStatusDataServiceImpl.insertOrUpdateVoicemailStatus:247 enter
02-16 19:31:09.754  2826  2848 I GFXSTREAM: [eglDisplay.cpp(297)] Opening libGLESv1_CM_emulation.so
02-16 19:31:09.754  2826  2848 I GFXSTREAM: [eglDisplay.cpp(297)] Opening libGLESv2_emulation.so
02-16 19:31:09.758  2826  2826 D DesktopModeFlags: Toggle override initialized to: OVERRIDE_UNSET
02-16 19:31:09.758  2138  2292 I DialerVoicemailStatusDataServiceImpl: com.android.dialer.voicemailstatus.dataservice.impl.VoicemailStatusDataServiceImpl.insertOrUpdateVoicemailStatus:247 enter
02-16 19:31:09.770  2826  2826 I com.kurye.pro: hiddenapi: Accessing hidden method Landroid/view/ViewGroup;->makeOptionalFitsSystemWindows()V (runtime_flags=0, domain=platform, api=unsupported) from Landroidx/appcompat/widget/ViewUtils; (domain=app, TargetSdkVersion=34) using reflection: allowed
02-16 19:31:09.778  2826  2848 W HWUI    : Failed to choose config with EGL_SWAP_BEHAVIOR_PRESERVED, retrying without...
02-16 19:31:09.778  2826  2848 W HWUI    : Failed to initialize 101010-2 format, error = EGL_SUCCESS
02-16 19:31:09.788   751   834 V Configuration: Updating configuration, locales updated from [] to [en_US]
02-16 19:31:09.788   751   834 V Configuration: Updating configuration, locales updated from [] to [en_US]
02-16 19:31:09.790   751   834 V Configuration: Updating configuration, locales updated from [] to [en_US]
02-16 19:31:09.791   751   834 V Configuration: Updating configuration, locales updated from [] to [en_US]
02-16 19:31:09.791   751   834 V Configuration: Updating configuration, locales updated from [] to [en_US]
02-16 19:31:09.791  2826  2826 I WebViewFactory: Loading com.google.android.webview version 134.0.6998.135 (code 699813532)
02-16 19:31:09.792   751   834 V Configuration: Updating configuration, locales updated from [] to [en_US]
02-16 19:31:09.792   751   834 V Configuration: Updating configuration, locales updated from [] to [en_US]
02-16 19:31:09.793   751   834 V Configuration: Updating configuration, locales updated from [] to [en_US]
02-16 19:31:09.793  1004  1377 W Looper  : Slow delivery took 1276ms NotifInflation app=com.android.systemui main=false group=FOREGROUND h=android.os.Handler c=CancellableContinuation(DispatchedContinuation[com.android.systemui.util.concurrency.ExecutorImpl@89af187, Continuation at kotlinx.coroutines.channels.ProduceKt$awaitClose$1@5a8cd3d]){Cancelled}@1962932 m=0
02-16 19:31:09.795  1004  1004 W SsPagerDots: Total number of pages invalid: 0. Assuming 1 page.
02-16 19:31:09.795  1004  1004 W SsPagerDots: Total number of pages invalid: 0. Assuming 1 page.
02-16 19:31:09.797  1004  1004 D LockscreenSmartspaceController: Starting smartspace session for lockscreen
02-16 19:31:09.801  2826  2826 V ResourcesManager: The following library key has been added: ResourcesKey{ mHash=8ad888fd mResDir=null mSplitDirs=[] mOverlayDirs=[] mLibDirs=[/data/app/~~9skUjwn2vaqELNdflqZ-dg==/com.google.android.webview-3G8B7BN7p1RFFDVJB-l3YQ==/WebViewGoogle.apk,/data/app/~~2WOZ5PtytcKpA0_ysQCbNg==/com.google.android.trichromelibrary_699813532-8no3WzDHzLvpsA_mY4t0Og==/TrichromeLibrary.apk,/system_ext/framework/androidx.window.extensions.jar] mDisplayId=0 mOverrideConfig=v36 mCompatInfo={420dpi always-compat} mLoaders=[]}
02-16 19:31:09.809  2826  2826 W com.kurye.pro: Failed to find entry 'classes.dex': Entry not found
02-16 19:31:09.811  2826  2826 D nativeloader: Configuring clns-10 for other apk /data/app/~~2WOZ5PtytcKpA0_ysQCbNg==/com.google.android.trichromelibrary_699813532-8no3WzDHzLvpsA_mY4t0Og==/TrichromeLibrary.apk. target_sdk_version=35, uses_libraries=ALL, library_path=/data/app/~~9skUjwn2vaqELNdflqZ-dg==/com.google.android.webview-3G8B7BN7p1RFFDVJB-l3YQ==/lib/arm64:/data/app/~~9skUjwn2vaqELNdflqZ-dg==/com.google.android.webview-3G8B7BN7p1RFFDVJB-l3YQ==/WebViewGoogle.apk!/lib/arm64-v8a:/data/app/~~2WOZ5PtytcKpA0_ysQCbNg==/com.google.android.trichromelibrary_699813532-8no3WzDHzLvpsA_mY4t0Og==/TrichromeLibrary.apk!/lib/arm64-v8a, permitted_path=/data:/mnt/expand
02-16 19:31:09.816  2826  2826 D ApplicationLoaders: Returning zygote-cached class loader: /system_ext/framework/androidx.window.extensions.jar
02-16 19:31:09.820  2826  2826 D nativeloader: Configuring clns-11 for other apk /data/app/~~9skUjwn2vaqELNdflqZ-dg==/com.google.android.webview-3G8B7BN7p1RFFDVJB-l3YQ==/WebViewGoogle.apk. target_sdk_version=35, uses_libraries=, library_path=/data/app/~~9skUjwn2vaqELNdflqZ-dg==/com.google.android.webview-3G8B7BN7p1RFFDVJB-l3YQ==/lib/arm64:/data/app/~~9skUjwn2vaqELNdflqZ-dg==/com.google.android.webview-3G8B7BN7p1RFFDVJB-l3YQ==/WebViewGoogle.apk!/lib/arm64-v8a:/data/app/~~2WOZ5PtytcKpA0_ysQCbNg==/com.google.android.trichromelibrary_699813532-8no3WzDHzLvpsA_mY4t0Og==/TrichromeLibrary.apk!/lib/arm64-v8a, permitted_path=/data:/mnt/expand
02-16 19:31:09.844  1004  1004 W SsPagerDots: Total number of pages invalid: 0. Assuming 1 page.
02-16 19:31:09.853  1004  1004 W BcSmartspaceView: Current card is not present in the Adapter; cannot log.
02-16 19:31:09.881  1004  1004 W AlarmManager: Unrecognized alarm listener com.google.android.systemui.smartspace.KeyguardZenAlarmViewController$showNextAlarm$1@7550d15
02-16 19:31:09.892  2826  2826 I cr_WVCFactoryProvider: version=134.0.6998.135 (699813532) minSdkVersion=29 isBundle=false multiprocess=true packageId=2
02-16 19:31:09.939  1004  1004 W AlarmManager: Unrecognized alarm listener com.google.android.systemui.smartspace.KeyguardZenAlarmViewController$showNextAlarm$1@7550d15
02-16 19:31:09.952  1004  1004 W SsPagerDots: Total number of pages invalid: 0. Assuming 1 page.
02-16 19:31:09.953  1004  1004 W BcSmartspaceView: Current card is not present in the Adapter; cannot log.
02-16 19:31:09.956  2826  2826 D nativeloader: Load /data/app/~~2WOZ5PtytcKpA0_ysQCbNg==/com.google.android.trichromelibrary_699813532-8no3WzDHzLvpsA_mY4t0Og==/TrichromeLibrary.apk!/lib/arm64-v8a/libmonochrome_64.so using class loader ns clns-11 (caller=/data/app/~~9skUjwn2vaqELNdflqZ-dg==/com.google.android.webview-3G8B7BN7p1RFFDVJB-l3YQ==/WebViewGoogle.apk): ok
02-16 19:31:09.968  1275  1387 I FontLog : (REDACTED) Using directory in FlatBuffer format
02-16 19:31:09.968  1275  1275 W AxMediaRouter: Ignoring attempt to select selected route: MediaRouter.RouteInfo{ uniqueId=DEFAULT_ROUTE, name=Phone, description=null, iconUri=null, enabled=true, isSystemRoute=true, connectionState=0, canDisconnect=false, playbackType=0, playbackStream=3, deviceType=0, volumeHandling=1, volume=5, volumeMax=15, presentationDisplayId=-1, extras=null, settingsIntent=null, providerPackageName=android }
02-16 19:31:09.968  1275  1275 V MediaRouter: Selecting route: RouteInfo{ name=Phone, description=null, status=null, category=RouteCategory{ name=System types=ROUTE_TYPE_LIVE_AUDIO ROUTE_TYPE_LIVE_VIDEO  groupable=false }, supportedTypes=ROUTE_TYPE_LIVE_AUDIO ROUTE_TYPE_LIVE_VIDEO , presentationDisplay=null }
02-16 19:31:09.974  2826  2826 D nativeloader: Load /system/lib64/libwebviewchromium_plat_support.so using class loader ns clns-11 (caller=/data/app/~~9skUjwn2vaqELNdflqZ-dg==/com.google.android.webview-3G8B7BN7p1RFFDVJB-l3YQ==/WebViewGoogle.apk): ok
02-16 19:31:09.977  1004  1004 W SsPagerDots: Total number of pages invalid: 0. Assuming 1 page.
02-16 19:31:09.988  2807  2856 D nativeloader: Load /product/app/Drive/Drive.apk!/lib/arm64-v8a/libnative_crash_handler_jni.so using class loader ns product-clns-9 (caller=/product/app/Drive/Drive.apk!classes2.dex): ok
02-16 19:31:09.990  1275  1795 I GCoreUlr: Unbound from all signal providers.
02-16 19:31:10.000  1004  1004 W BcSmartspaceView: Current card is not present in the Adapter; cannot log.
02-16 19:31:10.001  2826  2858 I chromium: [0216/193109.993286:INFO:variations_seed_loader.cc(67)] Failed to open file for reading.: No such file or directory (2)
02-16 19:31:10.004  2826  2858 I chromium: [INFO:variations_seed_loader.cc(67)] Failed to open file for reading.: No such file or directory (2)
02-16 19:31:10.006  1004  1004 W AlarmManager: Unrecognized alarm listener com.google.android.systemui.smartspace.KeyguardZenAlarmViewController$showNextAlarm$1@7550d15
02-16 19:31:10.023  2826  2826 I cr_LibraryLoader: Successfully loaded native library
02-16 19:31:10.030  2826  2826 I cr_CachingUmaRecorder: Flushed 6 samples from 6 histograms, 0 samples were dropped.
02-16 19:31:10.036  1275  1275 D BoundBrokerSvc: onBind: Intent { act=com.google.android.gms.multidevice.apis.featuresettingsapi.FeatureSettingsApiService.START dat=chimera-action:/... xflg=0x4 cmp=com.google.android.gms/.chimera.PersistentApiService }
02-16 19:31:10.043  1004  1004 W SsPagerDots: Total number of pages invalid: 0. Assuming 1 page.
02-16 19:31:10.047  2826  2826 I cr_CombinedPProvider: #registerProvider() provider:WV.I8@8de164 isPolicyCacheEnabled:false policyProvidersSize:0
02-16 19:31:10.061  1004  1004 W BcSmartspaceView: Current card is not present in the Adapter; cannot log.
02-16 19:31:10.062  1004  1004 W SsPagerDots: Total number of pages invalid: 0. Assuming 1 page.
02-16 19:31:10.062  1004  1004 W BcSmartspaceView: Current card is not present in the Adapter; cannot log.
02-16 19:31:10.062   751  1867 D CompatChangeReporter: Compat change id reported: 161145287; UID 10230; state: ENABLED
02-16 19:31:10.072  1275  1275 D BoundBrokerSvc: Loading bound service for intent: Intent { act=com.google.android.gms.multidevice.apis.featuresettingsapi.FeatureSettingsApiService.START dat=chimera-action:/... xflg=0x4 cmp=com.google.android.gms/.chimera.PersistentApiService }
02-16 19:31:10.074   751   946 D BackgroundInstallControlService: Package event received: 0
02-16 19:31:10.084   751  1792 V GrammaticalInflectionUtils: AttributionSource: android.content.AttributionSource@3f49ad09 does not have READ_SYSTEM_GRAMMATICAL_GENDER permission.
02-16 19:31:10.089   751  1792 D CompatChangeReporter: Compat change id reported: 151861875; UID 10180; state: ENABLED
02-16 19:31:10.095  1275  2604 I Nearby  : (REDACTED) is blocked device type %s, isAuto=%s, isIot=%s, isLatchsky=%s, isChinaWearable=%s, isTv=%s, isWearable=%s (supportWearOs=%s), isChromeOsDevice=%s (supportChromeOs=%s)
02-16 19:31:10.106  1275  2459 W FontLog : Fetch {Noto Color Emoji Compat, wdth 100.0, wght 400, ital 0.0, bestEffort false}, isVf false} failed due to timeout [CONTEXT service_id=132 ]
02-16 19:31:10.106  1275  2459 W FontLog : java.util.concurrent.TimeoutException: Waited 10000 milliseconds (plus 167 milliseconds, 201963 nanoseconds delay) for gwdm@1770b92[status=PENDING]
02-16 19:31:10.106  1275  2459 W FontLog : 	at gvzr.v(:com.google.android.gms@260235035@26.02.35 (260400-862924022):371)
02-16 19:31:10.106  1275  2459 W FontLog : 	at bvho.query(:com.google.android.gms@260235035@26.02.35 (260400-862924022):141)
02-16 19:31:10.106  1275  2459 W FontLog : 	at aypg.query(:com.google.android.gms@260235035@26.02.35 (260400-862924022):84)
02-16 19:31:10.106  1275  2459 W FontLog : 	at android.content.ContentProvider.query(ContentProvider.java:1662)
02-16 19:31:10.106  1275  2459 W FontLog : 	at ymc.superQuery(:com.google.android.gms@260235035@26.02.35 (260400-862924022):6)
02-16 19:31:10.106  1275  2459 W FontLog : 	at com.google.android.chimera.ContentProvider.query(:com.google.android.gms@260235035@26.02.35 (260400-862924022):8)
02-16 19:31:10.106  1275  2459 W FontLog : 	at aypg.query(:com.google.android.gms@260235035@26.02.35 (260400-862924022):21)
02-16 19:31:10.106  1275  2459 W FontLog : 	at android.content.ContentProvider.query(ContentProvider.java:1758)
02-16 19:31:10.106  1275  2459 W FontLog : 	at ymc.superQuery(:com.google.android.gms@260235035@26.02.35 (260400-862924022):1)
02-16 19:31:10.106  1275  2459 W FontLog : 	at com.google.android.chimera.ContentProvider.query(:com.google.android.gms@260235035@26.02.35 (260400-862924022):3)
02-16 19:31:10.106  1275  2459 W FontLog : 	at ymc.query(:com.google.android.gms@260235035@26.02.35 (260400-862924022):64)
02-16 19:31:10.106  1275  2459 W FontLog : 	at android.content.ContentProvider$Transport.query(ContentProvider.java:296)
02-16 19:31:10.106  1275  2459 W FontLog : 	at android.content.ContentProviderNative.onTransact(ContentProviderNative.java:107)
02-16 19:31:10.106  1275  2459 W FontLog : 	at android.os.Binder.execTransactInternal(Binder.java:1473)
02-16 19:31:10.106  1275  2459 W FontLog : 	at android.os.Binder.execTransact(Binder.java:1418)
02-16 19:31:10.106  1275  2459 W libbinder.Binder: Binder transaction to android.content.IContentProvider code 1 took 10465ms. Data bytes: 776 Reply bytes: 236 Flags: 18
02-16 19:31:10.112  1275  2604 I NearbyDiscovery: (REDACTED) DiscoveryController, showNotification, itemSize=%s
02-16 19:31:10.117  2826  2826 I cr_PolicyProvider: #setManagerAndSource() 0
02-16 19:31:10.120   751   946 D BackgroundInstallControlService: Package event received: 0
02-16 19:31:10.123   555   555 D Zygote  : Forked child process 2867
02-16 19:31:10.130  2807  2829 D CompatChangeReporter: Compat change id reported: 288912692; UID 10163; state: ENABLED
02-16 19:31:10.131  2867  2867 I Zygote  : Process 2867 created for com.google.android.webview:webview_service
02-16 19:31:10.134  2867  2867 I webview_service: Using CollectorTypeCMC GC.
02-16 19:31:10.139  1589  1601 W gle.android.gms: Suspending all threads took: 366.141ms
02-16 19:31:10.145  1589  2104 W libbinder.Binder: Binder transaction to com.google.android.gms.common.internal.IGmsServiceBroker code 46 took 1352ms. Data bytes: 360 Reply bytes: 4 Flags: 18
02-16 19:31:10.175   751  1797 V GrammaticalInflectionUtils: AttributionSource: android.content.AttributionSource@4c6f0a95 does not have READ_SYSTEM_GRAMMATICAL_GENDER permission.
02-16 19:31:10.178   751  1797 W ActivityManager: Slow operation: 52ms so far, now at startProcess: done creating new process record
02-16 19:31:10.178   751  1797 W ActivityManager: Slow operation: 52ms so far, now at startProcess: stepping in to startProcess
02-16 19:31:10.191  2867  2867 D nativeloader: Load libframework-connectivity-tiramisu-jni.so using APEX ns com_android_tethering for caller /apex/com.android.tethering/javalib/framework-connectivity-t.jar: ok
02-16 19:31:10.195  1541  1709 I AiAiEcho: Predicting[0]:  [CONTEXT sampling_count=5 ]
02-16 19:31:10.195  1541  1709 I AiAiEcho: EchoTargets: 
02-16 19:31:10.195  1541  1709 I AiAiEcho: Filtered by AiAi flag check: 
02-16 19:31:10.195  1541  1709 I AiAiEcho: [CONTEXT ratelimit_period="10 SECONDS" ]
02-16 19:31:10.204  2138  2292 I DialerCallRecordingDataSource: com.android.dialer.callrecording.impl.calllog.CallRecordingDataSource.handleDeletesFromAnnotatedCallLog:119 enter
02-16 19:31:10.204  2138  2292 I DialerCallRecordingInfoStorageAsyncSqlite: com.android.dialer.callrecording.impl.storage.CallRecordingInfoStorageAsyncSqlite.deleteCallLogInitiated:501 enter
02-16 19:31:10.204  2138  2292 I DialerCallRecordingDataSource: com.android.dialer.callrecording.impl.calllog.CallRecordingDataSource.addDeleteUpdatesFromCallRecordingInitiatedDeletes:162 enter
02-16 19:31:10.216  2213  2477 D WM-SystemJobScheduler: Scheduling work ID 504ffe79-8ece-40ba-aef9-42930b90fe7eJob ID 1571
02-16 19:31:10.223   751  1797 W ActivityManager: Slow operation: 97ms so far, now at startProcess: done starting proc!
02-16 19:31:10.252  1541  1709 I AiAiEcho: #remoteViewsTwiddler: feature disabled.
02-16 19:31:10.258  2213  2477 W JobInfo : Requested important-while-foreground flag for job1580 is ignored and takes no effect
02-16 19:31:10.265  2826  2826 I cr_CombinedPProvider: #linkNativeInternal() 1
02-16 19:31:10.267  2593  2775 I FederatedTrainingScheduler: Cancelling training for population:aiai/playstore/ambientcontext session_name:ambientcontext
02-16 19:31:10.269  2826  2826 I cr_AppResProvider: #getApplicationRestrictionsFromUserManager() Bundle[EMPTY_PARCEL]
02-16 19:31:10.269  2826  2826 I cr_PolicyProvider: #notifySettingsAvailable() 0
02-16 19:31:10.269  2826  2826 I cr_CombinedPProvider: #onSettingsAvailable() 0
02-16 19:31:10.269  2826  2826 I cr_CombinedPProvider: #flushPolicies()
02-16 19:31:10.277  2807  2864 W CacheStorage: cache doesn't exist
02-16 19:31:10.297   751   782 W ActivityManager: Slow operation: 204ms so far, now at startProcess: done updating battery stats
02-16 19:31:10.297   751   782 W ActivityManager: Slow operation: 204ms so far, now at startProcess: building log message
02-16 19:31:10.297   751   782 I ActivityManager: Start proc 2867:com.google.android.webview:webview_service/u0a180 for service {com.google.android.webview/org.chromium.android_webview.services.VariationsSeedServer}
02-16 19:31:10.297   751   782 W ActivityManager: Slow operation: 204ms so far, now at startProcess: starting to update pids map
02-16 19:31:10.297   751   782 W ActivityManager: Slow operation: 204ms so far, now at startProcess: done updating pids map
02-16 19:31:10.297   751   782 W ActivityManager: Slow operation: 119ms so far, now at startProcess: asking zygote to start proc
02-16 19:31:10.304   751  1806 D CompatChangeReporter: Compat change id reported: 261072174; UID 10230; state: ENABLED
02-16 19:31:10.317  1053  1053 W webview_zygote: Waiting for a thread to finish unregistering
02-16 19:31:10.317  1053  1053 W webview_zygote: Waiting for a thread to finish unregistering
02-16 19:31:10.319  1053  1053 I Zygote  : Entering forkRepeatedly native zygote loop
02-16 19:31:10.325  1053  1053 D Zygote  : Forked child process 2890
02-16 19:31:10.329  2890  2890 E libc    : SetHeapTaggingLevel: re-enabling tagging after it was disabled is not supported
02-16 19:31:10.331  2890  2890 I Zygote  : Process 2890 created for com.google.android.webview:sandboxed_process0:org.chromium.content.app.SandboxedProcessService0:0
02-16 19:31:10.332  2890  2890 I ocessService0:0: Using CollectorTypeCMC GC.
02-16 19:31:10.345  2138  2269 I DialerRefreshAnnotatedCallLogWorker: com.android.dialer.calllog.refresh.impl.RefreshAnnotatedCallLogWorker.rebuild:241 applying mutations
02-16 19:31:10.346  2138  2269 I DialerRefreshAnnotatedCallLogWorker: com.android.dialer.calllog.refresh.impl.RefreshAnnotatedCallLogWorker.rebuild:255 coalescing call history
02-16 19:31:10.368   751   782 W ActivityManager: Slow operation: 190ms so far, now at startProcess: returned from zygote!
02-16 19:31:10.378   751   782 W ActivityManager: Slow operation: 200ms so far, now at startProcess: done updating battery stats
02-16 19:31:10.385  2890  2890 D nativeloader: Load libframework-connectivity-tiramisu-jni.so using APEX ns com_android_tethering for caller /apex/com.android.tethering/javalib/framework-connectivity-t.jar: ok
02-16 19:31:10.387   751   782 W ActivityManager: Slow operation: 209ms so far, now at startProcess: building log message
02-16 19:31:10.387   751   782 I ActivityManager: Start proc 2890:com.google.android.webview:sandboxed_process0:org.chromium.content.app.SandboxedProcessService0:0/u0ai9000 for  {com.kurye.pro/org.chromium.content.app.SandboxedProcessService0:0}
02-16 19:31:10.387   751   782 W ActivityManager: Slow operation: 209ms so far, now at startProcess: starting to update pids map
02-16 19:31:10.390   751   782 W ActivityManager: Slow operation: 213ms so far, now at startProcess: done updating pids map
02-16 19:31:10.408  1541  1709 I AiAiEcho: Predicting[0]:  [CONTEXT sampling_count=5 ]
02-16 19:31:10.410  2138  2292 I DialerRefreshAnnotatedCallLogWorker: com.android.dialer.calllog.refresh.impl.RefreshAnnotatedCallLogWorker.rebuild:264 coalescing conversation history
02-16 19:31:10.410  1541  1709 I AiAiEcho: EchoTargets: 
02-16 19:31:10.410  1541  1709 I AiAiEcho: Filtered by AiAi flag check: 
02-16 19:31:10.410  1541  1709 I AiAiEcho: [CONTEXT ratelimit_period="10 SECONDS" ]
02-16 19:31:10.444  1541  1709 I AiAiEcho: #remoteViewsTwiddler: feature disabled.
02-16 19:31:10.487   751  1870 W ActivityManager: Slow operation: 53ms so far, now at attachApplicationLocked: immediately after bindApplication
02-16 19:31:10.487   751  1870 W ActivityManager: Slow operation: 53ms so far, now at attachApplicationLocked: after updateLruProcessLocked
02-16 19:31:10.505  2138  2269 I DialerCallRecordingDataSource: com.android.dialer.callrecording.impl.calllog.CallRecordingDataSource.onSuccessfulFill:201 enter
02-16 19:31:10.512  1275  2604 I NearbyDiscovery: (REDACTED) Show notifications: %d total, no changes since last shown, no-op.
02-16 19:31:10.513   751  1870 W ActivityManager: Slow operation: 79ms so far, now at attachApplicationLocked: after updateOomAdjLocked
02-16 19:31:10.516  1541  1709 I AiAiEcho: Predicting[0]:  [CONTEXT sampling_count=5 ]
02-16 19:31:10.534  1541  1709 I AiAiEcho: EchoTargets: 
02-16 19:31:10.534  1541  1709 I AiAiEcho: Filtered by AiAi flag check: 
02-16 19:31:10.534  1541  1709 I AiAiEcho: [CONTEXT ratelimit_period="10 SECONDS" ]
02-16 19:31:10.534   751  1092 W ActivityManager: Unable to start service Intent { act=grpc.io.action.BIND xflg=0x4 cmp=com.google.android.apps.photos/.curatedwallpapers.apiservice.PhotosCuratedWallpapersApiService } U=0: not found
02-16 19:31:10.535   751  1875 W ActivityManager: Unbind failed: could not find connection for android.os.BinderProxy@c2744e8
02-16 19:31:10.548  2807  2880 E DocsApplication: from onCreate Completable for sending summary about blocked SyncRequests
02-16 19:31:10.548  2807  2880 E DocsApplication: java.lang.IllegalStateException
02-16 19:31:10.548  2807  2880 E DocsApplication: 	at gfz.i(PG:64)
02-16 19:31:10.548  2807  2880 E DocsApplication: 	at fsx.lambda$onCreate$2(PG:281)
02-16 19:31:10.548  2807  2880 E DocsApplication: 	at fsx.$r8$lambda$M-tqsz8QJK2QrqieVTlg-c3Lhbo(PG:1)
02-16 19:31:10.548  2807  2880 E DocsApplication: 	at ffo$2.run(PG:12)
02-16 19:31:10.548  2807  2880 E DocsApplication: 	at yhx.d(PG:13)
02-16 19:31:10.548  2807  2880 E DocsApplication: 	at yfl.e(PG:3)
02-16 19:31:10.548  2807  2880 E DocsApplication: 	at yif$a.run(PG:3)
02-16 19:31:10.548  2807  2880 E DocsApplication: 	at yfv$a.run(PG:10)
02-16 19:31:10.548  2807  2880 E DocsApplication: 	at ylu.run(PG:14)
02-16 19:31:10.548  2807  2880 E DocsApplication: 	at ylu.call(PG:1)
02-16 19:31:10.548  2807  2880 E DocsApplication: 	at java.util.concurrent.FutureTask.run(FutureTask.java:317)
02-16 19:31:10.548  2807  2880 E DocsApplication: 	at java.util.concurrent.ScheduledThreadPoolExecutor$ScheduledFutureTask.run(ScheduledThreadPoolExecutor.java:348)
02-16 19:31:10.548  2807  2880 E DocsApplication: 	at java.util.concurrent.ThreadPoolExecutor.runWorker(ThreadPoolExecutor.java:1154)
02-16 19:31:10.548  2807  2880 E DocsApplication: 	at java.util.concurrent.ThreadPoolExecutor$Worker.run(ThreadPoolExecutor.java:652)
02-16 19:31:10.548  2807  2880 E DocsApplication: 	at java.lang.Thread.run(Thread.java:1564)
02-16 19:31:10.550  1990  1996 W earchbox:search: Suspending all threads took: 11.390ms
02-16 19:31:10.557  1541  1709 I AiAiEcho: #remoteViewsTwiddler: feature disabled.
02-16 19:31:10.557  2213  2213 W Bugle   : EmojiCompat initialization failed
02-16 19:31:10.557  2213  2213 W Bugle   : java.lang.RuntimeException: fetchFonts result is not OK. (2)
02-16 19:31:10.557  2213  2213 W Bugle   : 	at loq.run(PG:340)
02-16 19:31:10.557  2213  2213 W Bugle   : 	at android.os.Handler.handleCallback(Handler.java:1070)
02-16 19:31:10.557  2213  2213 W Bugle   : 	at android.os.Handler.dispatchMessage(Handler.java:125)
02-16 19:31:10.557  2213  2213 W Bugle   : 	at android.os.Looper.dispatchMessage(Looper.java:333)
02-16 19:31:10.557  2213  2213 W Bugle   : 	at android.os.Looper.loopOnce(Looper.java:263)
02-16 19:31:10.557  2213  2213 W Bugle   : 	at android.os.Looper.loop(Looper.java:367)
02-16 19:31:10.557  2213  2213 W Bugle   : 	at android.os.HandlerThread.run(HandlerThread.java:139)
02-16 19:31:10.566  1541  1709 I AiAiEcho: Predicting[0]:  [CONTEXT sampling_count=5 ]
02-16 19:31:10.579  1541  1709 I AiAiEcho: EchoTargets: 
02-16 19:31:10.579  1541  1709 I AiAiEcho: Filtered by AiAi flag check: 
02-16 19:31:10.579  1541  1709 I AiAiEcho: [CONTEXT ratelimit_period="10 SECONDS" ]
02-16 19:31:10.579  1541  1709 I AiAiEcho: #remoteViewsTwiddler: feature disabled.
02-16 19:31:10.585  2867  2867 W webview_service: Failed to find entry 'classes.dex': Entry not found
02-16 19:31:10.603  1275  2604 W NearbyDiscovery: Runnable[PureOffloadFastPairScanner] was delayed for 00:06.120 [CONTEXT service_id=265 ]
02-16 19:31:10.603  1275  2604 W NearbyDiscovery: Runnable[subscribe] was delayed for 00:05.074 [CONTEXT service_id=265 ]
02-16 19:31:10.603  1275  2604 W NearbyDiscovery: Runnable[subscribe] was delayed for 00:05.074 [CONTEXT service_id=265 ]
02-16 19:31:10.603  1275  1275 D BoundBrokerSvc: onBind: Intent { act=com.google.android.gms.nearby.sharing.START_SERVICE dat=chimera-action:/... xflg=0x4 cmp=com.google.android.gms/.chimera.PersistentApiServiceNoInstantApps }
02-16 19:31:10.603  1275  1275 D BoundBrokerSvc: Loading bound service for intent: Intent { act=com.google.android.gms.nearby.sharing.START_SERVICE dat=chimera-action:/... xflg=0x4 cmp=com.google.android.gms/.chimera.PersistentApiServiceNoInstantApps }
02-16 19:31:10.603  1275  2377 W ProviderHelper: Unknown dynamite feature providerinstaller.dynamite
02-16 19:31:10.603  1275  2377 I DynamiteModule: Considering local module com.google.android.gms.providerinstaller.dynamite:1 and remote module com.google.android.gms.providerinstaller.dynamite:0
02-16 19:31:10.603  1275  2377 I DynamiteModule: Selected local version of com.google.android.gms.providerinstaller.dynamite
02-16 19:31:10.619  2867  2867 D nativeloader: Configuring clns-9 for other apk /data/app/~~2WOZ5PtytcKpA0_ysQCbNg==/com.google.android.trichromelibrary_699813532-8no3WzDHzLvpsA_mY4t0Og==/TrichromeLibrary.apk. target_sdk_version=35, uses_libraries=ALL, library_path=/data/app/~~9skUjwn2vaqELNdflqZ-dg==/com.google.android.webview-3G8B7BN7p1RFFDVJB-l3YQ==/lib/arm64:/data/app/~~9skUjwn2vaqELNdflqZ-dg==/com.google.android.webview-3G8B7BN7p1RFFDVJB-l3YQ==/WebViewGoogle.apk!/lib/arm64-v8a:/data/app/~~2WOZ5PtytcKpA0_ysQCbNg==/com.google.android.trichromelibrary_699813532-8no3WzDHzLvpsA_mY4t0Og==/TrichromeLibrary.apk!/lib/arm64-v8a, permitted_path=/data:/mnt/expand:/data/user/0/com.google.android.webview
02-16 19:31:10.620  2867  2867 D ApplicationLoaders: Returning zygote-cached class loader: /system_ext/framework/androidx.window.extensions.jar
02-16 19:31:10.622  2593  2660 I TrainerGrpcBindableService: Cancelling training succeeded [population=aiai/playstore/ambientcontext, session=ambientcontext]
02-16 19:31:10.632  1990  2176 I apdw    : (REDACTED) Provider package not found: %s
02-16 19:31:10.636   751   946 D BackgroundInstallControlService: Package event received: 0
02-16 19:31:10.643  1541  1709 I AiAiEcho: #postPredictionTargets: Sending updates to UISurface lockscreen with targets# 0 (types=[])
02-16 19:31:10.678  2890  2890 D ApplicationLoaders: Returning zygote-cached class loader: /system_ext/framework/androidx.window.extensions.jar
02-16 19:31:10.678  2890  2890 D CompatChangeReporter: Compat change id reported: 202956589; UID 99000; state: ENABLED
02-16 19:31:10.679  1541  1709 I AiAiEcho: #postPredictionTargets: Sending updates to UISurface home with targets# 0 (types=[])
02-16 19:31:10.696  1541  1709 I AiAiEcho: #postPredictionTargets: Sending updates to UISurface lockscreen with targets# 0 (types=[])
02-16 19:31:10.709  1154  1154 D SsBaseTemplateCard: Passed-in item info is null
02-16 19:31:10.709  1154  1154 D SsBaseTemplateCard: Passed-in item info is null
02-16 19:31:10.709  1154  1154 D SsBaseTemplateCard: Passed-in item info is null
02-16 19:31:10.709  1154  1154 D SsBaseTemplateCard: Passed-in item info is null
02-16 19:31:10.709  1154  1154 I SsBaseTemplateCard: Secondary card pane is null
02-16 19:31:10.711  1541  1709 I AiAiEcho: #postPredictionTargets: Sending updates to UISurface home with targets# 0 (types=[])
02-16 19:31:10.712  2867  2867 I webview_service: Could not load runtime generated app image: Boot image checksum mismatch (0xe920faeb != 0xaf0aa0de) in image /data/user/0/com.google.android.webview/cache/oat_primary/arm64/WebViewGoogle.art
02-16 19:31:10.713  2867  2867 D nativeloader: Configuring clns-10 for other apk /data/app/~~9skUjwn2vaqELNdflqZ-dg==/com.google.android.webview-3G8B7BN7p1RFFDVJB-l3YQ==/WebViewGoogle.apk. target_sdk_version=35, uses_libraries=, library_path=/data/app/~~9skUjwn2vaqELNdflqZ-dg==/com.google.android.webview-3G8B7BN7p1RFFDVJB-l3YQ==/lib/arm64:/data/app/~~9skUjwn2vaqELNdflqZ-dg==/com.google.android.webview-3G8B7BN7p1RFFDVJB-l3YQ==/WebViewGoogle.apk!/lib/arm64-v8a:/data/app/~~2WOZ5PtytcKpA0_ysQCbNg==/com.google.android.trichromelibrary_699813532-8no3WzDHzLvpsA_mY4t0Og==/TrichromeLibrary.apk!/lib/arm64-v8a, permitted_path=/data:/mnt/expand:/data/user/0/com.google.android.webview
02-16 19:31:10.718  2867  2867 D CompatChangeReporter: Compat change id reported: 202956589; UID 10180; state: ENABLED
02-16 19:31:10.722  2890  2890 I LoadedApk: No resource references to update in package com.google.android.trichromelibrary
02-16 19:31:10.724  1154  1154 D SsBaseTemplateCard: Passed-in item info is null
02-16 19:31:10.724  1154  1154 D SsBaseTemplateCard: Passed-in item info is null
02-16 19:31:10.724  1154  1154 D SsBaseTemplateCard: Passed-in item info is null
02-16 19:31:10.724  1154  1154 D SsBaseTemplateCard: Passed-in item info is null
02-16 19:31:10.724  1154  1154 I SsBaseTemplateCard: Secondary card pane is null
02-16 19:31:10.729  1990  2176 I apdw    : (REDACTED) Provider package not found: %s
02-16 19:31:10.735  2890  2890 I cr_WebViewApkApp: version=134.0.6998.135 (699813532) minSdkVersion=29 isBundle=false processName=com.google.android.webview:sandboxed_process0:org.chromium.content.app.SandboxedProcessService0:0
02-16 19:31:10.745  2213  2477 D WM-SystemJobScheduler: Scheduling work ID a8ea1ceb-6a0f-49e7-85ad-3fb59a3d7360Job ID 1580
02-16 19:31:10.764  2890  2890 I cr_ChildProcessService: Creating new ChildProcessService pid=2890
02-16 19:31:10.768  2867  2867 V GraphicsEnvironment: Currently set values for:
02-16 19:31:10.768  2867  2867 V GraphicsEnvironment:   angle_gl_driver_selection_pkgs=[]
02-16 19:31:10.768  2867  2867 V GraphicsEnvironment:   angle_gl_driver_selection_values=[]
02-16 19:31:10.768  2867  2867 V GraphicsEnvironment: com.google.android.webview is not listed in per-application setting
02-16 19:31:10.768  2867  2867 V GraphicsEnvironment: ANGLE allowlist from config: com.dreamgames.royalmatch com.dts.freefiremax com.dxx.firenow com.gramgames.mergedragons com.ludo.king com.mojang.minecraftpe com.my.defense com.nintendo.zaka com.os.airforce com.playrix.fishdomdd.gplay io.teslatech.callbreak jp.konami.prospia net.peakgames.toonblast
02-16 19:31:10.768  2867  2867 V GraphicsEnvironment: No special selections for ANGLE, returning default driver choice
02-16 19:31:10.768  2867  2867 V GraphicsEnvironment: Neither updatable production driver nor prerelease driver is supported.
02-16 19:31:10.768   751   946 D BackgroundInstallControlService: Package event received: 0
02-16 19:31:10.788  2867  2867 I LoadedApk: No resource references to update in package com.google.android.trichromelibrary
02-16 19:31:10.788  1990  2245 I apdw    : (REDACTED) Provider package %s enabled: %s
02-16 19:31:10.788  1990  2245 I apdw    : (REDACTED) Provider package %s enabled: %s
02-16 19:31:10.789  1990  2245 I apdw    : (REDACTED) Provider package %s enabled: %s
02-16 19:31:10.790  1990  2245 I apdw    : (REDACTED) Provider package %s enabled: %s
02-16 19:31:10.790  1990  2245 I ajks    : (REDACTED) FCF System FeatureName to check: %s
02-16 19:31:10.791  2867  2867 I cr_WebViewApkApp: version=134.0.6998.135 (699813532) minSdkVersion=29 isBundle=false processName=com.google.android.webview:webview_service
02-16 19:31:10.793  1990  2245 I ajks    : (REDACTED) FCF: Device model check status : %s
02-16 19:31:10.793  1990  2245 I apbq    : getRequiredCapabilities: Bypassed, feature disabled.
02-16 19:31:10.794  1990  2245 I apdw    : (REDACTED) Provider package not found: %s
02-16 19:31:10.794  1990  2245 I apdw    : (REDACTED) Provider package %s enabled: %s
02-16 19:31:10.794  1990  2245 I CameraManagerGlobal: Connecting to camera service
02-16 19:31:10.798  1990  2176 I apdw    : (REDACTED) Provider package %s enabled: %s
02-16 19:31:10.798  1990  2176 I apdw    : (REDACTED) Provider package %s enabled: %s
02-16 19:31:10.802  1990  2176 I apdw    : (REDACTED) Provider package %s enabled: %s
02-16 19:31:10.802  1990  2176 I apdw    : (REDACTED) Provider package %s enabled: %s
02-16 19:31:10.802  1990  2176 I ajks    : (REDACTED) FCF System FeatureName to check: %s
02-16 19:31:10.802  1990  2176 I ajks    : (REDACTED) FCF: Device model check status : %s
02-16 19:31:10.802  1990  2176 I apbq    : getRequiredCapabilities: Bypassed, feature disabled.
02-16 19:31:10.802  1990  2176 I apdw    : (REDACTED) Provider package %s enabled: %s
02-16 19:31:10.815  1990  2122 D WM-SystemJobScheduler: Reconciling jobs
02-16 19:31:10.877  2065  2065 I Finsky  : [2] setup::RES: shouldRecoverRestoredPackages: versionCodeSystem 84793030
02-16 19:31:10.894  2065  2065 I Finsky  : [2] Detected restoreservicev2://recovery not needed, will not run
02-16 19:31:10.905  2213  2477 D WM-SystemJobScheduler: Scheduling work ID a4cfdb87-ee1a-45f6-b419-77aae206fbb7Job ID 1551
02-16 19:31:10.918  1275  2604 I Nearby  : (REDACTED) is blocked device type %s, isAuto=%s, isIot=%s, isLatchsky=%s, isChinaWearable=%s, isTv=%s, isWearable=%s (supportWearOs=%s), isChromeOsDevice=%s (supportChromeOs=%s)
02-16 19:31:10.935   751   761 I system_server: Background concurrent mark compact GC freed 44MB AllocSpace bytes, 50(1524KB) LOS objects, 36% free, 41MB/65MB, paused 54.926ms,59.874ms total 6.878s
02-16 19:31:10.940  1541  2247 I TrainerClient: Preparing to schedule training for population:aiai/playstore/pecanmessageevents session_name:pecanmessageevents
02-16 19:31:10.941  1275  2377 I TrafficStats: tagSocketFd(-1, 1031, -1) failed with errno-9
02-16 19:31:10.943   751  1806 D OomAdjuster: Not killing cached processes
02-16 19:31:10.945  2593  2775 I FederatedTrainingScheduler: Cancelling training for population:aiai/playstore/pecanmessageevents session_name:pecanmessageevents
02-16 19:31:10.981   751   946 D BackgroundInstallControlService: Package event received: 0
02-16 19:31:10.982  1541  1709 I AiAiEcho: Predicting[0]:  [CONTEXT sampling_count=5 ]
02-16 19:31:10.995  1541  1709 I AiAiEcho: EchoTargets: 
02-16 19:31:10.995  1541  1709 I AiAiEcho: Filtered by AiAi flag check: 
02-16 19:31:10.995  1541  1709 I AiAiEcho: [CONTEXT ratelimit_period="10 SECONDS" ]
02-16 19:31:10.995  1541  1709 I AiAiEcho: #remoteViewsTwiddler: feature disabled.
02-16 19:31:10.997   751  1092 D ConnectivityService: requestNetwork for uid/pid:10163/2807 activeRequest: null callbackRequest: 121 [NetworkRequest [ REQUEST id=122, [ Capabilities: INTERNET&NOT_RESTRICTED&TRUSTED&NOT_VCN_MANAGED&NOT_BANDWIDTH_CONSTRAINED Uid: 10163 RequestorUid: 10163 RequestorPkg: com.google.android.apps.docs UnderlyingNetworks: Null] ]] callback flags: 0 order: 2147483647 isUidTracked: false declaredMethods: AVAIL|LOST|UNAVAIL|NC
02-16 19:31:11.010  1541  1709 I AiAiEcho: Predicting[0]:  [CONTEXT sampling_count=5 ]
02-16 19:31:11.010  1541  1709 I AiAiEcho: EchoTargets: 
02-16 19:31:11.010  1541  1709 I AiAiEcho: Filtered by AiAi flag check: 
02-16 19:31:11.010  1541  1709 I AiAiEcho: [CONTEXT ratelimit_period="10 SECONDS" ]
02-16 19:31:11.010  1541  1709 I AiAiEcho: #remoteViewsTwiddler: feature disabled.
02-16 19:31:11.024   751   892 I HalDevMgr: bestIfaceCreationProposal is null, requestIface=STA, existingIface=[name=wlan0 type=STA]
02-16 19:31:11.035   751  1873 D ConnectivityService: requestNetwork for uid/pid:10230/2826 activeRequest: null callbackRequest: 123 [NetworkRequest [ REQUEST id=124, [ Capabilities: INTERNET&NOT_RESTRICTED&TRUSTED&NOT_VCN_MANAGED&NOT_BANDWIDTH_CONSTRAINED Uid: 10230 RequestorUid: 10230 RequestorPkg: com.kurye.pro UnderlyingNetworks: Null] ]] callback flags: 0 order: 2147483647 isUidTracked: false declaredMethods: AVAIL|LOST|NC|LP
02-16 19:31:11.040   751   946 D BackgroundInstallControlService: Package event received: 0
02-16 19:31:11.052  2065  2927 I Finsky  : [107] registerListener
