02-16 19:31:13.009  1589  3012 I LocationHistory: [IntentOperation] Device settings changed to ENABLED. Scheduling periodic tasks. [CONTEXT service_id=314 ]
02-16 19:31:13.013  1589  3012 I SemanticLocation: (REDACTED) [Scheduler] Periodic Task %s.%s is scheduled to run %s
02-16 19:31:13.016  2945  2945 V GraphicsEnvironment:   angle_gl_driver_selection_pkgs=[]
02-16 19:31:13.016  2945  2945 V GraphicsEnvironment:   angle_gl_driver_selection_values=[]
02-16 19:31:13.016  2945  2945 V GraphicsEnvironment: com.android.chrome is not listed in per-application setting
02-16 19:31:13.016  2945  2945 V GraphicsEnvironment: ANGLE allowlist from config: com.dreamgames.royalmatch com.dts.freefiremax com.dxx.firenow com.gramgames.mergedragons com.ludo.king com.mojang.minecraftpe com.my.defense com.nintendo.zaka com.os.airforce com.playrix.fishdomdd.gplay io.teslatech.callbreak jp.konami.prospia net.peakgames.toonblast
02-16 19:31:13.016  2945  2945 V GraphicsEnvironment: No special selections for ANGLE, returning default driver choice
02-16 19:31:13.016  2945  2945 V GraphicsEnvironment: Neither updatable production driver nor prerelease driver is supported.
02-16 19:31:13.028  1275  1275 I GCoreUlr: Unbound from all signal providers.
02-16 19:31:13.031  1275  1275 I GCoreUlr: Stopping handler for UlrDispSvcFast
02-16 19:31:13.051  2945  2945 I LoadedApk: No resource references to update in package com.google.android.trichromelibrary
02-16 19:31:13.051  1275  1286 I FontLog : (REDACTED) Font PFD returned from cache for %s
02-16 19:31:13.056  1275  1286 I FontLog : (REDACTED) Fetch %s end status %s
02-16 19:31:13.080  1938  1944 W ndroid.keychain: userfaultfd: MOVE ioctl seems unsupported: Connection timed out
02-16 19:31:13.082  1275  1286 I FontLog : (REDACTED) Pulling font file for id = %d, cache size = %d
02-16 19:31:13.105  1990  2245 I arlr    : OptInSetting is UNKNOWN or UNRECOGNIZED [CONTEXT ratelimit_period="10 SECONDS" ]
02-16 19:31:13.128  2826  2835 I com.kurye.pro: Compiler allocated 5145KB to compile void android.view.ViewRootImpl.performTraversals()
02-16 19:31:13.131  2945  2945 I cr_SplitCompatApp: version=134.0.6998.135 (699813532) minSdkVersion=29 isBundle=false processName=com.android.chrome isIsolatedProcess=false
02-16 19:31:13.162  1589  3012 I SemanticLocation: (REDACTED) [Scheduler] Housekeeping Task %s.%s is scheduled to run at cadence %s
02-16 19:31:13.164  1117  1309 I bt_shim_scanner: system/main/shim/le_scanning_manager.cc:150 Scan: in shim layer stopped
02-16 19:31:13.179  1117  1293 I bluetooth: system/gd/hci/le_address_manager.cc:277 unregister_client: Client unregistered
02-16 19:31:13.179  1117  1293 I bluetooth: system/gd/hci/le_address_manager.cc:292 unregister_client: Cancelled address rotation alarm
02-16 19:31:13.196  2976  2976 I MultiDex: VM with version 2.1.0 has multidex support
02-16 19:31:13.196  2976  2976 I MultiDex: Installing application
02-16 19:31:13.196  2976  2976 I MultiDex: VM has multidex support, MultiDex support library is disabled.
02-16 19:31:13.228  1117  1309 I bt_shim_scanner: system/main/shim/le_scanning_manager.cc:319 SetScanParameters: in shim layer, scannerId1m=1, scannerIdCoded=0
02-16 19:31:13.228  1117  1309 I bt_shim_scanner: system/main/shim/le_scanning_manager.cc:150 Scan: in shim layer started
02-16 19:31:13.230  1589  3012 I SemanticLocation: (REDACTED) [Scheduler] Periodic Task %s.%s is scheduled to run %s
02-16 19:31:13.231  1117  1293 I bluetooth: system/gd/hci/le_scanning_manager_impl.cc:623 stop_scan: Scanning already stopped, return!
02-16 19:31:13.234  1117  1293 I bluetooth: system/gd/hci/le_address_manager.cc:581 GetNextPrivateAddressIntervalRange: client=LeAddressManager, nonwake=8m37s, wake=13m16s
02-16 19:31:13.234  1117  1293 I bluetooth: system/gd/hci/le_address_manager.cc:258 register_client: Scheduled address rotation for first client registered
02-16 19:31:13.234  1117  1293 I bluetooth: system/gd/hci/le_address_manager.cc:262 register_client: Client registered
02-16 19:31:13.236  1589  3012 I SemanticLocation: (REDACTED) [Scheduler] Housekeeping Task %s.%s is scheduled to run at cadence %s
02-16 19:31:13.239  1004  1004 D ControlsListingControllerImpl: ServiceConfig reloaded, count: 0
02-16 19:31:13.253   751  1797 W AlarmManager: No in-flight alarm for listener android.os.BinderProxy@7cfa45c
02-16 19:31:13.254  1589  3012 I SemanticLocation: (REDACTED) [Scheduler] Periodic Task %s.%s is scheduled to run %s
02-16 19:31:13.269  1004  1220 I PluginActionManager[com.android.systemui.action.FALSING_PLUGIN]: Found 0 plugins
02-16 19:31:13.270  1004  1220 I PluginActionManager[com.android.systemui.action.PLUGIN_SENSOR_MANAGER]: Found 0 plugins
02-16 19:31:13.270  1004  1220 I PluginActionManager[com.android.systemui.action.PLUGIN_AUTH_CONTEXT]: Found 0 plugins
02-16 19:31:13.270  1004  1220 I PluginActionManager[com.android.systemui.action.PLUGIN_VOLUME]: Found 0 plugins
02-16 19:31:13.270  1004  1220 I PluginActionManager[com.android.systemui.action.PLUGIN_TOAST]: Found 0 plugins
02-16 19:31:13.270  1004  1220 I PluginActionManager[com.android.systemui.action.PLUGIN_GLOBAL_ACTIONS]: Found 0 plugins
02-16 19:31:13.270  1004  1220 I PluginActionManager[com.android.systemui.action.PLUGIN_QS]: Found 0 plugins
02-16 19:31:13.276  1004  1220 I PluginActionManager[com.android.systemui.action.PLUGIN_NOTIFICATION_ASSISTANT]: Found 0 plugins
02-16 19:31:13.276  1004  1220 I PluginActionManager[com.android.systemui.action.PLUGIN_OVERLAY]: Found 0 plugins
02-16 19:31:13.276   751   781 I ActivityManager: Waited long enough for: ServiceRecord{175732e u0 com.android.settings/.SettingsDumpService c:com.android.settings}
02-16 19:31:13.278  1589  3012 I SemanticLocation: (REDACTED) [Scheduler] Housekeeping Task %s.%s is scheduled to run at cadence %s
02-16 19:31:13.298  1589  3012 I SemanticLocation: (REDACTED) [Scheduler] Housekeeping Task %s.%s is scheduled to run at cadence %s
02-16 19:31:13.312  1589  3012 I SemanticLocation: (REDACTED) [Scheduler] Periodic Task %s.%s is scheduled to run %s
02-16 19:31:13.329  1589  3012 I SemanticLocation: (REDACTED) [Scheduler] Periodic Task %s.%s is scheduled to run %s
02-16 19:31:13.329  1589  3012 I SemanticLocation: (REDACTED) [Scheduler] Housekeeping Task %s.%s is scheduled to run at cadence %s
02-16 19:31:13.329  1589  3012 I SemanticLocation: (REDACTED) [Scheduler] Housekeeping Task %s.%s is scheduled to run at cadence %s
02-16 19:31:13.338  1589  1894 I native  : I0000 00:00:1771259473.265633    1894 permission-checker.cc:82] Creating PermissionChecker based on ACL with config_version 1 having 9 permissions defined.
02-16 19:31:13.338  1004  1220 I PluginActionManager[com.android.systemui.action.FALSING_PLUGIN]: Found 0 plugins
02-16 19:31:13.338  1004  1220 I PluginActionManager[com.android.systemui.action.PLUGIN_SENSOR_MANAGER]: Found 0 plugins
02-16 19:31:13.341  1004  1220 I PluginActionManager[com.android.systemui.action.PLUGIN_AUTH_CONTEXT]: Found 0 plugins
02-16 19:31:13.341  1004  1220 I PluginActionManager[com.android.systemui.action.PLUGIN_VOLUME]: Found 0 plugins
02-16 19:31:13.341  1004  1220 I PluginActionManager[com.android.systemui.action.PLUGIN_TOAST]: Found 0 plugins
02-16 19:31:13.341  1004  1220 I PluginActionManager[com.android.systemui.action.PLUGIN_GLOBAL_ACTIONS]: Found 0 plugins
02-16 19:31:13.341  1004  1220 I PluginActionManager[com.android.systemui.action.PLUGIN_QS]: Found 0 plugins
02-16 19:31:13.341  1004  1220 I PluginActionManager[com.android.systemui.action.PLUGIN_NOTIFICATION_ASSISTANT]: Found 0 plugins
02-16 19:31:13.341  1004  1220 I PluginActionManager[com.android.systemui.action.PLUGIN_OVERLAY]: Found 0 plugins
02-16 19:31:13.342  1004  1004 D ControlsListingControllerImpl: ServiceConfig reloaded, count: 0
02-16 19:31:13.347  2593  2775 I FederatedTrainingScheduler: Cancelling training for population:aiai/playstore/search session_name:search
02-16 19:31:13.355  1004  1004 D TileServices: Couldn't find tile for ComponentInfo{com.google.android.apps.wellbeing/com.google.android.apps.wellbeing.screen.ui.GrayscaleTileService}(0)
02-16 19:31:13.355  1589  3012 I SemanticLocation: (REDACTED) [Scheduler] Housekeeping Task %s.%s is scheduled to run at cadence %s
02-16 19:31:13.356  1589  3012 I SemanticLocation: (REDACTED) [Scheduler] Periodic Task %s.%s is scheduled to run %s
02-16 19:31:13.356  1589  3012 I SemanticLocation: (REDACTED) [Scheduler] Housekeeping Task %s.%s is scheduled to run at cadence %s
02-16 19:31:13.356  1589  3012 I SemanticLocation: (REDACTED) [Scheduler] Housekeeping Task %s.%s is scheduled to run at cadence %s
02-16 19:31:13.356  1589  3012 I SemanticLocation: (REDACTED) [Scheduler] Housekeeping Task %s.%s is scheduled to run at cadence %s
02-16 19:31:13.383  1589  1894 W native  : W0000 00:00:1771259473.383920    1894 words-map.cc:34] INVALID_ARGUMENT: Empty URI
02-16 19:31:13.384  1589  1894 W native  : W0000 00:00:1771259473.384286    1894 words-map.cc:38] WordsMap was not properly initialized
02-16 19:31:13.393  1589  3012 I SemanticLocation: (REDACTED) [Scheduler] Housekeeping Task %s.%s is scheduled to run at cadence %s
02-16 19:31:13.404  1589  3012 I SemanticLocation: (REDACTED) [Scheduler] Housekeeping Task %s.%s is scheduled to run at cadence %s
02-16 19:31:13.415  1589  3012 I SemanticLocation: (REDACTED) [Scheduler] Housekeeping Task %s.%s is scheduled to run at cadence %s
02-16 19:31:13.429  2826  2988 E FrameEvents: addLatch: Did not find frame.
02-16 19:31:13.429  2826  2988 E FrameEvents: addRelease: Did not find frame.
02-16 19:31:13.429  2826  2988 E FrameEvents: addPreComposition: Did not find frame.
02-16 19:31:13.429  2826  2988 E FrameEvents: addPostComposition: Did not find frame.
02-16 19:31:13.429  2826  2843 E FrameEvents: addLatch: Did not find frame.
02-16 19:31:13.429  2826  2843 E FrameEvents: addRelease: Did not find frame.
02-16 19:31:13.430  2826  2843 E FrameEvents: addPreComposition: Did not find frame.
02-16 19:31:13.430  2826  2843 E FrameEvents: addPostComposition: Did not find frame.
02-16 19:31:13.430  2826  2843 E FrameEvents: addLatch: Did not find frame.
02-16 19:31:13.430  2826  2843 E FrameEvents: addRelease: Did not find frame.
02-16 19:31:13.430  2826  2843 E FrameEvents: addPreComposition: Did not find frame.
02-16 19:31:13.430  2826  2843 E FrameEvents: addPostComposition: Did not find frame.
02-16 19:31:13.430  2826  2843 E FrameEvents: addRelease: Did not find frame.
02-16 19:31:13.431  2138  2163 I .android.dialer: Background young concurrent mark compact GC freed 42MB AllocSpace bytes, 2(40KB) LOS objects, 66% free, 11MB/35MB, paused 939.804ms,166.836ms total 5.279s
02-16 19:31:13.434  1589  3012 I SemanticLocation: (REDACTED) [Scheduler] Periodic Task %s.%s is scheduled to run %s
02-16 19:31:13.445  1589  3012 I SemanticLocation: (REDACTED) [Scheduler] Housekeeping Task %s.%s is scheduled to run at cadence %s
02-16 19:31:13.458   751   970 D SystemServerTiming: getUserSwitchability-0
02-16 19:31:13.463  1275  2241 W libbinder.Binder: Binder transaction to com.google.android.auth.IAuthManagerService code 6 took 2387ms. Data bytes: 320 Reply bytes: 264 Flags: 18
02-16 19:31:13.464   751   970 D SystemServerTiming: TM.isInCall
02-16 19:31:13.468  1589  3012 I SemanticLocation: (REDACTED) [Scheduler] Housekeeping Task %s.%s is scheduled to run at cadence %s
02-16 19:31:13.468  1589  3012 I SemanticLocation: (REDACTED) [Scheduler] Housekeeping Task %s.%s is scheduled to run at cadence %s
02-16 19:31:13.468  1589  3012 I SemanticLocation: (REDACTED) [Scheduler] Housekeeping Task %s.%s is scheduled to run at cadence %s
02-16 19:31:13.468  1589  3012 I SemanticLocation: (REDACTED) [Scheduler] Housekeeping Task %s.%s is scheduled to run at cadence %s
02-16 19:31:13.487  1589  3012 I LocationHistory: (REDACTED) [IntentOperation] Handling action %s
02-16 19:31:13.491   751   970 D SystemServerTiming: hasUserRestriction-DISALLOW_USER_SWITCH
02-16 19:31:13.494   751   970 D SystemServerTiming: getInt-ALLOW_USER_SWITCHING_WHEN_SYSTEM_USER_LOCKED
02-16 19:31:13.495   751   970 D SystemServerTiming: isUserUnlocked-USER_SYSTEM
02-16 19:31:13.497   751   970 D SystemServerTiming: getUserSwitchability-0
02-16 19:31:13.504  1589  3012 I LocationHistory: [IntentOperation] Device settings changed to ENABLED. Scheduling periodic tasks. [CONTEXT service_id=314 ]
02-16 19:31:13.504  1589  3012 I SemanticLocation: (REDACTED) [Scheduler] Periodic Task %s.%s is scheduled to run %s
02-16 19:31:13.504  1589  3012 I SemanticLocation: (REDACTED) [Scheduler] Housekeeping Task %s.%s is scheduled to run at cadence %s
02-16 19:31:13.504  1589  3012 I SemanticLocation: (REDACTED) [Scheduler] Periodic Task %s.%s is scheduled to run %s
02-16 19:31:13.504  1589  3012 I SemanticLocation: (REDACTED) [Scheduler] Housekeeping Task %s.%s is scheduled to run at cadence %s
02-16 19:31:13.504  1589  3012 I SemanticLocation: (REDACTED) [Scheduler] Periodic Task %s.%s is scheduled to run %s
02-16 19:31:13.504  1589  3012 I SemanticLocation: (REDACTED) [Scheduler] Housekeeping Task %s.%s is scheduled to run at cadence %s
02-16 19:31:13.504  1589  3012 I SemanticLocation: (REDACTED) [Scheduler] Housekeeping Task %s.%s is scheduled to run at cadence %s
02-16 19:31:13.504  1589  3012 I SemanticLocation: (REDACTED) [Scheduler] Periodic Task %s.%s is scheduled to run %s
02-16 19:31:13.504  1589  3012 I SemanticLocation: (REDACTED) [Scheduler] Periodic Task %s.%s is scheduled to run %s
02-16 19:31:13.504  1589  3012 I SemanticLocation: (REDACTED) [Scheduler] Housekeeping Task %s.%s is scheduled to run at cadence %s
02-16 19:31:13.504  1589  3012 I SemanticLocation: (REDACTED) [Scheduler] Housekeeping Task %s.%s is scheduled to run at cadence %s
02-16 19:31:13.504  1589  3012 I SemanticLocation: (REDACTED) [Scheduler] Housekeeping Task %s.%s is scheduled to run at cadence %s
02-16 19:31:13.504  1589  3012 I SemanticLocation: (REDACTED) [Scheduler] Periodic Task %s.%s is scheduled to run %s
02-16 19:31:13.504  1589  3012 I SemanticLocation: (REDACTED) [Scheduler] Housekeeping Task %s.%s is scheduled to run at cadence %s
02-16 19:31:13.504  1589  3012 I SemanticLocation: (REDACTED) [Scheduler] Housekeeping Task %s.%s is scheduled to run at cadence %s
02-16 19:31:13.504  1589  3012 I SemanticLocation: (REDACTED) [Scheduler] Housekeeping Task %s.%s is scheduled to run at cadence %s
02-16 19:31:13.504  1589  3012 I SemanticLocation: (REDACTED) [Scheduler] Housekeeping Task %s.%s is scheduled to run at cadence %s
02-16 19:31:13.504  1589  3012 I SemanticLocation: (REDACTED) [Scheduler] Housekeeping Task %s.%s is scheduled to run at cadence %s
02-16 19:31:13.504  1589  3012 I SemanticLocation: (REDACTED) [Scheduler] Housekeeping Task %s.%s is scheduled to run at cadence %s
02-16 19:31:13.504  1589  3012 I SemanticLocation: (REDACTED) [Scheduler] Periodic Task %s.%s is scheduled to run %s
02-16 19:31:13.504  1589  3012 I SemanticLocation: (REDACTED) [Scheduler] Housekeeping Task %s.%s is scheduled to run at cadence %s
02-16 19:31:13.505  1589  3012 I SemanticLocation: (REDACTED) [Scheduler] Housekeeping Task %s.%s is scheduled to run at cadence %s
02-16 19:31:13.505  1589  3012 I SemanticLocation: (REDACTED) [Scheduler] Housekeeping Task %s.%s is scheduled to run at cadence %s
02-16 19:31:13.505  1589  3012 I SemanticLocation: (REDACTED) [Scheduler] Housekeeping Task %s.%s is scheduled to run at cadence %s
02-16 19:31:13.505  1589  3012 I SemanticLocation: (REDACTED) [Scheduler] Housekeeping Task %s.%s is scheduled to run at cadence %s
02-16 19:31:13.505   751   970 D SystemServerTiming: TM.isInCall
02-16 19:31:13.505   751   970 D SystemServerTiming: hasUserRestriction-DISALLOW_USER_SWITCH
02-16 19:31:13.506   751   970 D SystemServerTiming: getInt-ALLOW_USER_SWITCHING_WHEN_SYSTEM_USER_LOCKED
02-16 19:31:13.506   751   970 D SystemServerTiming: isUserUnlocked-USER_SYSTEM
02-16 19:31:13.515  1589  1589 D BoundBrokerSvc: onUnbind: Intent { act=com.google.android.gms.credential.manager.service.zeroparty.checkup.START dat=chimera-action:/... xflg=0x4 cmp=com.google.android.gms/.chimera.GmsApiService }
02-16 19:31:13.516   623   733 I libbinder.BpBinder: onLastStrongRef automatically unlinking death recipients for descriptor: '(not cached)'
02-16 19:31:13.520  2593  2660 I TrainerGrpcBindableService: Cancelling training succeeded [population=aiai/playstore/search, session=search]
02-16 19:31:13.534  1004  1510 W libbinder.Binder: Binder transaction to android.content.IContentProvider code 1 took 10712ms. Data bytes: 312 Reply bytes: 84 Flags: 16
02-16 19:31:13.539  2180  2206 D CustomizableLockScreenUtils: is_custom_lock_screen_quick_affordances_feature_enabled=1
02-16 19:31:13.558  1589  1866 I GmsCoreXrpcWrapper: (REDACTED) Creating a custom channel provider with trafficStatsTag=%d trafficStatsUid=%d
02-16 19:31:13.613  1004  1004 W SsPagerDots: Total number of pages invalid: 0. Assuming 1 page.
02-16 19:31:13.613  1004  1004 W SsPagerDots: Total number of pages invalid: 0. Assuming 1 page.
02-16 19:31:13.616  1004  1004 W SsPagerDots: Total number of pages invalid: 0. Assuming 1 page.
02-16 19:31:13.622  1004  1004 I Choreographer: Skipped 139 frames!  The application may be doing too much work on its main thread.
02-16 19:31:13.636  1990  1996 W earchbox:search: Suspending all threads took: 70.586ms
02-16 19:31:13.650  1990  2122 D WM-ForceStopRunnable: Found unfinished work, scheduling it.
02-16 19:31:13.690  1004  1004 D ZenModeController: Added callback class com.android.keyguard.ClockEventController$zenModeCallback$1
02-16 19:31:13.699  1589  1979 W ProviderHelper: Unknown dynamite feature providerinstaller.dynamite
02-16 19:31:13.708  1004  1004 D BiometricsRepositoryImpl: currentUser authFlags changed, new value: AuthenticationFlags(userId=0, flag=0)
02-16 19:31:13.731   751   771 W Looper  : Slow dispatch took 156ms android.fg app=system_server main=false group=FOREGROUND h=android.os.Handler c=com.android.server.power.hint.HintManagerService$MyUidObserver$$ExternalSyntheticLambda0@55f6a1d m=0
02-16 19:31:13.755  1589  1979 I DynamiteModule: Considering local module com.google.android.gms.providerinstaller.dynamite:1 and remote module com.google.android.gms.providerinstaller.dynamite:0
02-16 19:31:13.805  1275  2605 I SQLiteConnectionPool: The connection pool for /data/user/0/com.google.android.gms/databases/metadata.db has been closed but there are still 1 connections in use.  They will be closed as they are released back to the pool.
02-16 19:31:13.816  1589  1979 I DynamiteModule: Selected local version of com.google.android.gms.providerinstaller.dynamite
02-16 19:31:13.822  1541  1709 I AiAiEcho: Predicting[0]:  [CONTEXT sampling_count=5 ]
02-16 19:31:13.822  1541  1709 I AiAiEcho: EchoTargets: 
02-16 19:31:13.822  1541  1709 I AiAiEcho: Filtered by AiAi flag check: 
02-16 19:31:13.822  1541  1709 I AiAiEcho: [CONTEXT ratelimit_period="10 SECONDS" ]
02-16 19:31:13.822  1541  1709 I AiAiEcho: #remoteViewsTwiddler: feature disabled.
02-16 19:31:13.822  1541  1709 I AiAiEcho: Predicting[0]:  [CONTEXT sampling_count=5 ]
02-16 19:31:13.822  1541  1709 I AiAiEcho: EchoTargets: 
02-16 19:31:13.822  1541  1709 I AiAiEcho: Filtered by AiAi flag check: 
02-16 19:31:13.822  1541  1709 I AiAiEcho: [CONTEXT ratelimit_period="10 SECONDS" ]
02-16 19:31:13.843  1430  1435 W oadcastreceiver: userfaultfd: MOVE ioctl seems unsupported: Connection timed out
02-16 19:31:13.845   751  1876 D SystemServerTiming: getUserSwitchability-0
02-16 19:31:13.845   751  1876 D SystemServerTiming: TM.isInCall
02-16 19:31:13.855   751  1876 D SystemServerTiming: hasUserRestriction-DISALLOW_USER_SWITCH
02-16 19:31:13.855   751  1876 D SystemServerTiming: getInt-ALLOW_USER_SWITCHING_WHEN_SYSTEM_USER_LOCKED
02-16 19:31:13.855   751  1876 D SystemServerTiming: isUserUnlocked-USER_SYSTEM
02-16 19:31:13.876  2807  3033 D nativeloader: Load /product/app/Drive/Drive.apk!/lib/arm64-v8a/libcello_native.so using class loader ns product-clns-9 (caller=/product/app/Drive/Drive.apk!classes2.dex): ok
02-16 19:31:13.889  1541  1709 I AiAiEcho: #remoteViewsTwiddler: feature disabled.
02-16 19:31:13.890  1541  1709 I AiAiEcho: #postPredictionTargets: Sending updates to UISurface lockscreen with targets# 0 (types=[])
02-16 19:31:13.898  2807  3035 I Cello   : [3035:NonCelloThread] cello.cc:644:operator() got notified of network change to online
02-16 19:31:13.906  1990  2176 I arlr    : #getOobeStatus: FastTrack [CONTEXT ratelimit_period="10 SECONDS" ]
02-16 19:31:13.907  1990  2176 I ajnu    : (REDACTED) #FCF: Managed profile check status : %s
02-16 19:31:13.908  2807  3035 I Cello   : [3035:NonCelloThread] content_cache.cc:287:Initialize Content cache capacity (bytes): 107373568
02-16 19:31:13.908  2807  3035 I Cello   : [3035:NonCelloThread] content_cache.cc:303:Initialize Sparse files supported: true
02-16 19:31:13.909  2807  3035 I Cello   : [3035:NonCelloThread] content_cache.cc:390:InitializeOnIOThread Created new content cache dir [/data/user/0/com.google.android.apps.docs/app_cello/yal42d@gmail.com/content]
02-16 19:31:13.912  2807  3035 I Cello   : [3035:NonCelloThread] content_cache.cc:425:InitializeOnIOThread Cache index at: /data/user/0/com.google.android.apps.docs/app_cello/yal42d@gmail.com/content/chunks.db
02-16 19:31:13.918  2976  2976 I ibb     : SslGuard completed installation.
02-16 19:31:13.919  2807  3040 I Cello   : [3040:MetricsTransportThread-CELLO] metrics_transport.cc:471:ProcessRequestsOnBackgroundThread Metrics failed to send, drive::ds::Status::TEMPORARILY_UNAVAILABLE
02-16 19:31:13.919  2807  3035 I Cello   : [3035:NonCelloThread] content_cache.cc:287:Initialize Content cache capacity (bytes): 1073741824
02-16 19:31:13.919  2807  3035 I Cello   : [3035:NonCelloThread] content_cache.cc:303:Initialize Sparse files supported: true
02-16 19:31:13.919  2807  3035 I Cello   : [3035:NonCelloThread] content_cache.cc:390:InitializeOnIOThread Created new content cache dir [/data/user/0/com.google.android.apps.docs/app_cello/yal42d@gmail.com/export]
02-16 19:31:13.919  2807  3035 I Cello   : [3035:NonCelloThread] content_cache.cc:425:InitializeOnIOThread Cache index at: /data/user/0/com.google.android.apps.docs/app_cello/yal42d@gmail.com/export/chunks.db
02-16 19:31:13.935  2807  3035 I Cello   : [3035:NonCelloThread] token_bucket.cc:224:Create TokenBucket initialized with max_bucket_size of 300, with each request requiring 10 tokens
02-16 19:31:13.935  2807  3035 I Cello   : [3035:NonCelloThread] token_bucket.cc:224:Create TokenBucket initialized with max_bucket_size of 300, with each request requiring 10 tokens
02-16 19:31:13.935  2807  3035 I Cello   : [3035:NonCelloThread] token_bucket.cc:224:Create TokenBucket initialized with max_bucket_size of 300, with each request requiring 10 tokens
02-16 19:31:13.939  2807  3035 I Cello   : [3035:NonCelloThread] init_helper.cc:487:MaybeResyncLocalState Detected no change in default fields or default team drive fields
02-16 19:31:13.940  2807  3035 I Cello   : [3035:NonCelloThread] sync_engine.cc:2571:MaybeStartRepeatingPushTaskTimer Starting repeating push task timer with interval 30000ms
02-16 19:31:13.972  1541  1709 I AiAiEcho: #postPredictionTargets: Sending updates to UISurface home with targets# 0 (types=[])
02-16 19:31:13.973  2826  2885 E cr_AwSupervisedUserDel: Unable to determine if restricted content blocking is required. Exception: java.util.concurrent.TimeoutException
02-16 19:31:13.974   751   970 D FileUtils: Rounded bytes from 2067193856 to 4000000000
02-16 19:31:13.985  2807  3035 I Cello   : [3035:NonCelloThread] post_init_task.cc:351:ResumePinnedExportDownloads Attempting to resume downloads for pinned exports that are not fully cached
02-16 19:31:13.985  2807  3035 I Cello   : [3035:NonCelloThread] fetch_task.cc:690:RunInternal Largest local change id for My Drive at startup: 5285
02-16 19:31:14.069  1275  2633 W FontLog : Error updating last accessed time for {Google Sans, wdth 100.0, wght 500, ital 0.0, bestEffort false}, isVf false}. [CONTEXT service_id=132 ]
02-16 19:31:14.069  1275  2633 W FontLog : java.lang.IllegalStateException: Cannot perform this operation because the connection pool has been closed.
02-16 19:31:14.069  1275  2633 W FontLog : 	at android.database.sqlite.SQLiteConnectionPool.throwIfClosedLocked(SQLiteConnectionPool.java:1112)
02-16 19:31:14.069  1275  2633 W FontLog : 	at android.database.sqlite.SQLiteConnectionPool.waitForConnection(SQLiteConnectionPool.java:803)
02-16 19:31:14.069  1275  2633 W FontLog : 	at android.database.sqlite.SQLiteConnectionPool.acquireConnection(SQLiteConnectionPool.java:402)
02-16 19:31:14.069  1275  2633 W FontLog : 	at android.database.sqlite.SQLiteSession.acquireConnection(SQLiteSession.java:931)
02-16 19:31:14.069  1275  2633 W FontLog : 	at android.database.sqlite.SQLiteSession.prepare(SQLiteSession.java:623)
02-16 19:31:14.069  1275  2633 W FontLog : 	at android.database.sqlite.SQLiteProgram.<init>(SQLiteProgram.java:62)
02-16 19:31:14.069  1275  2633 W FontLog : 	at android.database.sqlite.SQLiteStatement.<init>(SQLiteStatement.java:34)
02-16 19:31:14.069  1275  2633 W FontLog : 	at android.database.sqlite.SQLiteDatabase.executeSql(SQLiteDatabase.java:2232)
02-16 19:31:14.069  1275  2633 W FontLog : 	at android.database.sqlite.SQLiteDatabase.execSQL(SQLiteDatabase.java:2209)
02-16 19:31:14.069  1275  2633 W FontLog : 	at bvgk.run(:com.google.android.gms@260235035@26.02.35 (260400-862924022):57)
02-16 19:31:14.069  1275  2633 W FontLog : 	at beqw.c(:com.google.android.gms@260235035@26.02.35 (260400-862924022):50)
02-16 19:31:14.069  1275  2633 W FontLog : 	at beqw.run(:com.google.android.gms@260235035@26.02.35 (260400-862924022):73)
02-16 19:31:14.069  1275  2633 W FontLog : 	at java.util.concurrent.ThreadPoolExecutor.runWorker(ThreadPoolExecutor.java:1154)
02-16 19:31:14.069  1275  2633 W FontLog : 	at java.util.concurrent.ThreadPoolExecutor$Worker.run(ThreadPoolExecutor.java:652)
02-16 19:31:14.069  1275  2633 W FontLog : 	at bewn.run(:com.google.android.gms@260235035@26.02.35 (260400-862924022):8)
02-16 19:31:14.069  1275  2633 W FontLog : 	at java.lang.Thread.run(Thread.java:1564)
02-16 19:31:14.069  1275  2633 W FontLog : Caused by: java.lang.Exception: SQLiteConnectionPool.close()
02-16 19:31:14.069  1275  2633 W FontLog : 	at android.database.sqlite.SQLiteConnectionPool.dispose(SQLiteConnectionPool.java:270)
02-16 19:31:14.069  1275  2633 W FontLog : 	at android.database.sqlite.SQLiteConnectionPool.close(SQLiteConnectionPool.java:250)
02-16 19:31:14.069  1275  2633 W FontLog : 	at android.database.sqlite.SQLiteDatabase.dispose(SQLiteDatabase.java:559)
02-16 19:31:14.069  1275  2633 W FontLog : 	at android.database.sqlite.SQLiteDatabase.onAllReferencesReleased(SQLiteDatabase.java:536)
02-16 19:31:14.069  1275  2633 W FontLog : 	at android.database.sqlite.SQLiteClosable.releaseReference(SQLiteClosable.java:92)
02-16 19:31:14.069  1275  2633 W FontLog : 	at android.database.sqlite.SQLiteDatabase.executeSql(SQLiteDatabase.java:2244)
02-16 19:31:14.069  1275  2633 W FontLog : 	... 8 more
02-16 19:31:14.076  1275  2728 W FontLog : Error updating last accessed time for {Noto COLR Emoji Compat, wdth 100.0, wght 400, ital 0.0, bestEffort false}, isVf false}. [CONTEXT service_id=132 ]
02-16 19:31:14.076  1275  2728 W FontLog : java.lang.IllegalStateException: Cannot perform this operation because the connection pool has been closed.
02-16 19:31:14.076  1275  2728 W FontLog : 	at android.database.sqlite.SQLiteConnectionPool.throwIfClosedLocked(SQLiteConnectionPool.java:1112)
02-16 19:31:14.076  1275  2728 W FontLog : 	at android.database.sqlite.SQLiteConnectionPool.waitForConnection(SQLiteConnectionPool.java:803)
02-16 19:31:14.076  1275  2728 W FontLog : 	at android.database.sqlite.SQLiteConnectionPool.acquireConnection(SQLiteConnectionPool.java:402)
02-16 19:31:14.076  1275  2728 W FontLog : 	at android.database.sqlite.SQLiteSession.acquireConnection(SQLiteSession.java:931)
02-16 19:31:14.076  1275  2728 W FontLog : 	at android.database.sqlite.SQLiteSession.executeForChangedRowCount(SQLiteSession.java:789)
02-16 19:31:14.076  1275  2728 W FontLog : 	at android.database.sqlite.SQLiteStatement.executeUpdateDelete(SQLiteStatement.java:67)
02-16 19:31:14.076  1275  2728 W FontLog : 	at android.database.sqlite.SQLiteDatabase.executeSql(SQLiteDatabase.java:2233)
02-16 19:31:14.076  1275  2728 W FontLog : 	at android.database.sqlite.SQLiteDatabase.execSQL(SQLiteDatabase.java:2209)
02-16 19:31:14.076  1275  2728 W FontLog : 	at bvgk.run(:com.google.android.gms@260235035@26.02.35 (260400-862924022):57)
02-16 19:31:14.076  1275  2728 W FontLog : 	at beqw.c(:com.google.android.gms@260235035@26.02.35 (260400-862924022):50)
02-16 19:31:14.076  1275  2728 W FontLog : 	at beqw.run(:com.google.android.gms@260235035@26.02.35 (260400-862924022):73)
02-16 19:31:14.076  1275  2728 W FontLog : 	at java.util.concurrent.ThreadPoolExecutor.runWorker(ThreadPoolExecutor.java:1154)
02-16 19:31:14.076  1275  2728 W FontLog : 	at java.util.concurrent.ThreadPoolExecutor$Worker.run(ThreadPoolExecutor.java:652)
02-16 19:31:14.076  1275  2728 W FontLog : 	at bewn.run(:com.google.android.gms@260235035@26.02.35 (260400-862924022):8)
02-16 19:31:14.076  1275  2728 W FontLog : 	at java.lang.Thread.run(Thread.java:1564)
02-16 19:31:14.076  1275  2728 W FontLog : Caused by: java.lang.Exception: SQLiteConnectionPool.close()
02-16 19:31:14.076  1275  2728 W FontLog : 	at android.database.sqlite.SQLiteConnectionPool.dispose(SQLiteConnectionPool.java:270)
02-16 19:31:14.076  1275  2728 W FontLog : 	at android.database.sqlite.SQLiteConnectionPool.close(SQLiteConnectionPool.java:250)
02-16 19:31:14.076  1275  2728 W FontLog : 	at android.database.sqlite.SQLiteDatabase.dispose(SQLiteDatabase.java:559)
02-16 19:31:14.076  1275  2728 W FontLog : 	at android.database.sqlite.SQLiteDatabase.onAllReferencesReleased(SQLiteDatabase.java:536)
02-16 19:31:14.076  1275  2728 W FontLog : 	at android.database.sqlite.SQLiteClosable.releaseReference(SQLiteClosable.java:92)
02-16 19:31:14.076  1275  2728 W FontLog : 	at android.database.sqlite.SQLiteDatabase.executeSql(SQLiteDatabase.java:2244)
02-16 19:31:14.076  1275  2728 W FontLog : 	... 8 more
02-16 19:31:14.121  2945  2945 D DesktopExperienceFlags: Toggle override initialized to: false
02-16 19:31:14.130  2945  2945 D DesktopModeFlags: Toggle override initialized to: OVERRIDE_UNSET
02-16 19:31:14.132  2138  2364 I DialerCoalescedRowsDao: com.android.dialer.calllog.coalescer.CoalescedRowsDao.save:227 start writing coalesced_rows_for_missed_calls
02-16 19:31:14.154  2890  2959 E ashmem  : readlink(/proc/self/fd/92) failed: Operation not permitted
02-16 19:31:14.154  2890  2959 E ashmem  : readlink(/proc/self/fd/117) failed: Operation not permitted
02-16 19:31:14.154  2890  2959 E ashmem  : readlink(/proc/self/fd/119) failed: Operation not permitted
02-16 19:31:14.154  2890  2959 E ashmem  : readlink(/proc/self/fd/121) failed: Operation not permitted
02-16 19:31:14.155  2138  2272 I DialerCoalescedRowsDao: com.android.dialer.calllog.coalescer.CoalescedRowsDao.save:227 start writing coalesced_rows_for_all_calls
02-16 19:31:14.164  1990  2176 I ajnu    : (REDACTED) #FCF: Managed profile check status : %s
02-16 19:31:14.179  2826  2885 D Capacitor: Handling local request: https://localhost/assets/appLogic-H-4hN7YG.js
02-16 19:31:14.205  2138  2372 I SQLiteConnection: Long db operation: /data/user/0/com.google.android.dialer/no_backup/androidx.work.workdb
02-16 19:31:14.262  2890  2959 E ashmem  : readlink(/proc/self/fd/116) failed: Operation not permitted
02-16 19:31:14.269  2826  2886 D Capacitor: Handling local request: https://localhost/favicon.ico
02-16 19:31:14.274  2890  2962 E ashmem  : readlink(/proc/self/fd/120) failed: Operation not permitted
02-16 19:31:14.276  2138  2364 I DialerCoalescedRowsDao: com.android.dialer.calllog.coalescer.CoalescedRowsDao.save:232 finished writing coalesced_rows_for_missed_calls
02-16 19:31:14.285  2593  2597 W .android.as.oss: userfaultfd: MOVE ioctl seems unsupported: Connection timed out
02-16 19:31:14.308  1275  1859 E WakeLock: GCM_CONN_ALARM ** IS FORCE-RELEASED ON TIMEOUT ** [CONTEXT service_id=259 ]
02-16 19:31:14.356  2807  2816 W libbinder.Binder: Binder transaction to com.google.android.gms.gmscompliance.IGmsDeviceComplianceServiceCallback code 1 took 1217ms. Data bytes: 1032 Reply bytes: 0 Flags: 17
02-16 19:31:14.380   751   946 D BackgroundInstallControlService: Package event received: 0
02-16 19:31:14.385  2890  2959 E ashmem  : readlink(/proc/self/fd/118) failed: Operation not permitted
02-16 19:31:14.387  1004  1004 W SsPagerDots: Total number of pages invalid: 0. Assuming 1 page.
02-16 19:31:14.388  2945  2945 I DisplayManager: Implicitly registering for refresh rate
02-16 19:31:14.393   751   946 D BackgroundInstallControlService: Package event received: 0
02-16 19:31:14.393   751   946 D BackgroundInstallControlService: Package event received: 0
02-16 19:31:14.393   751   946 D BackgroundInstallControlService: Package event received: 0
02-16 19:31:14.395  1589  3012 I PersonalSafety: ConnectivityProtectionLockingIntentOperation: cancelled task [CONTEXT service_id=310 ]
02-16 19:31:14.401  2945  2945 I cr_LibraryLoader: Loading monochrome_64 from within /data/app/~~1GO4WFASiC2zWKpIOJtlKg==/com.android.chrome-SXVBkv8J3YLxzsO__Fr4jA==/Chrome.apk
02-16 19:31:14.409  2138  2272 I DialerCoalescedRowsDao: com.android.dialer.calllog.coalescer.CoalescedRowsDao.save:232 finished writing coalesced_rows_for_all_calls
02-16 19:31:14.417  2945  2945 D nativeloader: Load /data/app/~~1GO4WFASiC2zWKpIOJtlKg==/com.android.chrome-SXVBkv8J3YLxzsO__Fr4jA==/Chrome.apk!/lib/arm64-v8a/libchromium_android_linker.so using class loader ns clns-10 (caller=/data/app/~~1GO4WFASiC2zWKpIOJtlKg==/com.android.chrome-SXVBkv8J3YLxzsO__Fr4jA==/Chrome.apk): ok
02-16 19:31:14.419  2945  2945 I cr_Linker: loadLibraryImplLocked: monochrome_64, relroMode=1
02-16 19:31:14.430  2065  2065 W JobService: onNetworkChanged() not implemented in com.google.android.finsky.scheduler.process.mainimpl.PhoneskyJobServiceMain. Must override in a subclass.
02-16 19:31:14.431   751   892 I HalDevMgr: bestIfaceCreationProposal is null, requestIface=STA, existingIface=[name=wlan0 type=STA]
02-16 19:31:14.436  1275  2241 I FontLog : (REDACTED) Received query %s, URI %s
02-16 19:31:14.436  1275  2241 I FontLog : (REDACTED) Query [%s] resolved to %s
02-16 19:31:14.438  2945  2945 D nativeloader: Load /data/app/~~2WOZ5PtytcKpA0_ysQCbNg==/com.google.android.trichromelibrary_699813532-8no3WzDHzLvpsA_mY4t0Og==/TrichromeLibrary.apk!/lib/arm64-v8a/libmonochrome_64.so using class loader ns clns-10 (caller=/data/app/~~1GO4WFASiC2zWKpIOJtlKg==/com.android.chrome-SXVBkv8J3YLxzsO__Fr4jA==/Chrome.apk): ok
02-16 19:31:14.438   751   822 D FileUtils: Rounded bytes from 2067193856 to 4000000000
02-16 19:31:14.446  2945  2945 I cr_LibraryLoader: Successfully loaded native library
02-16 19:31:14.446  2945  2945 I cr_CachingUmaRecorder: Flushed 9 samples from 8 histograms, 0 samples were dropped.
02-16 19:31:14.492   751   984 W FileUtils: Failed to chmod(AtomicFile[/data/system_de/0/system/game-manager-service.xml])
02-16 19:31:14.492   751   984 W FileUtils: android.system.ErrnoException: chmod failed: ENOENT (No such file or directory)
02-16 19:31:14.492   751   984 W FileUtils: 	at libcore.io.Linux.chmod(Native Method)
02-16 19:31:14.492   751   984 W FileUtils: 	at libcore.io.ForwardingOs.chmod(ForwardingOs.java:166)
02-16 19:31:14.492   751   984 W FileUtils: 	at libcore.io.BlockGuardOs.chmod(BlockGuardOs.java:83)
02-16 19:31:14.492   751   984 W FileUtils: 	at android.system.Os.chmod(Os.java:119)
02-16 19:31:14.492   751   984 W FileUtils: 	at android.os.FileUtils.setPermissions(FileUtils.java:189)
02-16 19:31:14.492   751   984 W FileUtils: 	at com.android.server.app.GameManagerSettings.writePersistentDataLocked(GameManagerSettings.java:179)
02-16 19:31:14.492   751   984 W FileUtils: 	at com.android.server.app.GameManagerService$SettingsHandler.doHandleMessage(GameManagerService.java:330)
02-16 19:31:14.492   751   984 W FileUtils: 	at com.android.server.app.GameManagerService$SettingsHandler.handleMessage(GameManagerService.java:311)
02-16 19:31:14.492   751   984 W FileUtils: 	at android.os.Handler.dispatchMessage(Handler.java:132)
02-16 19:31:14.492   751   984 W FileUtils: 	at android.os.Looper.dispatchMessage(Looper.java:333)
02-16 19:31:14.492   751   984 W FileUtils: 	at android.os.Looper.loopOnce(Looper.java:263)
02-16 19:31:14.492   751   984 W FileUtils: 	at android.os.Looper.loop(Looper.java:367)
02-16 19:31:14.492   751   984 W FileUtils: 	at android.os.HandlerThread.run(HandlerThread.java:139)
02-16 19:31:14.492   751   984 W FileUtils: 	at com.android.server.ServiceThread.run(ServiceThread.java:46)
02-16 19:31:14.497  2945  2945 I cr_CombinedPProvider: #linkNativeInternal() 0
02-16 19:31:14.497  2945  2945 I cr_PolicyProvider: #setManagerAndSource() 0
02-16 19:31:14.497  2945  2945 I cr_PolicyCacheProvider: #refresh() true
02-16 19:31:14.529  2138  2364 I DialerCallerIdFeedbackPhoneLookupContributor: com.android.dialer.calleridfeedback.impl.phonelookup.CallerIdFeedbackPhoneLookupContributor.onSuccessfulBulkUpdate:130 Writing timestampOfLastCallerIdFeedbackLookup : 1771259463874
02-16 19:31:14.627  1004  1004 W ClockSizeTransition$SmartspaceMoveTransition: Skipping no-op transition: com.android.systemui.statusbar.phone.NotificationIconContainer{57caa94 G.E...... ......I. 0,163-1080,289 #7f0a00d9 app:id/aod_notification_icon_container} { overrideIconColor=false, maxIcons=2147483647, isStaticLayout=true, iconSize=0, rightBound=1046.0, themedTextColorPrimary=#ff30323b, showingOverflowDot=false, firstOverflowIndex=-1, wasOverflowForced=false }; vis: INVISIBLE -> GONE; alpha: 0.0 -> 0.0; bounds: Rect(0, 163 - 1080, 289) -> Rect(0, 163 - 1080, 289); 
02-16 19:31:14.629  1589  2464 W libbinder.Binder: Binder transaction to com.google.android.gms.common.internal.IGmsServiceBroker code 46 took 2940ms. Data bytes: 308 Reply bytes: 4 Flags: 18
02-16 19:31:14.676   751   751 W Looper  : Slow dispatch took 403ms main app=system_server main=true group=FOREGROUND h=android.os.Handler c=com.android.server.BatteryService$$ExternalSyntheticLambda2@af62c8b m=0
02-16 19:31:14.676   751   751 W Looper  : Slow delivery took 334ms main app=system_server main=true group=FOREGROUND h=com.android.server.power.Notifier$NotifierHandler c=com.android.server.power.Notifier$$ExternalSyntheticLambda2@ae58168 m=0
02-16 19:31:14.676   751  1873 D CompatChangeReporter: Compat change id reported: 261072174; UID 10230; state: ENABLED
02-16 19:31:14.680  1077  1217 D IpClient/wlan0: interfaceLinkStateChanged: ifindex 16 up
02-16 19:31:14.686   751   946 D BackgroundInstallControlService: Package event received: 0
02-16 19:31:14.700  1275  1634 W libbinder.Binder: Binder transaction to com.google.android.gms.common.internal.IGmsServiceBroker code 46 took 1363ms. Data bytes: 748 Reply bytes: 4 Flags: 18
02-16 19:31:14.734  1077  1217 D IpClient/wlan0: interfaceLinkStateChanged: ifindex 16 up
02-16 19:31:14.688  1555  2075 I BugleRcsEngine: handleMessage processing message:[NOTIFY_UPTIME_IGNORE_STATE_CHANGED] with [non-null]:RcsEngineImpl reference [CONTEXT log_prefix="RcsEngineImpl[DUAL_REG]:[b60e9d31-febd]>Handler" thread_id=67 ]
02-16 19:31:14.736  1555  1919 I BugleRcsEngine: Connected state: [1], networkType: [WIFI] [CONTEXT thread_id=61 ]
02-16 19:31:14.740  2976  2976 I GoogleRestoreDefaultProcessValidator: Validating WorkManager process
02-16 19:31:14.749  2138  2272 I DialerSystemCallLogUpdater: com.android.dialer.calllog.refresh.impl.SystemCallLogUpdater.getCallTypeUpdates:199 There are no system call log mutations
02-16 19:31:14.763  1077  1217 D IpClient/wlan0: interfaceLinkStateChanged: ifindex 16 up
02-16 19:31:14.763  1077  1217 D IpClient/wlan0: interfaceLinkStateChanged: ifindex 16 up
02-16 19:31:14.786  3072  3072 W libbinder.BackendUnifiedServiceManager: Thread Pool max thread count is 0. Cannot cache binder as linkToDeath cannot be implemented. serviceName: package
02-16 19:31:14.786  1589  1607 W libbinder.Binder: Binder transaction to com.google.android.gms.common.internal.IGmsServiceBroker code 46 took 7613ms. Data bytes: 392 Reply bytes: 4 Flags: 18
02-16 19:31:14.806   751   964 D SystemServerTiming: getUserSwitchability-0
02-16 19:31:14.811   751   964 D SystemServerTiming: TM.isInCall
02-16 19:31:14.812   751   964 D SystemServerTiming: hasUserRestriction-DISALLOW_USER_SWITCH
02-16 19:31:14.812   751   964 D SystemServerTiming: getInt-ALLOW_USER_SWITCHING_WHEN_SYSTEM_USER_LOCKED
02-16 19:31:14.812   751   964 D SystemServerTiming: isUserUnlocked-USER_SYSTEM
02-16 19:31:14.829   751   898 D InetDiagMessage: Destroyed 0 sockets, proto=IPPROTO_TCP, family=AF_INET, states=14
02-16 19:31:14.829   751   898 D InetDiagMessage: Destroyed 0 sockets, proto=IPPROTO_TCP, family=AF_INET6, states=14
02-16 19:31:14.832   751   751 W Looper  : Drained
02-16 19:31:14.832  1004  1510 W libbinder.Binder: Binder transaction to android.content.IContentProvider code 1 took 1264ms. Data bytes: 312 Reply bytes: 84 Flags: 16
02-16 19:31:14.833  2180  2206 D CustomizableLockScreenUtils: is_custom_lock_screen_quick_affordances_feature_enabled=1
02-16 19:31:14.845  2138  2372 D WM-GreedyScheduler: Ignoring {WorkSpec: b903a20a-5dc8-493f-b7d8-6fbebec09790}. Requires device idle.
02-16 19:31:14.858   751   898 D InetDiagMessage: Destroyed live tcp sockets for uids={10157} in 15ms
02-16 19:31:14.858   751   898 D InetDiagMessage: Destroyed 0 sockets, proto=IPPROTO_TCP, family=AF_INET, states=14
02-16 19:31:14.858   751   898 D InetDiagMessage: Destroyed 0 sockets, proto=IPPROTO_TCP, family=AF_INET6, states=14
02-16 19:31:14.858   751   898 D InetDiagMessage: Destroyed live tcp sockets for uids={20157} in 1ms
02-16 19:31:14.912  2945  2945 I chromium: [INFO:chrome_browser_cloud_management_controller.cc(273)] Deferring CBCM Controller Initialization until it is unblocked.
02-16 19:31:14.929  2945  3061 I PlayCore: UID: [10162]  PID: [2945] AppUpdateService : requestUpdateInfo(com.android.chrome)
02-16 19:31:14.959  2976  3053 E ashmem  : Pinning is deprecated since Android Q. Please use trim or other methods.
02-16 19:31:14.968   751   946 D BackgroundInstallControlService: Package event received: 0
02-16 19:31:14.972  2945  3075 D CompatChangeReporter: Compat change id reported: 307233716; UID 10162; state: ENABLED
02-16 19:31:15.001  1589  1601 W gle.android.gms: Suspending all threads took: 262.231ms
02-16 19:31:15.003   751  1873 V GrammaticalInflectionUtils: AttributionSource: android.content.AttributionSource@209271db does not have READ_SYSTEM_GRAMMATICAL_GENDER permission.
02-16 19:31:15.008   751  1873 D CompatChangeReporter: Compat change id reported: 151861875; UID 10162; state: ENABLED
02-16 19:31:15.026   555   555 D Zygote  : Forked child process 3083
02-16 19:31:15.044  1004  1011 W ndroid.systemui: Suspending all threads took: 201.891ms
02-16 19:31:15.052  2976  3036 I GoogleRestoreDefaultProcessValidator: Processes: NONE, true, com.google.android.apps.restore, com.google.android.apps.restore
02-16 19:31:15.061  1589  1607 W gle.android.gms: Weak pointer dereference blocked for 40 milliseconds.
02-16 19:31:15.069   751   782 W ActivityManager: Slow operation: 59ms so far, now at startProcess: done updating battery stats
02-16 19:31:15.069   751   782 W ActivityManager: Slow operation: 59ms so far, now at startProcess: building log message
02-16 19:31:15.069   751   782 I ActivityManager: Start proc 3083:com.android.chrome:privileged_process0/u0a162 for service {com.android.chrome/org.chromium.content.app.PrivilegedProcessService0}
02-16 19:31:15.069   751   782 W ActivityManager: Slow operation: 59ms so far, now at startProcess: starting to update pids map
02-16 19:31:15.070   751   782 W ActivityManager: Slow operation: 60ms so far, now at startProcess: done updating pids map
02-16 19:31:15.071  1275  2241 I FontLog : (REDACTED) Font PFD returned from cache for %s
02-16 19:31:15.128  1275  2241 I FontLog : (REDACTED) Fetch %s end status %s
02-16 19:31:15.145  1004  1011 W ndroid.systemui: Cleared Reference was only reachable from finalizer (only reported once)
02-16 19:31:15.182  1275  2241 W libbinder.Binder: Binder transaction to android.content.IContentProvider code 1 took 1520ms. Data bytes: 724 Reply bytes: 236 Flags: 18
02-16 19:31:15.184  1004  1320 W ndroid.systemui: Weak pointer dereference blocked for 41 milliseconds.
02-16 19:31:15.192  1004  1004 I Choreographer: Skipped 36 frames!  The application may be doing too much work on its main thread.
02-16 19:31:15.207  1541  1709 I AiAiEcho: Predicting[0]:  [CONTEXT sampling_count=5 ]
02-16 19:31:15.220  1541  1709 I AiAiEcho: EchoTargets: 
02-16 19:31:15.220  1541  1709 I AiAiEcho: Filtered by AiAi flag check: 
02-16 19:31:15.220  1541  1709 I AiAiEcho: [CONTEXT ratelimit_period="10 SECONDS" ]
02-16 19:31:15.220  1541  1709 I AiAiEcho: #remoteViewsTwiddler: feature disabled.
02-16 19:31:15.220  1541  1709 I AiAiEcho: Predicting[0]:  [CONTEXT sampling_count=5 ]
02-16 19:31:15.220  1541  1709 I AiAiEcho: EchoTargets: 
02-16 19:31:15.220  1541  1709 I AiAiEcho: Filtered by AiAi flag check: 
02-16 19:31:15.220  1541  1709 I AiAiEcho: [CONTEXT ratelimit_period="10 SECONDS" ]
02-16 19:31:15.220  1541  1709 I AiAiEcho: #remoteViewsTwiddler: feature disabled.
02-16 19:31:15.252  1541  1709 I AiAiEcho: #postPredictionTargets: Sending updates to UISurface lockscreen with targets# 0 (types=[])
02-16 19:31:15.268  2826  3028 I HWUI    : Davey! duration=925ms; Flags=0, FrameTimelineVsyncId=9756, IntendedVsync=60051113042, Vsync=60051113042, InputEventId=0, HandleInputStart=60051435027, AnimationStart=60051435819, PerformTraversalsStart=60052490194, DrawStart=60052532194, FrameDeadline=60067779708, FrameStartTime=60051432652, FrameInterval=16666666, WorkloadTarget=16666666, SyncQueued=60055810527, SyncStart=60056395486, IssueDrawCommandsStart=60056415902, SwapBuffers=60974615111, FrameCompleted=60977519153, DequeueBufferDuration=2542, QueueBufferDuration=1977000, GpuCompleted=60977470236, SwapBuffersCompleted=60977519153, DisplayPresentTime=0, CommandSubmissionCompleted=60974615111, 
02-16 19:31:15.269  2826  2826 I Choreographer: Skipped 54 frames!  The application may be doing too much work on its main thread.
02-16 19:31:15.270  1541  1709 I AiAiEcho: #postPredictionTargets: Sending updates to UISurface home with targets# 0 (types=[])
02-16 19:31:15.305  1275  1283 I FontLog : (REDACTED) Pulling font file for id = %d, cache size = %d
02-16 19:31:15.306  1541  1709 I AiAiEcho: Predicting[0]:  [CONTEXT sampling_count=5 ]
02-16 19:31:15.306  1541  1709 I AiAiEcho: EchoTargets: 
02-16 19:31:15.306  1541  1709 I AiAiEcho: Filtered by AiAi flag check: 
02-16 19:31:15.306  1541  1709 I AiAiEcho: [CONTEXT ratelimit_period="10 SECONDS" ]
02-16 19:31:15.319  3083  3083 I Zygote  : Process 3083 created for com.android.chrome:privileged_process0
02-16 19:31:15.323  3083  3083 I ileged_process0: Using CollectorTypeCMC GC.
02-16 19:31:15.330  2138  2372 D WM-GreedyScheduler: Ignoring {WorkSpec: 4ac1bc2d-3091-41de-86bf-4087b0b6ca38}. Requires device idle.
02-16 19:31:15.330  2138  2372 D WM-GreedyScheduler: Ignoring {WorkSpec: 12849fc7-aca2-4890-9890-d59c51bec0ca}. Requires device idle.
02-16 19:31:15.330  2138  2372 D WM-GreedyScheduler: Ignoring {WorkSpec: a34fe152-0ab6-4a86-9296-eb5086a422a7}. Requires device idle.
02-16 19:31:15.330  2138  2372 D WM-GreedyScheduler: Ignoring {WorkSpec: e7742c0e-a02c-471f-8f39-cad2fa0290f2}. Requires device idle.
02-16 19:31:15.330  2138  2372 D WM-GreedyScheduler: Ignoring {WorkSpec: dae863f4-f661-4cb6-a29d-f3302e3d36fb}. Requires device idle.
02-16 19:31:15.330  2138  2372 D WM-GreedyScheduler: Ignoring {WorkSpec: a935cad4-1fa0-4eba-addc-810bbb7e0f1a}. Requires device idle.
02-16 19:31:15.330  2138  2372 D WM-GreedyScheduler: Ignoring {WorkSpec: 07f63d1d-39f9-494b-a64e-45cdea778bd1}. Requires device idle.
02-16 19:31:15.332  1541  1709 I AiAiEcho: #remoteViewsTwiddler: feature disabled.
02-16 19:31:15.332  1541  1709 I AiAiEcho: Predicting[0]:  [CONTEXT sampling_count=5 ]
02-16 19:31:15.332  1541  1709 I AiAiEcho: EchoTargets: 
02-16 19:31:15.332  1541  1709 I AiAiEcho: Filtered by AiAi flag check: 
02-16 19:31:15.332  1541  1709 I AiAiEcho: [CONTEXT ratelimit_period="10 SECONDS" ]
02-16 19:31:15.332  1541  1709 I AiAiEcho: #remoteViewsTwiddler: feature disabled.
02-16 19:31:15.333   751   761 W system_server: Suspending all threads took: 37.692ms
02-16 19:31:15.334  2138  2272 I DialerSystemCallLogUpdater: com.android.dialer.calllog.refresh.impl.SystemCallLogUpdater.updateSystemCallLog:224 empty operations list, will not do anything [CONTEXT ratelimit_period="1 MINUTES" ]
02-16 19:31:15.339  2945  3081 I PlayCore: UID: [10162]  PID: [2945] AppUpdateService : Initiate binding to the service.
02-16 19:31:15.353  3083  3083 D nativeloader: Load libframework-connectivity-tiramisu-jni.so using APEX ns com_android_tethering for caller /apex/com.android.tethering/javalib/framework-connectivity-t.jar: ok
02-16 19:31:15.360  1541  1709 I AiAiEcho: #postPredictionTargets: Sending updates to UISurface lockscreen with targets# 0 (types=[])
02-16 19:31:15.376  1541  1709 I AiAiEcho: #postPredictionTargets: Sending updates to UISurface home with targets# 0 (types=[])
02-16 19:31:15.421  2138  2372 D WM-GreedyScheduler: Starting work for 6b596062-6b5b-4819-9704-0189523f6407
02-16 19:31:15.473  1275  2469 W TapAndPay: [CONTEXT service_id=79 ]
02-16 19:31:15.473  1275  2469 W TapAndPay: java.util.concurrent.TimeoutException: Timed out waiting for Task
