02-16 19:31:15.473  1275  2469 W TapAndPay: 	at fdrr.o(:com.google.android.gms@260235035@26.02.35 (260400-862924022):53)
02-16 19:31:15.473  1275  2469 W TapAndPay: 	at com.google.android.gms.tapandpay.keyguard.KeyguardDismissedIntentOperation.b(:com.google.android.gms@260235035@26.02.35 (260400-862924022):64)
02-16 19:31:15.473  1275  2469 W TapAndPay: 	at com.google.android.gms.tapandpay.keyguard.KeyguardDismissedIntentOperation.a(:com.google.android.gms@260235035@26.02.35 (260400-862924022):37)
02-16 19:31:15.473  1275  2469 W TapAndPay: 	at faik.onHandleIntent(:com.google.android.gms@260235035@26.02.35 (260400-862924022):62)
02-16 19:31:15.473  1275  2469 W TapAndPay: 	at com.google.android.chimera.IntentOperation.onHandleIntent(:com.google.android.gms@260235035@26.02.35 (260400-862924022):1)
02-16 19:31:15.473  1275  2469 W TapAndPay: 	at ayvq.onHandleIntent(:com.google.android.gms@260235035@26.02.35 (260400-862924022):84)
02-16 19:31:15.473  1275  2469 W TapAndPay: 	at yqf.run(:com.google.android.gms@260235035@26.02.35 (260400-862924022):64)
02-16 19:31:15.473  1275  2469 W TapAndPay: 	at yqe.run(:com.google.android.gms@260235035@26.02.35 (260400-862924022):132)
02-16 19:31:15.473  1275  2469 W TapAndPay: 	at gnkz.run(:com.google.android.gms@260235035@26.02.35 (260400-862924022):19)
02-16 19:31:15.473  1275  2469 W TapAndPay: 	at java.util.concurrent.ThreadPoolExecutor.runWorker(ThreadPoolExecutor.java:1154)
02-16 19:31:15.473  1275  2469 W TapAndPay: 	at java.util.concurrent.ThreadPoolExecutor$Worker.run(ThreadPoolExecutor.java:652)
02-16 19:31:15.473  1275  2469 W TapAndPay: 	at java.lang.Thread.run(Thread.java:1564)
02-16 19:31:15.540   193   193 I lowmemorykiller: Kill 'com.google.android.apps.photos' (1647), uid 10170, oom_score_adj 985 to free 96404kB rss, 40576kB swap, 0kB dmabuf_pss, 0kB dmabuf_rss; reason: low watermark is breached
02-16 19:31:15.541  2826  3100 D ProfileInstaller: Installing profile for com.kurye.pro
02-16 19:31:15.644  2826  2826 V Capacitor/Plugin: To native (Capacitor plugin): callbackId: 104058, pluginId: App, methodName: addListener
02-16 19:31:15.655  2826  2826 V Capacitor: callback: 104058, pluginId: App, methodName: addListener, methodData: {"eventName":"appUrlOpen"}
02-16 19:31:15.664  1138  1144 W m.android.phone: Suspending all threads took: 140.716ms
02-16 19:31:15.709  2945  3029 I HWUI    : Using FreeType backend (prop=Auto)
02-16 19:31:15.736   751   828 D FileUtils: Rounded bytes from 2067193856 to 4000000000
02-16 19:31:15.740  2138  2372 D WM-GreedyScheduler: Starting tracking for 38fb5c3f-4711-4467-84e3-0602e64227d3,bc809da1-e066-4d60-aecf-bd6e62162b65,0530c4cf-2a32-4eaf-9bc0-dcf63f858de0,c8956a11-88cc-4d7c-b76b-492e711c6d5a,db2a3775-707c-4157-8e62-6d0824fca739
02-16 19:31:15.772  1275  1275 D BoundBrokerSvc: onUnbind: Intent { act=com.google.android.gms.nearby.fastpair.START dat=chimera-action:/... xflg=0x4 cmp=com.google.android.gms/.chimera.PersistentApiServiceNoInstantApps }
02-16 19:31:15.780  2976  3053 W JobInfo : Requested important-while-foreground flag for job1 is ignored and takes no effect
02-16 19:31:15.784  1275  2461 I FontLog : (REDACTED) Received query %s, URI %s
02-16 19:31:15.784  1275  2461 I FontLog : (REDACTED) Query [%s] resolved to %s
02-16 19:31:15.806   751   765 W ActivityManager: Slow operation: 67ms so far, now at attachApplicationLocked: after updateOomAdjLocked
02-16 19:31:15.822  1459  1929 E FlagManager: FlagManager.setFlagValue():633 Unknown type for flag: server_token{type=String, finalValue=CAMSQg1H15vyAAPvD8cZl1OwIskTA_4F2BIPvQYAOZUAD4_33QME7wQEwQAEAQS7FwQpBAEE3woEogYEvQUElQgEAQQBBA==, DEFAULT=, PHENOTYPE=CAMSQg1H15vyAAPvD8cZl1OwIskTA_4F2BIPvQYAOZUAD4_33QME7wQEwQAEAQS7FwQpBAEE3woEogYEvQUElQgEAQQBBA==}
02-16 19:31:15.832   751   946 D BackgroundInstallControlService: Package event received: 0
02-16 19:31:15.869  1004  1004 I Choreographer: Skipped 37 frames!  The application may be doing too much work on its main thread.
02-16 19:31:15.913  1642  1660 W d.process.acore: userfaultfd: MOVE ioctl seems unsupported: Connection timed out
02-16 19:31:15.936   751   767 D OomAdjuster: Not killing cached processes
02-16 19:31:15.961  3083  3083 W ileged_process0: Failed to find entry 'classes.dex': Entry not found
02-16 19:31:15.985  2826  3028 I HWUI    : Davey! duration=1369ms; Flags=0, FrameTimelineVsyncId=9770, IntendedVsync=60084446374, Vsync=60984446338, InputEventId=0, HandleInputStart=60997930778, AnimationStart=60997931486, PerformTraversalsStart=61006350403, DrawStart=61006399778, FrameDeadline=61267779660, FrameStartTime=60997814778, FrameInterval=16666666, WorkloadTarget=16666666, SyncQueued=61008119194, SyncStart=61246928986, IssueDrawCommandsStart=61246952278, SwapBuffers=61665696361, FrameCompleted=61692870153, DequeueBufferDuration=3792, QueueBufferDuration=26272167, GpuCompleted=61667852028, SwapBuffersCompleted=61692870153, DisplayPresentTime=0, CommandSubmissionCompleted=61665696361, 
02-16 19:31:16.011  1004  1004 W SsPagerDots: Total number of pages invalid: 0. Assuming 1 page.
02-16 19:31:16.017  3083  3083 D nativeloader: Configuring clns-9 for other apk /data/app/~~2WOZ5PtytcKpA0_ysQCbNg==/com.google.android.trichromelibrary_699813532-8no3WzDHzLvpsA_mY4t0Og==/TrichromeLibrary.apk. target_sdk_version=35, uses_libraries=ALL, library_path=/data/app/~~1GO4WFASiC2zWKpIOJtlKg==/com.android.chrome-SXVBkv8J3YLxzsO__Fr4jA==/lib/arm64:/data/app/~~1GO4WFASiC2zWKpIOJtlKg==/com.android.chrome-SXVBkv8J3YLxzsO__Fr4jA==/Chrome.apk!/lib/arm64-v8a:/data/app/~~2WOZ5PtytcKpA0_ysQCbNg==/com.google.android.trichromelibrary_699813532-8no3WzDHzLvpsA_mY4t0Og==/TrichromeLibrary.apk!/lib/arm64-v8a, permitted_path=/data:/mnt/expand:/data/user/0/com.android.chrome
02-16 19:31:16.047   751   781 V GrammaticalInflectionUtils: AttributionSource: android.content.AttributionSource@16555e21 does not have READ_SYSTEM_GRAMMATICAL_GENDER permission.
02-16 19:31:16.048   751   781 D CompatChangeReporter: Compat change id reported: 151861875; UID 10156; state: ENABLED
02-16 19:31:16.081  2945  2945 W chromium: [WARNING:instance_id_android.cc(101)] Non-zero TTL requested for InstanceID token, while TTLs are not supported by Android Firebase IID API.
02-16 19:31:16.096  2945  3066 W InstanceID: Instance ID SDK is deprecated, com.android.chrome should update to use Firebase Instance ID
02-16 19:31:16.103  1004  1004 W SsPagerDots: Total number of pages invalid: 0. Assuming 1 page.
02-16 19:31:16.121   555   555 D Zygote  : Forked child process 3107
02-16 19:31:16.123   751   782 W ActivityManager: Slow operation: 75ms so far, now at startProcess: returned from zygote!
02-16 19:31:16.137  3107  3107 I Zygote  : Process 3107 created for com.google.android.apps.safetyhub
02-16 19:31:16.138  3107  3107 I .apps.safetyhub: Using CollectorTypeCMC GC.
02-16 19:31:16.143  3107  3107 D nativeloader: Load libframework-connectivity-tiramisu-jni.so using APEX ns com_android_tethering for caller /apex/com.android.tethering/javalib/framework-connectivity-t.jar: ok
02-16 19:31:16.174  1275  2461 I FontLog : (REDACTED) Font PFD returned from cache for %s
02-16 19:31:16.200   751  1092 D SystemServerTiming: getUserSwitchability-0
02-16 19:31:16.200   751  1092 D SystemServerTiming: TM.isInCall
02-16 19:31:16.206  3083  3083 D nativeloader: Configuring clns-10 for other apk /data/app/~~1GO4WFASiC2zWKpIOJtlKg==/com.android.chrome-SXVBkv8J3YLxzsO__Fr4jA==/Chrome.apk. target_sdk_version=35, uses_libraries=, library_path=/data/app/~~1GO4WFASiC2zWKpIOJtlKg==/com.android.chrome-SXVBkv8J3YLxzsO__Fr4jA==/lib/arm64:/data/app/~~1GO4WFASiC2zWKpIOJtlKg==/com.android.chrome-SXVBkv8J3YLxzsO__Fr4jA==/Chrome.apk!/lib/arm64-v8a:/data/app/~~2WOZ5PtytcKpA0_ysQCbNg==/com.google.android.trichromelibrary_699813532-8no3WzDHzLvpsA_mY4t0Og==/TrichromeLibrary.apk!/lib/arm64-v8a, permitted_path=/data:/mnt/expand:/data/user/0/com.android.chrome
02-16 19:31:16.207  3083  3083 D CompatChangeReporter: Compat change id reported: 202956589; UID 10162; state: ENABLED
02-16 19:31:16.230   751  1806 I system_server: IncrementDisableThreadFlip blocked for 107.274ms
02-16 19:31:16.230   751  1875 I system_server: IncrementDisableThreadFlip blocked for 107.095ms
02-16 19:31:16.250  1004  1320 W libbinder.Binder: Binder transaction to android.content.IContentProvider code 1 took 1390ms. Data bytes: 312 Reply bytes: 84 Flags: 16
02-16 19:31:16.259   751  1092 D SystemServerTiming: hasUserRestriction-DISALLOW_USER_SWITCH
02-16 19:31:16.273   751  1092 D SystemServerTiming: getInt-ALLOW_USER_SWITCHING_WHEN_SYSTEM_USER_LOCKED
02-16 19:31:16.273   751  1092 D SystemServerTiming: isUserUnlocked-USER_SYSTEM
02-16 19:31:16.291   751   782 W ActivityManager: Slow operation: 243ms so far, now at startProcess: done updating battery stats
02-16 19:31:16.291   751   782 W ActivityManager: Slow operation: 243ms so far, now at startProcess: building log message
02-16 19:31:16.291   751   782 I ActivityManager: Start proc 3107:com.google.android.apps.safetyhub/u0a156 for broadcast {com.google.android.apps.safetyhub/com.google.android.apps.safetyhub.startup.StartupBroadcastReceiver_Receiver}
02-16 19:31:16.291   751   782 W ActivityManager: Slow operation: 243ms so far, now at startProcess: starting to update pids map
02-16 19:31:16.300   751   782 W ActivityManager: Slow operation: 252ms so far, now at startProcess: done updating pids map
02-16 19:31:16.312  1459  1459 I DeviceModeModule: DeviceModeModule.calculateAndNotify():225 Device mode 'phone' from display metrics 'DisplayMetrics{density=0.0, width=1080, height=2400, scaledDensity=0.0, xdpi=420.0, ydpi=420.0}' or smallestScreenWidthDp: 411
02-16 19:31:16.322  1459  1929 I PhenotypeModule: PhenotypeModule.handlePhenotypeConfigurationUpdatesInternal():570 Latency of updating configurations from phenotype (experiment v4): 699
02-16 19:31:16.322  1459  1929 I PhenotypeModule: PhenotypeModule.handlePhenotypeConfigurationUpdates():514 Latency of updating configurations from phenotype (ExperimentV4): 699
02-16 19:31:16.354   751  1884 W ActivityManager: Slow operation: 51ms so far, now at attachApplicationLocked: immediately after bindApplication
02-16 19:31:16.355   751  1884 W ActivityManager: Slow operation: 52ms so far, now at attachApplicationLocked: after updateLruProcessLocked
02-16 19:31:16.361  1275  2461 I FontLog : (REDACTED) Fetch %s end status %s
02-16 19:31:16.369   751  1884 W ActivityManager: Slow operation: 66ms so far, now at attachApplicationLocked: after updateOomAdjLocked
02-16 19:31:16.384  1589  2464 W libbinder.Binder: Binder transaction to com.google.android.gms.safetynet.internal.ISafetyNetService code 14 took 1656ms. Data bytes: 164 Reply bytes: 4 Flags: 18
02-16 19:31:16.384  2180  2206 D CustomizableLockScreenUtils: is_custom_lock_screen_quick_affordances_feature_enabled=1
02-16 19:31:16.416   751  1092 D SystemServerTiming: getUserSwitchability-0
02-16 19:31:16.416   751  1092 D SystemServerTiming: TM.isInCall
02-16 19:31:16.416   751  1092 D SystemServerTiming: hasUserRestriction-DISALLOW_USER_SWITCH
02-16 19:31:16.416   751  1092 D SystemServerTiming: getInt-ALLOW_USER_SWITCHING_WHEN_SYSTEM_USER_LOCKED
02-16 19:31:16.416   751  1092 D SystemServerTiming: isUserUnlocked-USER_SYSTEM
02-16 19:31:16.418   751  1884 D FileUtils: Rounded bytes from 2067193856 to 4000000000
02-16 19:31:16.418   751   946 D BackgroundInstallControlService: Package event received: 0
02-16 19:31:16.418   751   828 V GrammaticalInflectionUtils: AttributionSource: android.content.AttributionSource@727b0fab does not have READ_SYSTEM_GRAMMATICAL_GENDER permission.
02-16 19:31:16.422  3083  3083 V GraphicsEnvironment: Currently set values for:
02-16 19:31:16.432   555   555 D Zygote  : Forked child process 3118
02-16 19:31:16.443  3083  3083 V GraphicsEnvironment:   angle_gl_driver_selection_pkgs=[]
02-16 19:31:16.443  3083  3083 V GraphicsEnvironment:   angle_gl_driver_selection_values=[]
02-16 19:31:16.443  3083  3083 V GraphicsEnvironment: com.android.chrome is not listed in per-application setting
02-16 19:31:16.443  3083  3083 V GraphicsEnvironment: ANGLE allowlist from config: com.dreamgames.royalmatch com.dts.freefiremax com.dxx.firenow com.gramgames.mergedragons com.ludo.king com.mojang.minecraftpe com.my.defense com.nintendo.zaka com.os.airforce com.playrix.fishdomdd.gplay io.teslatech.callbreak jp.konami.prospia net.peakgames.toonblast
02-16 19:31:16.444  1990  2176 I ajnu    : (REDACTED) #FCF: Managed profile check status : %s
02-16 19:31:16.445  2945  2945 I cr_SmsProviderGms: construction successfull E95@8927310, B95@3ca0e09
02-16 19:31:16.449   751   828 D FileUtils: Rounded bytes from 2067193856 to 4000000000
02-16 19:31:16.450  3083  3083 V GraphicsEnvironment: No special selections for ANGLE, returning default driver choice
02-16 19:31:16.450  3083  3083 V GraphicsEnvironment: Neither updatable production driver nor prerelease driver is supported.
02-16 19:31:16.451  1990  2245 I ajnu    : (REDACTED) #FCF: Managed profile check status : %s
02-16 19:31:16.457  3107  3107 D ApplicationLoaders: Returning zygote-cached class loader: /system/framework/org.apache.http.legacy.jar
02-16 19:31:16.459   751   782 I ActivityManager: Start proc 3118:com.google.android.adservices.api/u0a210 for service {com.google.android.adservices.api/com.android.adservices.measurement.MeasurementService}
02-16 19:31:16.459  1990  2245 I ajun    : (REDACTED) isCacheFresh: %s
02-16 19:31:16.461  1275  1518 I FontLog : (REDACTED) Pulling font file for id = %d, cache size = %d
02-16 19:31:16.464  1990  2176 I ajun    : (REDACTED) isCacheFresh: %s
02-16 19:31:16.466  3107  3107 D ApplicationLoaders: Returning zygote-cached class loader: /system_ext/framework/androidx.window.extensions.jar
02-16 19:31:16.466   751  1877 D AccessibilityManagerService: notifyQuickSettingsTilesChanged userId: 0, tileComponentNames: [], userInitializationCompleted? true
02-16 19:31:16.469  3107  3107 D ApplicationLoaders: Returning zygote-cached class loader: /system_ext/framework/androidx.window.sidecar.jar
02-16 19:31:16.474  1589  2072 W Auth.Api.SignIn: [Service,SignInChimeraService] **************************** WARNING ***************************
02-16 19:31:16.474  1589  2072 W Auth.Api.SignIn: You are using the deprecated legacy Google Sign-In APIs from
02-16 19:31:16.474  1589  2072 W Auth.Api.SignIn: play-services-auth SDK. Please migrate to the Credential Manager
02-16 19:31:16.474  1589  2072 W Auth.Api.SignIn: APIs, see https://goo.gle/gsi-migration.
02-16 19:31:16.474  1589  2072 W Auth.Api.SignIn: ****************************************************************
02-16 19:31:16.479  1990  2245 I ajks    : (REDACTED) FCF System FeatureName to check: %s
02-16 19:31:16.480  1524  1727 I eczl    : (REDACTED) appOpsListener %s %s
02-16 19:31:16.490  1524  1727 I eczl    : (REDACTED) Ignoring irrelevant audio permission changes for package %s
02-16 19:31:16.495  3083  3083 I LoadedApk: No resource references to update in package com.google.android.trichromelibrary
02-16 19:31:16.527  1990  2176 I ajks    : (REDACTED) FCF System FeatureName to check: %s
02-16 19:31:16.528  2138  2269 I DialerSingletonScopedExternalsLogging: com.google.android.dialershared.externals.logging.SingletonScopedExternalsLogging.recordCallMethodInvocation:75 event: TIKTOK_WORK_MANAGER_ENQUEUE, function parameters: [com.android.dialer.voicemail.notification.receivers.VoicemailNotificationWorker], return value: 6b596062-6b5b-4819-9704-0189523f6407
02-16 19:31:16.529  1990  2245 I ajks    : (REDACTED) FCF: Device model check status : %s
02-16 19:31:16.548  1990  2176 I ajks    : (REDACTED) FCF: Device model check status : %s
02-16 19:31:16.552  1990  2245 I ajsf    : #isGeminiDefaultSystemFeatureEnabled: false
02-16 19:31:16.559  2945  3062 W DynamiteModule: Local module descriptor class for com.google.android.gms.googlecertificates not found.
02-16 19:31:16.564  1990  2176 I ajsf    : #isGeminiDefaultSystemFeatureEnabled: false
02-16 19:31:16.605  1990  2245 I anxh    : Robin eligibility : Robin is eligible
02-16 19:31:16.608  3083  3083 I cr_SplitCompatApp: version=134.0.6998.135 (699813532) minSdkVersion=29 isBundle=false processName=com.android.chrome:privileged_process0 isIsolatedProcess=false
02-16 19:31:16.611  1990  2176 I anxh    : Robin eligibility : Robin is eligible
02-16 19:31:16.660  2138  2292 I DialerLogcatLoggingBindings: com.android.dialer.logging.logcat.LogcatLoggingBindings.logImpression:47 Impression: ANNOTATED_CALL_LOG_FORCE_REFRESH_NO_CHANGES_NEEDED
02-16 19:31:16.732  1990  2122 I SQLiteConnection: Long db operation: /data/user/0/com.google.android.googlequicksearchbox/no_backup/androidx.work.workdb
02-16 19:31:16.737  2945  3062 I DynamiteModule: Considering local module com.google.android.gms.googlecertificates:0 and remote module com.google.android.gms.googlecertificates:7
02-16 19:31:16.737  2945  3062 I DynamiteModule: Selected remote version of com.google.android.gms.googlecertificates, version >= 7
02-16 19:31:16.742   555   555 I Zygote  : Process 1647 exited due to signal 9 (Killed)
02-16 19:31:16.745  2138  2138 I DialerSingletonScopedExternalsLogging: com.google.android.dialershared.externals.logging.SingletonScopedExternalsLogging.recordCallMethodInvocation:75 event: BROADCAST_RECEIVER_INTENT_EXTRAS, function parameters: [gxq,android.telephony.action.SHOW_VOICEMAIL_NOTIFICATION,[0,false]], return value: <empty>
02-16 19:31:16.745  2138  2138 I DialerLegacyVoicemailNotificationReceiver: com.android.dialer.app.calllog.LegacyVoicemailNotificationReceiver.onReceive:74 intent was handled by MwiNotificationReceiver
02-16 19:31:16.750  3083  3083 I cr_ChildProcessService: Creating new ChildProcessService pid=3083
02-16 19:31:16.775  1990  2176 I awqh    : Robin eligibility: u18 eligibility check failed.
02-16 19:31:16.783  1990  2176 I awqh    : Robin eligibility: Eligible.
02-16 19:31:16.788  1275  1283 I FontLog : (REDACTED) Received query %s, URI %s
02-16 19:31:16.788  1275  1283 I FontLog : (REDACTED) Query [%s] resolved to %s
02-16 19:31:16.792  1524  1911 I ajsk    : (REDACTED) Robin eligibility #evaluate: isEnabled = %s failure reasons: %s
02-16 19:31:16.819  1589  2072 W libbinder.Binder: Binder transaction to com.google.android.gms.common.internal.IGmsServiceBroker code 46 took 4601ms. Data bytes: 308 Reply bytes: 4 Flags: 18
02-16 19:31:16.840  3118  3118 I Zygote  : Process 3118 created for com.google.android.adservices.api
02-16 19:31:16.840  3118  3118 I .adservices.api: Using CollectorTypeCMC GC.
02-16 19:31:16.854  2945  2945 W cr_KnoxSettingsProvider: Permission to read device policy denied.
02-16 19:31:16.854  2945  2945 I cr_CombinedPProvider: #registerProvider() provider:NK3@c5a6635 isPolicyCacheEnabled:true policyProvidersSize:0
02-16 19:31:16.854  2945  2945 I cr_PolicyProvider: #setManagerAndSource() 0
02-16 19:31:16.854  2945  2945 I cr_CombinedPProvider: #registerProvider() provider:Cr@f9fdaca isPolicyCacheEnabled:false policyProvidersSize:1
02-16 19:31:16.855   751   822 E AppOps  : Bad call made by uid 1000. Package "com.google.android.apps.photos" does not belong to uid 1000.
02-16 19:31:16.857   751   767 I ActivityManager: Process com.google.android.apps.photos (pid 1647) has died: cch  +85 CEM 
02-16 19:31:16.862  3118  3118 D nativeloader: Load libframework-connectivity-tiramisu-jni.so using APEX ns com_android_tethering for caller /apex/com.android.tethering/javalib/framework-connectivity-t.jar: ok
02-16 19:31:16.874   751   822 W BinderNative: Uncaught exception from death notification
02-16 19:31:16.874   751   822 W BinderNative: java.lang.SecurityException: Specified package "com.google.android.apps.photos" under uid 1000 but it is not
02-16 19:31:16.874   751   822 W BinderNative: 	at com.android.server.appop.AppOpsService.verifyAndGetBypass(AppOpsService.java:5033)
02-16 19:31:16.874   751   822 W BinderNative: 	at com.android.server.appop.AppOpsService.verifyAndGetBypass(AppOpsService.java:4894)
02-16 19:31:16.874   751   822 W BinderNative: 	at com.android.server.appop.AppOpsService.verifyAndGetBypass(AppOpsService.java:4886)
02-16 19:31:16.874   751   822 W BinderNative: 	at com.android.server.appop.AppOpsService.stopWatchingAsyncNoted(AppOpsService.java:3816)
02-16 19:31:16.874   751   822 W BinderNative: 	at com.android.server.appop.AppOpsService.lambda$startWatchingAsyncNoted$8(AppOpsService.java:3792)
02-16 19:31:16.874   751   822 W BinderNative: 	at com.android.server.appop.AppOpsService.$r8$lambda$8-LvphSu5hQo1Pm8R22O3seI00E(AppOpsService.java:0)
02-16 19:31:16.874   751   822 W BinderNative: 	at com.android.server.appop.AppOpsService$$ExternalSyntheticLambda1.onInterfaceDied(R8$$SyntheticClass:0)
02-16 19:31:16.874   751   822 W BinderNative: 	at android.os.RemoteCallbackList$Builder$1.onCallbackDied(RemoteCallbackList.java:337)
02-16 19:31:16.874   751   822 W BinderNative: 	at android.os.RemoteCallbackList$Interface.binderDied(RemoteCallbackList.java:229)
02-16 19:31:16.874   751   822 W BinderNative: 	at android.os.IBinder$DeathRecipient.binderDied(IBinder.java:340)
02-16 19:31:16.874   751   822 W BinderNative: 	at android.os.BinderProxy.sendDeathNotice(BinderProxy.java:787)
02-16 19:31:16.875   751   898 D ConnectivityService: releasing NetworkRequest [ REQUEST id=78, [ Capabilities: INTERNET&NOT_RESTRICTED&TRUSTED&NOT_VCN_MANAGED&NOT_BANDWIDTH_CONSTRAINED Uid: 10170 RequestorUid: 10170 RequestorPkg: com.google.android.apps.photos UnderlyingNetworks: Null] ] (release request)
02-16 19:31:16.881  2249  2252 I artd    : GetBestInfo: odex next to the dex file (/data/app/~~OAP_g0gvYKwFqcp0wd0PEA==/com.google.android.gms-B0r-MdAPLymqnZbYAnFNsg==/oat/arm64/base.odex) is kOatBootImageOutOfDate with filter 'speed-profile' executable 'false': Image checksum mismatch, expected i;14/a1226105:i;32/48029bee to start with i;14/b4d28c19
02-16 19:31:16.884  2249  2252 I artd    : GetBestInfo: vdex next to the dex file (/data/app/~~OAP_g0gvYKwFqcp0wd0PEA==/com.google.android.gms-B0r-MdAPLymqnZbYAnFNsg==/oat/arm64/base.vdex) is kOatUpToDate with filter 'verify' executable 'false'
02-16 19:31:16.888  2249  2252 I artd    : GetBestInfo: odex next to the dex file (/data/app/~~OAP_g0gvYKwFqcp0wd0PEA==/com.google.android.gms-B0r-MdAPLymqnZbYAnFNsg==/oat/arm64/split_AdsDynamite_installtime.odex) is kOatBootImageOutOfDate with filter 'speed' executable 'false': Image checksum mismatch, expected i;14/a1226105:i;32/48029bee to start with i;14/b4d28c19
02-16 19:31:16.889  2249  2252 I artd    : GetBestInfo: vdex next to the dex file (/data/app/~~OAP_g0gvYKwFqcp0wd0PEA==/com.google.android.gms-B0r-MdAPLymqnZbYAnFNsg==/oat/arm64/split_AdsDynamite_installtime.vdex) is kOatUpToDate with filter 'verify' executable 'false'
02-16 19:31:16.893  2249  2252 I artd    : GetBestInfo: odex next to the dex file (/data/app/~~OAP_g0gvYKwFqcp0wd0PEA==/com.google.android.gms-B0r-MdAPLymqnZbYAnFNsg==/oat/arm64/split_CronetDynamite_installtime.odex) is kOatBootImageOutOfDate with filter 'speed-profile' executable 'false': Image checksum mismatch, expected i;14/a1226105:i;32/48029bee to start with i;14/b4d28c19
02-16 19:31:16.893  2249  2252 I artd    : GetBestInfo: vdex next to the dex file (/data/app/~~OAP_g0gvYKwFqcp0wd0PEA==/com.google.android.gms-B0r-MdAPLymqnZbYAnFNsg==/oat/arm64/split_CronetDynamite_installtime.vdex) is kOatUpToDate with filter 'verify' executable 'false'
02-16 19:31:16.894  2249  2252 I artd    : GetBestInfo: odex next to the dex file (/data/app/~~OAP_g0gvYKwFqcp0wd0PEA==/com.google.android.gms-B0r-MdAPLymqnZbYAnFNsg==/oat/arm64/split_DynamiteLoader_installtime.odex) is kOatBootImageOutOfDate with filter 'speed' executable 'false': Image checksum mismatch, expected i;14/a1226105:i;32/48029bee to start with i;14/b4d28c19
02-16 19:31:16.895  2249  2252 I artd    : GetBestInfo: vdex next to the dex file (/data/app/~~OAP_g0gvYKwFqcp0wd0PEA==/com.google.android.gms-B0r-MdAPLymqnZbYAnFNsg==/oat/arm64/split_DynamiteLoader_installtime.vdex) is kOatUpToDate with filter 'verify' executable 'false'
02-16 19:31:16.899  2249  2252 I artd    : GetBestInfo: odex next to the dex file (/data/app/~~OAP_g0gvYKwFqcp0wd0PEA==/com.google.android.gms-B0r-MdAPLymqnZbYAnFNsg==/oat/arm64/split_DynamiteModulesA_installtime.odex) is kOatBootImageOutOfDate with filter 'speed' executable 'false': Image checksum mismatch, expected i;14/a1226105:i;32/48029bee to start with i;14/b4d28c19
02-16 19:31:16.899  2249  2252 I artd    : GetBestInfo: vdex next to the dex file (/data/app/~~OAP_g0gvYKwFqcp0wd0PEA==/com.google.android.gms-B0r-MdAPLymqnZbYAnFNsg==/oat/arm64/split_DynamiteModulesA_installtime.vdex) is kOatUpToDate with filter 'verify' executable 'false'
02-16 19:31:16.901  1524  1911 I ajgm    : openMicEarlyInInteractorProcess is enabled. Mic is not suppressed even when delegation is disabled.
02-16 19:31:16.904  2249  2252 I artd    : GetBestInfo: odex next to the dex file (/data/app/~~OAP_g0gvYKwFqcp0wd0PEA==/com.google.android.gms-B0r-MdAPLymqnZbYAnFNsg==/oat/arm64/split_DynamiteModulesC_installtime.odex) is kOatBootImageOutOfDate with filter 'speed' executable 'false': Image checksum mismatch, expected i;14/a1226105:i;32/48029bee to start with i;14/b4d28c19
02-16 19:31:16.904  2249  2252 I artd    : GetBestInfo: vdex next to the dex file (/data/app/~~OAP_g0gvYKwFqcp0wd0PEA==/com.google.android.gms-B0r-MdAPLymqnZbYAnFNsg==/oat/arm64/split_DynamiteModulesC_installtime.vdex) is kOatUpToDate with filter 'verify' executable 'false'
02-16 19:31:16.907  2249  2252 I artd    : GetBestInfo: odex next to the dex file (/data/app/~~OAP_g0gvYKwFqcp0wd0PEA==/com.google.android.gms-B0r-MdAPLymqnZbYAnFNsg==/oat/arm64/split_GoogleCertificates_installtime.odex) is kOatBootImageOutOfDate with filter 'speed' executable 'false': Image checksum mismatch, expected i;14/a1226105:i;32/48029bee to start with i;14/b4d28c19
02-16 19:31:16.907  2249  2252 I artd    : GetBestInfo: vdex next to the dex file (/data/app/~~OAP_g0gvYKwFqcp0wd0PEA==/com.google.android.gms-B0r-MdAPLymqnZbYAnFNsg==/oat/arm64/split_GoogleCertificates_installtime.vdex) is kOatUpToDate with filter 'verify' executable 'false'
02-16 19:31:16.911  2249  2252 I artd    : GetBestInfo: odex next to the dex file (/data/app/~~OAP_g0gvYKwFqcp0wd0PEA==/com.google.android.gms-B0r-MdAPLymqnZbYAnFNsg==/oat/arm64/split_MapsDynamite_installtime.odex) is kOatBootImageOutOfDate with filter 'speed' executable 'false': Image checksum mismatch, expected i;14/a1226105:i;32/48029bee to start with i;14/b4d28c19
02-16 19:31:16.911  2249  2252 I artd    : GetBestInfo: vdex next to the dex file (/data/app/~~OAP_g0gvYKwFqcp0wd0PEA==/com.google.android.gms-B0r-MdAPLymqnZbYAnFNsg==/oat/arm64/split_MapsDynamite_installtime.vdex) is kOatUpToDate with filter 'verify' executable 'false'
02-16 19:31:16.912   751   783 I libprocessgroup: Removed cgroup /sys/fs/cgroup/apps/uid_10170/pid_1647
02-16 19:31:16.915  2249  2252 I artd    : GetBestInfo: odex next to the dex file (/data/app/~~OAP_g0gvYKwFqcp0wd0PEA==/com.google.android.gms-B0r-MdAPLymqnZbYAnFNsg==/oat/arm64/split_MeasurementDynamite_installtime.odex) is kOatBootImageOutOfDate with filter 'speed' executable 'false': Image checksum mismatch, expected i;14/a1226105:i;32/48029bee to start with i;14/b4d28c19
02-16 19:31:16.916  2249  2252 I artd    : GetBestInfo: vdex next to the dex file (/data/app/~~OAP_g0gvYKwFqcp0wd0PEA==/com.google.android.gms-B0r-MdAPLymqnZbYAnFNsg==/oat/arm64/split_MeasurementDynamite_installtime.vdex) is kOatUpToDate with filter 'verify' executable 'false'
02-16 19:31:16.920  2249  2252 I artd    : GetBestInfo: odex next to the dex file (/data/app/~~OAP_g0gvYKwFqcp0wd0PEA==/com.google.android.gms-B0r-MdAPLymqnZbYAnFNsg==/oat/arm64/split_all_locale_splits.odex) is kOatBootImageOutOfDate with filter 'speed' executable 'false': Image checksum mismatch, expected i;14/a1226105:i;32/48029bee to start with i;14/b4d28c19
02-16 19:31:16.920  2249  2252 I artd    : GetBestInfo: vdex next to the dex file (/data/app/~~OAP_g0gvYKwFqcp0wd0PEA==/com.google.android.gms-B0r-MdAPLymqnZbYAnFNsg==/oat/arm64/split_all_locale_splits.vdex) is kOatUpToDate with filter 'verify' executable 'false'
02-16 19:31:16.921  2249  2252 I artd    : GetBestInfo: /data/user_de/0/com.google.android.gms/app_chimera/m/0000000f/dl-MlkitOcrCommon.optional_260235100400.apk has no usable artifacts
02-16 19:31:16.922  2249  2252 I artd    : GetBestInfo: /data/user_de/0/com.google.android.gms/app_chimera/m/00000001/CronetDynamite.apk has no usable artifacts
02-16 19:31:16.928  2249  2252 I artd    : GetBestInfo: vdex next to the dex file (/data/user/0/com.google.android.gms/app_dg_cache/9B790551AEA6F45286C19831BDC04308DF1AFF9F/oat/arm64/the.vdex) is kOatUpToDate with filter 'verify' executable 'false'
02-16 19:31:16.928  2249  2252 I artd    : GetBestInfo: /data/user_de/0/com.google.android.gms/app_chimera/m/00000002/DynamiteLoader.apk has no usable artifacts
02-16 19:31:16.928  2249  2252 I artd    : GetBestInfo: /data/user_de/0/com.google.android.gms/app_chimera/m/00000011/dl-PlayCloudSearch.optional_260235100000.apk has no usable artifacts
02-16 19:31:16.930  2249  2252 I artd    : GetBestInfo: /data/user_de/0/com.google.android.gms/app_chimera/m/0000000c/dl-Appsearch.optional_260235100400.apk has no usable artifacts
02-16 19:31:16.931  2249  2251 I artd    : GetBestInfo: /data/user_de/0/com.google.android.gms/app_chimera/m/00000005/GoogleCertificates.apk has no usable artifacts
02-16 19:31:16.931  2249  2252 I artd    : GetBestInfo: /data/user_de/0/com.google.android.gms/app_chimera/m/0000000d/dl-MlkitBarcodeUi.optional_260235100400.apk has no usable artifacts
02-16 19:31:16.932  1524  1911 I ajgm    : openMicEarlyInInteractorProcess is enabled. Mic is not suppressed even when delegation is disabled.
02-16 19:31:16.934  2249  2252 I artd    : GetBestInfo: /data/user_de/0/com.google.android.gms/app_chimera/m/00000009/dl-TfliteDynamiteDynamite.integ_252130102100400.apk has no usable artifacts
02-16 19:31:16.936  2945  2945 I cr_PolicyProvider: #setManagerAndSource() 1
02-16 19:31:16.939  2249  2252 I artd    : GetBestInfo: vdex next to the dex file (/data/user/0/com.google.android.gms/app_dg_cache/646DA7BE3AF9B756DEFD88CA7189FC9D7C55EC0F/oat/arm64/the.vdex) is kOatUpToDate with filter 'verify' executable 'false'
02-16 19:31:16.941  2249  2252 I artd    : GetBestInfo: /data/user_de/0/com.google.android.gms/app_chimera/m/0000000b/dl-VisionOcr.optional_260235100000.apk has no usable artifacts
02-16 19:31:16.946  2945  2945 I cr_AppResProvider: #getApplicationRestrictionsFromUserManager() Bundle[EMPTY_PARCEL]
02-16 19:31:16.946  2945  2945 I cr_PolicyProvider: #notifySettingsAvailable() 1
02-16 19:31:16.946  2945  2945 I cr_CombinedPProvider: #onSettingsAvailable() 1
02-16 19:31:16.948  2249  2252 I artd    : GetBestInfo: /data/user_de/0/com.google.android.gms/app_chimera/m/00000007/MeasurementDynamite.apk has no usable artifacts
02-16 19:31:16.954  1524  1911 I ajgm    : openMicEarlyInInteractorProcess is enabled. Mic is not suppressed even when delegation is disabled.
02-16 19:31:16.954  1524  1911 I ajgm    : openMicEarlyInInteractorProcess is enabled. Mic is not suppressed even when delegation is disabled.
02-16 19:31:16.954  1524  1911 I ajgm    : openMicEarlyInInteractorProcess is enabled. Mic is not suppressed even when delegation is disabled.
02-16 19:31:16.954  1524  1911 I ajgm    : openMicEarlyInInteractorProcess is enabled. Mic is not suppressed even when delegation is disabled.
02-16 19:31:16.954  1524  1911 I ajgm    : openMicEarlyInInteractorProcess is enabled. Mic is not suppressed even when delegation is disabled.
02-16 19:31:16.954  1524  1911 I ajgm    : openMicEarlyInInteractorProcess is enabled. Mic is not suppressed even when delegation is disabled.
02-16 19:31:16.954  1524  1911 I ajgm    : openMicEarlyInInteractorProcess is enabled. Mic is not suppressed even when delegation is disabled.
02-16 19:31:16.954  1524  1911 I ajgm    : openMicEarlyInInteractorProcess is enabled. Mic is not suppressed even when delegation is disabled.
02-16 19:31:16.954  1524  1911 I ajgm    : openMicEarlyInInteractorProcess is enabled. Mic is not suppressed even when delegation is disabled.
02-16 19:31:16.954  1524  1911 I ajgm    : openMicEarlyInInteractorProcess is enabled. Mic is not suppressed even when delegation is disabled.
02-16 19:31:16.954  1524  1911 I ajgm    : openMicEarlyInInteractorProcess is enabled. Mic is not suppressed even when delegation is disabled.
02-16 19:31:16.954  1524  1911 I ajgm    : openMicEarlyInInteractorProcess is enabled. Mic is not suppressed even when delegation is disabled.
02-16 19:31:16.954  1524  1911 I ajgm    : openMicEarlyInInteractorProcess is enabled. Mic is not suppressed even when delegation is disabled.
02-16 19:31:16.954  1524  1911 I ajgm    : openMicEarlyInInteractorProcess is enabled. Mic is not suppressed even when delegation is disabled.
02-16 19:31:16.954  1524  1911 I ajgm    : openMicEarlyInInteractorProcess is enabled. Mic is not suppressed even when delegation is disabled.
02-16 19:31:16.954  1524  1911 I ajgm    : openMicEarlyInInteractorProcess is enabled. Mic is not suppressed even when delegation is disabled.
02-16 19:31:16.954  1524  1911 I ajgm    : openMicEarlyInInteractorProcess is enabled. Mic is not suppressed even when delegation is disabled.
02-16 19:31:16.954  1524  1911 I ajgm    : openMicEarlyInInteractorProcess is enabled. Mic is not suppressed even when delegation is disabled.
02-16 19:31:16.954  1524  1911 I ajgm    : openMicEarlyInInteractorProcess is enabled. Mic is not suppressed even when delegation is disabled.
02-16 19:31:16.963  3083  3126 D nativeloader: Load /data/app/~~1GO4WFASiC2zWKpIOJtlKg==/com.android.chrome-SXVBkv8J3YLxzsO__Fr4jA==/Chrome.apk!/lib/arm64-v8a/libchromium_android_linker.so using class loader ns clns-10 (caller=/data/app/~~1GO4WFASiC2zWKpIOJtlKg==/com.android.chrome-SXVBkv8J3YLxzsO__Fr4jA==/Chrome.apk): ok
02-16 19:31:16.963  3083  3126 I cr_LibraryLoader: Loading monochrome_64 from within /data/app/~~1GO4WFASiC2zWKpIOJtlKg==/com.android.chrome-SXVBkv8J3YLxzsO__Fr4jA==/Chrome.apk
02-16 19:31:16.964  3083  3126 I cr_Linker: loadLibraryImplLocked: monochrome_64, relroMode=2
02-16 19:31:16.972  3107  3107 D nativeloader: InitLlndkLibrariesProduct: libEGL.so:libGLESv1_CM.so:libGLESv2.so:libGLESv3.so:libRS.so:libandroid_net.so:libapexsupport.so:libavf.so:libbinder_ndk.so:libc.so:libcgrouprc.so:libclang_rt.asan-aarch64-android.so:libclang_rt.hwasan-aarch64-android.so:libcom.android.tethering.connectivity_native.so:libdl.so:libft2.so:liblog.so:libm.so:libmediandk.so:libnativewindow.so:libneuralnetworks.so:libselinux.so:libsync.so:libvendorsupport.so:libvndksupport.so:libvulkan.so
02-16 19:31:16.972  3107  3107 D nativeloader: Configuring product-clns-9 for unbundled product apk /product/priv-app/SafetyHubPrebuilt/SafetyHubPrebuilt.apk. target_sdk_version=35, uses_libraries=, library_path=/product/priv-app/SafetyHubPrebuilt/lib/arm64:/product/priv-app/SafetyHubPrebuilt/SafetyHubPrebuilt.apk!/lib/arm64-v8a:/product/lib64:/system/product/lib64, permitted_path=/data:/mnt/expand:/data/user/0/com.google.android.apps.safetyhub:/product/lib64:/system/product/lib64
02-16 19:31:16.979  3083  3126 D nativeloader: Load /data/app/~~2WOZ5PtytcKpA0_ysQCbNg==/com.google.android.trichromelibrary_699813532-8no3WzDHzLvpsA_mY4t0Og==/TrichromeLibrary.apk!/lib/arm64-v8a/libmonochrome_64.so using class loader ns clns-10 (caller=/data/app/~~1GO4WFASiC2zWKpIOJtlKg==/com.android.chrome-SXVBkv8J3YLxzsO__Fr4jA==/Chrome.apk): ok
02-16 19:31:16.987  1004  1212 W Looper  : Slow dispatch took 1759ms SysUiBg app=com.android.systemui main=false group=FOREGROUND h=android.os.Handler c=com.android.systemui.broadcast.ActionReceiver$onReceive$1$1$1@f17d591 m=0
02-16 19:31:16.994  3083  3126 I cr_LibraryLoader: Successfully loaded native library
02-16 19:31:16.994  2138  2138 I DialerMwiNotificationReceiver: com.android.dialer.voicemail.notification.receivers.MwiNotificationReceiver.onReceive:77 enter
02-16 19:31:16.994  2138  2138 I DialerSingletonScopedExternalsLogging: com.google.android.dialershared.externals.logging.SingletonScopedExternalsLogging.recordCallMethodInvocation:75 event: BROADCAST_RECEIVER_INTENT_EXTRAS, function parameters: [scq,android.telephony.action.SHOW_VOICEMAIL_NOTIFICATION,[0,false,null]], return value: <empty>
02-16 19:31:16.995  2138  2138 I DialerSingletonScopedExternalsLogging: com.google.android.dialershared.externals.logging.SingletonScopedExternalsLogging.recordCallMethodInvocation:75 event: BROADCAST_RECEIVER_INTENT_EXTRAS, function parameters: [scq,android.telephony.action.SHOW_VOICEMAIL_NOTIFICATION,[[com.android.phone/com.android.services.telephony.TelephonyConnectionService : [PII]49]]], return value: <empty>
02-16 19:31:16.995  2138  2138 I DialerMwiNotificationReceiver: com.android.dialer.voicemail.notification.receivers.MwiNotificationReceiver.handleNotification:113 clear the MWI notification
02-16 19:31:16.995  3083  3126 I cr_CachingUmaRecorder: Flushed 4 samples from 4 histograms, 0 samples were dropped.
02-16 19:31:17.007  3107  3107 D nativeloader: InitVndkspLibrariesProduct: VNDK is deprecated with product
02-16 19:31:17.043  2945  3062 W System  : ClassLoader referenced unknown path: 
02-16 19:31:17.043  2945  3062 D nativeloader: Configuring clns-11 for other apk . target_sdk_version=36, uses_libraries=, library_path=/data/app/~~OAP_g0gvYKwFqcp0wd0PEA==/com.google.android.gms-B0r-MdAPLymqnZbYAnFNsg==/lib/arm64:/data/app/~~OAP_g0gvYKwFqcp0wd0PEA==/com.google.android.gms-B0r-MdAPLymqnZbYAnFNsg==/base.apk!/lib/arm64-v8a, permitted_path=/data:/mnt/expand:/data/user/0/com.google.android.gms
02-16 19:31:17.053  2945  2945 E ashmem  : Pinning is deprecated since Android Q. Please use trim or other methods.
02-16 19:31:17.074  3107  3107 D CompatChangeReporter: Compat change id reported: 202956589; UID 10156; state: ENABLED
02-16 19:31:17.088   751   898 D InetDiagMessage: Destroyed 0 sockets, proto=IPPROTO_TCP, family=AF_INET, states=14
02-16 19:31:17.088   751   898 D InetDiagMessage: Destroyed 0 sockets, proto=IPPROTO_TCP, family=AF_INET6, states=14
02-16 19:31:17.088   751   898 D InetDiagMessage: Destroyed live tcp sockets for uids={10180} in 0ms
02-16 19:31:17.088   751   898 D InetDiagMessage: Destroyed 0 sockets, proto=IPPROTO_TCP, family=AF_INET, states=14
02-16 19:31:17.088   751   898 D InetDiagMessage: Destroyed 0 sockets, proto=IPPROTO_TCP, family=AF_INET6, states=14
02-16 19:31:17.088   751   898 D InetDiagMessage: Destroyed live tcp sockets for uids={20180} in 0ms
02-16 19:31:17.095  1589  1773 W libbinder.Binder: Binder transaction to com.google.android.gms.potokens.internal.IPoTokensService code 3 took 1730ms. Data bytes: 240 Reply bytes: 4 Flags: 18
02-16 19:31:17.103  3083  3126 W libc    : Access denied finding property "vendor.mesa.log"
02-16 19:31:17.103   751  1872 W libbinder.Binder: Binder transaction to android.content.pm.IPackageManager code 1598311760 took 2317ms. Data bytes: 80 Reply bytes: 4 Flags: 16
02-16 19:31:17.104  3118  3118 D ApplicationLoaders: Returning zygote-cached class loader: /system_ext/framework/androidx.window.extensions.jar
02-16 19:31:17.104  3118  3118 D ApplicationLoaders: Returning zygote-cached class loader: /system_ext/framework/androidx.window.sidecar.jar
02-16 19:31:17.111  3083  3126 W libc    : Access denied finding property "vendor.mesa.log.file"
02-16 19:31:17.111  3083  3126 E MESA    : Failed to open rendernode: No such file or directory
02-16 19:31:17.111  3083  3126 E MESA    : Failed to open rendernode: No such file or directory
02-16 19:31:17.119  3083  3126 D vulkan  : searching for layers in '/data/app/~~1GO4WFASiC2zWKpIOJtlKg==/com.android.chrome-SXVBkv8J3YLxzsO__Fr4jA==/lib/arm64'
02-16 19:31:17.129  3083  3126 D vulkan  : searching for layers in '/data/app/~~1GO4WFASiC2zWKpIOJtlKg==/com.android.chrome-SXVBkv8J3YLxzsO__Fr4jA==/Chrome.apk!/lib/arm64-v8a'
02-16 19:31:17.132  3083  3126 D vulkan  : searching for layers in '/data/app/~~2WOZ5PtytcKpA0_ysQCbNg==/com.google.android.trichromelibrary_699813532-8no3WzDHzLvpsA_mY4t0Og==/TrichromeLibrary.apk!/lib/arm64-v8a'
02-16 19:31:17.132  3083  3126 E MESA    : Failed to open rendernode: No such file or directory
02-16 19:31:17.132  3083  3126 E MESA    : Failed to open rendernode: No such file or directory
02-16 19:31:17.133  3083  3126 E MESA    : Failed to open rendernode: No such file or directory
02-16 19:31:17.133  3083  3126 E MESA    : Failed to open rendernode: No such file or directory
02-16 19:31:17.136  3083  3126 E MESA    : Failed to open rendernode: No such file or directory
02-16 19:31:17.136  3083  3126 E MESA    : Failed to open rendernode: No such file or directory
02-16 19:31:17.136  3083  3126 W libc    : Access denied finding property "vendor.mesa.vk.trace.per.submit"
02-16 19:31:17.136  3083  3126 W libc    : Access denied finding property "vendor.mesa.gallium.print.optio"
02-16 19:31:17.136  3083  3126 W libc    : Access denied finding property "vendor.mesa.vk.trace.frame"
02-16 19:31:17.147  3083  3126 E MESA    : Failed to open rendernode: No such file or directory
02-16 19:31:17.155  3083  3126 W libc    : Access denied finding property "vendor.mesa.vk.wsi.headless.swa"
02-16 19:31:17.160  3083  3126 E MESA    : Failed to open rendernode: No such file or directory
02-16 19:31:17.160  3083  3126 E MESA    : Failed to open rendernode: No such file or directory
02-16 19:31:17.160  3083  3126 I GFXSTREAM: [eglDisplay.cpp(297)] Opening libGLESv1_CM_emulation.so
02-16 19:31:17.160  3083  3126 I GFXSTREAM: [eglDisplay.cpp(297)] Opening libGLESv2_emulation.so
02-16 19:31:17.167   751   767 D ConnectivityService: requestNetwork for uid/pid:10162/2945 activeRequest: null callbackRequest: 130 [NetworkRequest [ REQUEST id=131, [ Capabilities: INTERNET&NOT_RESTRICTED&TRUSTED&NOT_VCN_MANAGED&NOT_BANDWIDTH_CONSTRAINED Uid: 10162 RequestorUid: 10162 RequestorPkg: com.android.chrome UnderlyingNetworks: Null] ]] callback flags: 0 order: 2147483647 isUidTracked: false declaredMethods: AVAIL|LOST|NC|LP
02-16 19:31:17.168  1524  1911 I anac    : (REDACTED) #isRobinOnlyLocale checkedLocale:%s language:%s list:%s
02-16 19:31:17.168  1524  1911 I ajks    : (REDACTED) FCF System FeatureName to check: %s
02-16 19:31:17.168  1524  1911 I ajks    : (REDACTED) FCF: Device model check status : %s
02-16 19:31:17.190   751  1872 V GrammaticalInflectionUtils: AttributionSource: android.content.AttributionSource@4e8f74bd does not have READ_SYSTEM_GRAMMATICAL_GENDER permission.
02-16 19:31:17.190   751  1872 W ActivityManager: Slow operation: 51ms so far, now at startProcess: done creating new process record
02-16 19:31:17.190   751  1872 W ActivityManager: Slow operation: 51ms so far, now at startProcess: stepping in to startProcess
02-16 19:31:17.199  1524  1911 I ajqx    : (REDACTED) #evaluate: isEnabled = %s failure reasons: %s
02-16 19:31:17.199  1524  1911 I aixl    : (REDACTED) #initialConfig Current Locale set to: %s
02-16 19:31:17.199  1524  1911 I aixl    : (REDACTED) #initialConfig Assistant is currently enabled: %s
02-16 19:31:17.199  1524  1911 I aixl    : (REDACTED) #initialConfig InputModality is currently: %s
02-16 19:31:17.208  1275  1283 I FontLog : (REDACTED) Font PFD returned from cache for %s
02-16 19:31:17.208  1275  1283 I FontLog : (REDACTED) Fetch %s end status %s
02-16 19:31:17.209   751   828 D CompatChangeReporter: Compat change id reported: 319212206; UID 10162; state: ENABLED
02-16 19:31:17.213   751  1872 W ActivityManager: Slow operation: 74ms so far, now at startProcess: done starting proc!
02-16 19:31:17.248  1524  1911 I aixl    : (REDACTED) #initialConfig Speed Bump entry points: %s
02-16 19:31:17.258  1524  1911 I aixl    : (REDACTED) #initialConfig Long Press Power Education entrypoints: %s
02-16 19:31:17.258  1524  1911 I aixl    : (REDACTED) #initialConfig Robin entrypoints: %s
02-16 19:31:17.267  3083  3126 E MESA    : Failed to open rendernode: No such file or directory
02-16 19:31:17.268  2138  2138 I DialerBroadcastReceiverStrategyImpl: com.android.dialer.broadcastreceiverstrategy.impl.BroadcastReceiverStrategyImpl.backgroundThenInlineThenForeground:78 try doing work using a background service
02-16 19:31:17.277   555   555 W Zygote  : forkRepeatedly terminated due to non-simple command
02-16 19:31:17.277   555   555 D Zygote  : mbuffer starts with 16, nice name is com.android.chrome_zygote, mEnd = 435, mNext = 216, mLinesLeft = 6, mFd = 5
02-16 19:31:17.283   555   555 W Zygote  : Resorting to Java fork code; multipleOK = true
02-16 19:31:17.299  1524  1911 I aixl    : (REDACTED) #initialConfig Preferred audio route type: %s
02-16 19:31:17.299  1524  1911 I aixl    : (REDACTED) #initialConfig Earcons to be added: %s
02-16 19:31:17.299  1524  1911 I aixl    : (REDACTED) #initialConfig Mic occupied behavior: %s
02-16 19:31:17.299  1524  1911 I aixl    : (REDACTED) #initialConfig Headphone voice queries and spoken notifications status: %s
02-16 19:31:17.304  3118  3118 I .adservices.api: Could not load runtime generated app image: Boot image checksum mismatch (0xe920faeb != 0xaf0aa0de) in image /data/user/0/com.google.android.adservices.api/cache/oat_primary/arm64/AdServicesApkGoogle.art
02-16 19:31:17.308  3083  3126 E MESA    : Failed to open rendernode: No such file or directory
02-16 19:31:17.309  3083  3126 E MESA    : Failed to open rendernode: No such file or directory
02-16 19:31:17.309  3083  3126 E MESA    : Failed to open rendernode: No such file or directory
02-16 19:31:17.309  3083  3126 E MESA    : Failed to open rendernode: No such file or directory
02-16 19:31:17.309  3083  3126 E MESA    : Failed to open rendernode: No such file or directory
02-16 19:31:17.309  3083  3126 W libc    : Access denied finding property "vendor.mesa.vk.trace.per.submit"
02-16 19:31:17.309  3083  3126 W libc    : Access denied finding property "vendor.mesa.vk.trace.frame"
02-16 19:31:17.311   751   892 D WifiNetworkFactory: got request NetworkRequest [ REQUEST id=131, [ Capabilities: INTERNET&NOT_RESTRICTED&TRUSTED&NOT_VCN_MANAGED&NOT_BANDWIDTH_CONSTRAINED Uid: 10162 RequestorUid: 10162 RequestorPkg: com.android.chrome UnderlyingNetworks: Null] ]
02-16 19:31:17.319   555   555 D Zygote  : Forked child process 3150
02-16 19:31:17.329  2138  2138 I DialerMwiReceiver: com.android.dialer.voicemail.service.receivers.MwiReceiver.onReceive:74 Received ACTION_SHOW_VOICEMAIL_NOTIFICATION
02-16 19:31:17.337  3083  3126 E MESA    : Failed to open rendernode: No such file or directory
02-16 19:31:17.342  3150  3150 I libc    : SetHeapTaggingLevel: tag level set to 0
02-16 19:31:17.347  3150  3150 I Zygote  : Process 3150 created for com.android.chrome_zygote
02-16 19:31:17.347  3150  3150 I d.chrome_zygote: Using CollectorTypeCMC GC.
02-16 19:31:17.348   751   782 W ZygoteProcess: Got error connecting to zygote, retrying. msg= Connection refused
02-16 19:31:17.348   751   898 D ConnectivityService: NetReassign [131 : null → 100] [c 1] [a 62] [i 72]
02-16 19:31:17.356  3118  3118 D nativeloader: Configuring clns-shared-9 for other apk /apex/com.android.adservices/priv-app/AdServicesApkGoogle@361153320/AdServicesApkGoogle.apk. target_sdk_version=36, uses_libraries=, library_path=/apex/com.android.adservices/priv-app/AdServicesApkGoogle@361153320/lib/arm64:/system/lib64:/system_ext/lib64, permitted_path=/data:/mnt/expand:/data/user/0/com.google.android.adservices.api:/apex/com.android.adservices/priv-app/AdServicesApkGoogle@361153320:/system/lib64:/system_ext/lib64
02-16 19:31:17.356   751   892 D UntrustedWifiNetworkFactory: got request NetworkRequest [ REQUEST id=131, [ Capabilities: INTERNET&NOT_RESTRICTED&TRUSTED&NOT_VCN_MANAGED&NOT_BANDWIDTH_CONSTRAINED Uid: 10162 RequestorUid: 10162 RequestorPkg: com.android.chrome UnderlyingNetworks: Null] ]
02-16 19:31:17.356   751   892 D OemPaidWifiNetworkFactory: got request NetworkRequest [ REQUEST id=131, [ Capabilities: INTERNET&NOT_RESTRICTED&TRUSTED&NOT_VCN_MANAGED&NOT_BANDWIDTH_CONSTRAINED Uid: 10162 RequestorUid: 10162 RequestorPkg: com.android.chrome UnderlyingNetworks: Null] ]
02-16 19:31:17.356   751   892 D MultiInternetWifiNetworkFactory: got request NetworkRequest [ REQUEST id=131, [ Capabilities: INTERNET&NOT_RESTRICTED&TRUSTED&NOT_VCN_MANAGED&NOT_BANDWIDTH_CONSTRAINED Uid: 10162 RequestorUid: 10162 RequestorPkg: com.android.chrome UnderlyingNetworks: Null] ]
02-16 19:31:17.357  3083  3126 W libc    : Access denied finding property "vendor.mesa.vk.wsi.headless.swa"
02-16 19:31:17.357  3083  3126 E MESA    : Failed to open rendernode: No such file or directory
02-16 19:31:17.357  3083  3126 E MESA    : Failed to open rendernode: No such file or directory
02-16 19:31:17.358  3083  3126 E MESA    : Failed to open rendernode: No such file or directory
02-16 19:31:17.373  3083  3126 E MESA    : Failed to open rendernode: No such file or directory
02-16 19:31:17.373  3083  3126 E MESA    : Failed to open rendernode: No such file or directory
02-16 19:31:17.373  3083  3126 E MESA    : Failed to open rendernode: No such file or directory
02-16 19:31:17.373  3083  3126 E MESA    : Failed to open rendernode: No such file or directory
02-16 19:31:17.373  3083  3126 E MESA    : Failed to open rendernode: No such file or directory
02-16 19:31:17.373  3083  3126 E MESA    : Failed to open rendernode: No such file or directory
02-16 19:31:17.373  3083  3126 E MESA    : Failed to open rendernode: No such file or directory
02-16 19:31:17.400   751   782 W ZygoteProcess: Got error connecting to zygote, retrying. msg= Connection refused
02-16 19:31:17.403  2945  3156 I CameraManagerGlobal: Connecting to camera service
02-16 19:31:17.404  3118  3118 D nativeloader: InitApexLibraries:
02-16 19:31:17.404  3118  3118 D nativeloader:   com_android_adservices: libhpke_jni.so:libtflite_support_classifiers_native.so
