02-16 15:18:35.698   664   816 D InetDiagMessage: Destroyed live tcp sockets for uids={10144} in 5ms
02-16 15:18:35.699   664   816 D InetDiagMessage: Destroyed 0 sockets, proto=IPPROTO_TCP, family=AF_INET, states=14
02-16 15:18:35.699   664   816 D InetDiagMessage: Destroyed 0 sockets, proto=IPPROTO_TCP, family=AF_INET6, states=14
02-16 15:18:35.699   664   816 D InetDiagMessage: Destroyed live tcp sockets for uids={20144} in 0ms
02-16 15:18:35.700   664   685 I ActivityManager: Showing crash dialog for package com.kurye.pro u0
02-16 15:18:35.712  1077  1077 D NexusLauncherModelDelegate: notifySmartspaceEvent: SmartspaceTargetEvent{mSmartspaceTarget=null, mSmartspaceActionId='null', mEventType=6}
02-16 15:18:35.723   914  1227 D WallpaperService: onVisibilityChanged(true): com.android.systemui.wallpapers.ImageWallpaper$CanvasEngine@52598e9
02-16 15:18:35.738  1077  1077 D b/417220811: invalidateLoadedTasks - previous requestLoadId: -1
02-16 15:18:35.739   664   685 D WindowOnBackDispatcher: setTopOnBackInvokedCallback (unwrapped): android.app.Dialog$$ExternalSyntheticLambda2@2fb43d2
02-16 15:18:35.739   664   685 D CoreBackPreview: Window{7b3ea6e u0 Application Error: com.kurye.pro}: Setting back callback OnBackInvokedCallbackInfo{mCallback=android.window.WindowOnBackInvokedDispatcher$OnBackInvokedCallbackWrapper@a120ca3, mPriority=-1, mIsAnimationCallback=false, mOverrideBehavior=0}
02-16 15:18:35.739   664  1149 V WindowManager: Continue transition id=9 for TaskFragmentTransaction=android.os.Binder@be9d3c
02-16 15:18:35.739   664  1149 V WindowManager: continueTransitionReady deferReadyDepth=0 stack=com.android.server.wm.TransitionController.continueTransitionReady:1071 com.android.server.wm.TaskFragmentOrganizerController$TaskFragmentOrganizerState.onTransactionFinished:546 com.android.server.wm.TaskFragmentOrganizerController.onTransactionHandled:740 android.window.ITaskFragmentOrganizerController$Stub.onTransact:225 android.os.Binder.execTransactInternal:1473 
02-16 15:18:35.749  1077  1325 E FrameEvents: addRelease: Did not find frame.
02-16 15:18:35.823  1458  4775 I RecoverableKeyStoreGms: [FolsomSyncManager] Starting sync for event: SYNC_PERIODIC
02-16 15:18:35.824   664   679 I RecoverySnapshotStorage: Snapshot for uid 10155 not found
02-16 15:18:35.828  1305  3734 I NetworkScheduler.Stats: (REDACTED) Task %s/%s started execution. cause:%s exec_start_elapsed_seconds: %s
02-16 15:18:35.837  1458  4775 I RecoverableKeyStoreGms: [KeySyncController] Snapshot is null
02-16 15:18:35.874  1305  5300 I NetworkScheduler.Stats: (REDACTED) Task %s/%s finished executing. cause:%s result: %s elapsed_millis: %s uptime_millis: %s exec_start_elapsed_seconds: %s
02-16 15:18:36.194   664   687 W ActivityTaskManager: Activity top resumed state loss timeout for ActivityRecord{221234123 u0 com.kurye.pro/.MainActivity t33 f}}
02-16 15:18:36.196   664   687 W ActivityTaskManager: Activity pause timeout for ActivityRecord{221234123 u0 com.kurye.pro/.MainActivity t33 f}}
02-16 15:18:36.198  1077  1077 D BaseActivity: Launcher flags updated: [state_started|state_resumed|state_user_active] +[state_resumed|state_user_active]
02-16 15:18:36.198  1077  1077 D BaseActivity: Launcher flags updated: [state_started|state_resumed|state_deferred_resumed|state_user_active] +[state_deferred_resumed]
02-16 15:18:36.198  1077  1077 D StatsLog: LAUNCHER_ONRESUME
02-16 15:18:36.200  1077  1104 D QuickstepModelDelegate: notifyAppTargetEvent action=1 launchLocation=workspace/0/[-1,-1]/[1,1]
02-16 15:18:36.200   914   969 D WindowManagerShell: setLauncherKeepClearAreaHeight: visible=true, height=495
02-16 15:18:36.201  1507  1697 I AiAiEcho: Predicting[0]:  [CONTEXT sampling_count=5 ]
02-16 15:18:36.202  1507  1697 I AiAiEcho: EchoTargets: 
02-16 15:18:36.202  1507  1697 I AiAiEcho: Filtered by AiAi flag check: 
02-16 15:18:36.202  1507  1697 I AiAiEcho: [CONTEXT ratelimit_period="10 SECONDS" ]
02-16 15:18:36.203  1507  1697 I AiAiEcho: #remoteViewsTwiddler: feature disabled.
02-16 15:18:36.205  1507  1697 I AiAiEcho: #postPredictionTargets: Sending updates to UISurface home with targets# 0 (types=[])
02-16 15:18:36.206   914  1345 V WindowManagerShell: onTransitionReady(transaction=2851858285464)
02-16 15:18:36.208   914   969 V WindowManagerShell: onTransitionReady (#9) android.os.BinderProxy@becbbeb: {id=9 t=CLOSE f=0x10 trk=0 r=[0@Point(0, 0)] c=[
02-16 15:18:36.208   914   969 V WindowManagerShell:         {m=TO_FRONT f=SHOW_WALLPAPER|MOVE_TO_TOP leash=Surface(name=Task=1#44)/@0x1b687e1 sb=Rect(0, 0 - 1080, 2400) eb=Rect(0, 0 - 1080, 2400) epz=Point(1080, 2400) d=0 taskParent=-1 winMode=1 userId=0},
02-16 15:18:36.208   914   969 V WindowManagerShell:         {m=CLOSE f=NONE leash=Surface(name=Task=33#120)/@0x1249906 sb=Rect(0, 0 - 1080, 2400) eb=Rect(0, 0 - 1080, 2400) epz=Point(1080, 2400) d=0 taskParent=-1 winMode=1 userId=0},
02-16 15:18:36.208   914   969 V WindowManagerShell:         {m=TO_FRONT f=IS_WALLPAPER leash=Surface(name=WallpaperWindowToken{e05d0dc}#64)/@0x3d92bc7 sb=Rect(0, 0 - 1080, 2400) eb=Rect(0, 0 - 1080, 2400) epz=Point(1080, 2400) d=0}
02-16 15:18:36.208   914   969 V WindowManagerShell:     ]}
02-16 15:18:36.208   914   969 V WindowManagerShell: Playing animation for (#9) android.os.BinderProxy@becbbeb@0
02-16 15:18:36.208   914   969 V ShellRecents: RecentsTransitionHandler.startAnimation: no controller found
02-16 15:18:36.209   914   969 V ShellDesktopMode: DesktopMixedTransitionHandler: No pending desktop transition
02-16 15:18:36.209   914   969 V WindowManagerShell: Transition doesn't have explicit remote, search filters for match for {id=9 t=CLOSE f=0x10 trk=0 r=[0@Point(0, 0)] c=[{m=TO_FRONT f=SHOW_WALLPAPER|MOVE_TO_TOP leash=Surface(name=Task=1#44)/@0x1b687e1 sb=Rect(0, 0 - 1080, 2400) eb=Rect(0, 0 - 1080, 2400) epz=Point(1080, 2400) d=0 taskParent=-1 winMode=1 userId=0},{m=CLOSE f=NONE leash=Surface(name=Task=33#120)/@0x1249906 sb=Rect(0, 0 - 1080, 2400) eb=Rect(0, 0 - 1080, 2400) epz=Point(1080, 2400) d=0 taskParent=-1 winMode=1 userId=0},{m=TO_FRONT f=IS_WALLPAPER leash=Surface(name=WallpaperWindowToken{e05d0dc}#64)/@0x3d92bc7 sb=Rect(0, 0 - 1080, 2400) eb=Rect(0, 0 - 1080, 2400) epz=Point(1080, 2400) d=0}]}
02-16 15:18:36.209   914   969 V WindowManagerShell:  Checking filter Pair{{types=[] flags=0x0] notFlags=0x0 checks=[{atype=undefined independent=true modes=[CLOSE,TO_BACK] flags=IN_TASK_WITH_EMBEDDED_ACTIVITY mustBeTask=false order=ANY topActivity=null launchCookie=null taskFragmentToken=android.os.BinderProxy@857bf8 windowingMode=undefined isCrossDisplayMove=false}]} RemoteTransition { remoteTransition = android.window.IRemoteTransition$Stub$Proxy@e6b88d1, appThread = android.app.IApplicationThread$Stub$Proxy@a1f1f36, debugName = overlayBackTransition }}
02-16 15:18:36.209   914   969 V WindowManagerShell:  Checking filter Pair{{types=[] flags=0x0] notFlags=0x0 checks=[{atype=dream independent=true modes=[OPEN,TO_FRONT] flags=NONE mustBeTask=false order=ANY topActivity=null launchCookie=null windowingMode=undefined isCrossDisplayMove=false},{atype=home independent=true modes=[CLOSE,TO_BACK] flags=NONE mustBeTask=false order=ANY topActivity=null launchCookie=null windowingMode=undefined isCrossDisplayMove=false}]} RemoteTransition { remoteTransition = android.window.IRemoteTransition$Stub$Proxy@486ee37, appThread = android.app.IApplicationThread$Stub$Proxy@f925fa4, debugName = LauncherToDream }}
02-16 15:18:36.209   914   969 V WindowManagerShell:  Checking filter Pair{{types=[] flags=0x0] notFlags=0x100 checks=[{atype=home independent=true modes=[OPEN,TO_FRONT] flags=NONE mustBeTask=false order=TOP topActivity=ComponentInfo{com.google.android.apps.nexuslauncher/com.google.android.apps.nexuslauncher.NexusLauncherActivity} launchCookie=null windowingMode=undefined isCrossDisplayMove=false},{atype=standard independent=true modes=[CLOSE,TO_BACK] flags=NONE mustBeTask=false order=ANY topActivity=null launchCookie=null windowingMode=undefined isCrossDisplayMove=false},{NOT atype=undefined independent=true modes=[] flags=NONE mustBeTask=true order=ANY topActivity=null launchCookie=null customAnim=true windowingMode=undefined isCrossDisplayMove=false}]} RemoteTransition { remoteTransition = android.window.IRemoteTransition$Stub$Proxy@74ee10d, appThread = android.app.IApplicationThread$Stub$Proxy@235f8c2, debugName = QuickstepLaunchHome }}
02-16 15:18:36.209   914   969 D RemoteTransitionHandler: Found filterPair{{types=[] flags=0x0] notFlags=0x100 checks=[{atype=home independent=true modes=[OPEN,TO_FRONT] flags=NONE mustBeTask=false order=TOP topActivity=ComponentInfo{com.google.android.apps.nexuslauncher/com.google.android.apps.nexuslauncher.NexusLauncherActivity} launchCookie=null windowingMode=undefined isCrossDisplayMove=false},{atype=standard independent=true modes=[CLOSE,TO_BACK] flags=NONE mustBeTask=false order=ANY topActivity=null launchCookie=null windowingMode=undefined isCrossDisplayMove=false},{NOT atype=undefined independent=true modes=[] flags=NONE mustBeTask=true order=ANY topActivity=null launchCookie=null customAnim=true windowingMode=undefined isCrossDisplayMove=false}]} RemoteTransition { remoteTransition = android.window.IRemoteTransition$Stub$Proxy@74ee10d, appThread = android.app.IApplicationThread$Stub$Proxy@235f8c2, debugName = QuickstepLaunchHome }}
02-16 15:18:36.209   914   969 V WindowManagerShell:  Delegate animation for (#9) to RemoteTransition { remoteTransition = android.window.IRemoteTransition$Stub$Proxy@74ee10d, appThread = android.app.IApplicationThread$Stub$Proxy@235f8c2, debugName = QuickstepLaunchHome }
02-16 15:18:36.216  1077  1077 D SsBaseTemplateCard: Passed-in item info is null
02-16 15:18:36.216  1077  1077 D SsBaseTemplateCard: Passed-in item info is null
02-16 15:18:36.216  1077  1077 D SsBaseTemplateCard: Passed-in item info is null
02-16 15:18:36.216  1077  1077 D SsBaseTemplateCard: Passed-in item info is null
02-16 15:18:36.216  1077  1077 I SsBaseTemplateCard: Secondary card pane is null
02-16 15:18:36.218   664   684 V WindowManager: Sent Transition (#9) createdAt=02-16 15:18:35.693 via request=TransitionRequestInfo { type = CLOSE, triggerTask = TaskInfo{userId=0 taskId=33 effectiveUid=10229 displayId=0 isRunning=true baseIntent=Intent { flg=0x10000000 cmp=com.kurye.pro/.MainActivity } baseActivity=ComponentInfo{com.kurye.pro/com.kurye.pro.MainActivity} topActivity=ComponentInfo{com.kurye.pro/com.kurye.pro.MainActivity} origActivity=null realActivity=ComponentInfo{com.kurye.pro/com.kurye.pro.MainActivity} numActivities=1 lastActiveTime=186695 supportsMultiWindow=true resizeMode=1 isResizeable=true minWidth=-1 minHeight=-1 defaultMinSize=220 token=WCT{RemoteToken{8a81bec Task{50067a8 #33 type=standard A=10229:com.kurye.pro}}} topActivityType=1 pictureInPictureParams=null shouldDockBigOverlays=false launchIntoPipHostTaskId=-1 lastParentTaskIdBeforePip=-1 displayCutoutSafeInsets=Rect(0, 0 - 0, 0) topActivityInfo=ActivityInfo{c9dfbb5 com.kurye.pro.MainActivity} launchCookies=[] positionInParent=Point(0, 0) parentTaskId=-1 isFocused=true isVisible=true isVisibleRequested=true isTopActivityNoDisplay=false isSleeping=false locusId=null displayAreaFeatureId=1 isTopActivityTransparent=false isActivityStackTransparent=false lastNonFullscreenBounds=null capturedLink=null capturedLinkTimestamp=0 requestedVisibleTypes=503 topActivityRequestOpenInBrowserEducationTimestamp=0 appCompatTaskInfo=AppCompatTaskInfo { topActivityInSizeCompat=false isLeafTask= true eligibleForLetterboxEducation= false isLetterboxEducationEnabled= true isLetterboxDoubleTapEnabled= false eligibleForUserAspectRatioButton= false topActivityBoundsLetterboxed= false isFromLetterboxDoubleTap= false topActivityLetterboxVerticalPosition= -1 topActivityLetterboxHorizontalPosition= -1 topActivityLetterboxWidth=-1 topActivityLetterboxHeight=-1 topActivityAppBounds=Rect(0, 0 - 1080, 2337) isUserFullscreenOverrideEnabled=false isSystemFullscreenOverrideEnabled=false hasMinAspectRatioOverride=false topActivityLetterboxBounds=null cameraCompatTaskInfo=CameraCompatTaskInfo { cameraCompatMode=undefinedundefined} topNonResizableActivityAspectRatio=-1.0} topActivityMainWindowFrame=null isAppBubble=false}, pipChange = null, remoteTransition = null, displayChange = null, requestedLocation = null, userChange = null, windowingLayerChange = null, flags = 16, debugId = 9 }
02-16 15:18:36.219   664   684 V WindowManager:     startWCT=WindowContainerTransaction { changes= {} hops= [] errorCallbackToken=null taskFragmentOrganizer=null }
02-16 15:18:36.219   664   684 V WindowManager:     info={id=9 t=CLOSE f=0x10 trk=0 r=[0@Point(0, 0)] c=[
02-16 15:18:36.219   664   684 V WindowManager:         {WCT{RemoteToken{19be91f Task{d509f96 #1 type=home}}} m=TO_FRONT f=SHOW_WALLPAPER|MOVE_TO_TOP leash=Surface(name=Task=1#44)/@0x81f1c43 sb=Rect(0, 0 - 1080, 2400) eb=Rect(0, 0 - 1080, 2400) epz=Point(1080, 2400) d=0 taskParent=-1 winMode=1 userId=0},
02-16 15:18:36.219   664   684 V WindowManager:         {WCT{RemoteToken{8a81bec Task{50067a8 #33 type=standard A=10229:com.kurye.pro}}} m=CLOSE f=NONE leash=Surface(name=Task=33#120)/@0x281a03e sb=Rect(0, 0 - 1080, 2400) eb=Rect(0, 0 - 1080, 2400) epz=Point(1080, 2400) d=0 taskParent=-1 winMode=1 userId=0},
02-16 15:18:36.219   664   684 V WindowManager:         {m=TO_FRONT f=IS_WALLPAPER leash=Surface(name=WallpaperWindowToken{e05d0dc}#64)/@0xb727737 sb=Rect(0, 0 - 1080, 2400) eb=Rect(0, 0 - 1080, 2400) epz=Point(1080, 2400) d=0}
02-16 15:18:36.219   664   684 V WindowManager:     ]}
02-16 15:18:36.220   914   969 V WindowManagerShell:  animated by com.android.wm.shell.transition.RemoteTransitionHandler@5a3be79
02-16 15:18:36.224  1077  1077 D LauncherStateManager: StateManager.cancelAnimation: animation ongoing: false, partial trace:
02-16 15:18:36.224  1077  1077 D LauncherStateManager: 	at com.android.launcher3.statemanager.StateManager.setCurrentAnimation(go/retraceme f3a19d912c87c27267cfbc05ba0bc7b202ab72a6648bd76225f5f7e128d94583:18)
02-16 15:18:36.224  1077  1077 D LauncherStateManager: 	at com.android.launcher3.QuickstepTransitionManager.createWallpaperOpenAnimations(go/retraceme f3a19d912c87c27267cfbc05ba0bc7b202ab72a6648bd76225f5f7e128d94583:646)
02-16 15:18:36.224  1077  1077 D LauncherStateManager: 	at com.android.launcher3.QuickstepTransitionManager$WallpaperOpenLauncherAnimationRunner.onAnimationStart(go/retraceme f3a19d912c87c27267cfbc05ba0bc7b202ab72a6648bd76225f5f7e128d94583:96)
02-16 15:18:36.224   664   862 D BackgroundInstallControlService: Package event received: 0
02-16 15:18:36.224  1077  1077 D LauncherStateManager: StateManager.createAtomicAnimation: fromState: Normal, toState: Normal, partial trace:
02-16 15:18:36.224  1077  1077 D LauncherStateManager: 	at com.android.quickstep.util.WorkspaceRevealAnim.prepareToAnimate(go/retraceme f3a19d912c87c27267cfbc05ba0bc7b202ab72a6648bd76225f5f7e128d94583:20)
02-16 15:18:36.224  1077  1077 D LauncherStateManager: 	at com.android.quickstep.util.WorkspaceRevealAnim.<init>(go/retraceme f3a19d912c87c27267cfbc05ba0bc7b202ab72a6648bd76225f5f7e128d94583:11)
02-16 15:18:36.224  1077  1077 D LauncherStateManager: 	at com.android.launcher3.QuickstepTransitionManager.createWallpaperOpenAnimations(go/retraceme f3a19d912c87c27267cfbc05ba0bc7b202ab72a6648bd76225f5f7e128d94583:683)
02-16 15:18:36.224  1077  1077 D AllAppsTransitionController: shouldProtectHeader: false skipScrim: true state: Normal stateManager.getState(): Normal
02-16 15:18:36.224  1077  1077 D KeyboardInsetsHandler: removePendingImeController: pendingImeController=null
02-16 15:18:36.224  1077  1077 D b/311077782: LauncherAnimationRunner.setAnimation
02-16 15:18:36.225   664   862 D BackgroundInstallControlService: Package event received: 0
02-16 15:18:36.225   664   862 D BackgroundInstallControlService: Package event received: 0
02-16 15:18:36.315  1077  1077 D b/417220811: invalidateLoadedTasks - previous requestLoadId: -1
02-16 15:18:36.317   664   679 W WindowManager: takeTaskSnapshot: taskId=31 not found or not visible
02-16 15:18:36.352  1077  1084 W System  : A resource failed to call release. 
02-16 15:18:36.352  1077  1084 W System  : A resource failed to call release. 
02-16 15:18:36.352  1077  1084 W System  : A resource failed to call release. 
02-16 15:18:36.423  1066  1166 D SatelliteController: iisInCarrierRoamingNbIotNtn: satellite is disabled
02-16 15:18:36.425  1066  1166 D SatelliteController: getCarrierRoamingNtnConnectType: Falling back to global carrier config connect type: 0
02-16 15:18:36.582  1077  1077 D WorkspaceRevealAnim: onAnimationEnd: workspace alpha = 1.0
02-16 15:18:36.582   914  1345 V WindowManagerShell: Received remote transition finished callback for (#9)
02-16 15:18:36.582   914   969 V WindowManagerShell: Transition animation finished (aborted=false), notifying core (#9) android.os.BinderProxy@becbbeb@0
02-16 15:18:36.585   664   684 V WindowManager: Finish Transition (#9): created at 02-16 15:18:35.693 collect-started=0.016ms request-sent=0.099ms started=4.834ms ready=503.96ms sent=510.586ms commit=29.135ms finished=891.561ms
02-16 15:18:36.587   914   969 V WindowManagerShell: Track 0 became idle
02-16 15:18:36.587   914   969 V WindowManagerShell: All active transition animations finished
02-16 15:18:36.589   664   885 W ImageReader_JNI: Unable to acquire a buffer item, very likely client tried to acquire more than maxImages buffers
02-16 15:18:36.809   664   810 I HalDevMgr: bestIfaceCreationProposal is null, requestIface=STA, existingIface=[name=wlan0 type=STA]
02-16 15:18:38.222   664   816 D InetDiagMessage: Destroyed 0 sockets, proto=IPPROTO_TCP, family=AF_INET, states=14
02-16 15:18:38.222   664   816 D InetDiagMessage: Destroyed 0 sockets, proto=IPPROTO_TCP, family=AF_INET6, states=14
02-16 15:18:38.222   664   816 D InetDiagMessage: Destroyed live tcp sockets for uids={10143} in 1ms
02-16 15:18:38.223   664   816 D InetDiagMessage: Destroyed 0 sockets, proto=IPPROTO_TCP, family=AF_INET, states=14
02-16 15:18:38.223   664   816 D InetDiagMessage: Destroyed 0 sockets, proto=IPPROTO_TCP, family=AF_INET6, states=14
02-16 15:18:38.223   664   816 D InetDiagMessage: Destroyed live tcp sockets for uids={20143} in 1ms
02-16 15:18:38.340   664  1834 D OomAdjuster: Not killing cached processes
02-16 15:18:38.365  1458  1458 D BoundBrokerSvc: onUnbind: Intent { act=com.google.android.gms.chimera.container.moduleinstall.ModuleInstallService.START dat=chimera-action:/... xflg=0x4 cmp=com.google.android.gms/.chimera.GmsApiService }
02-16 15:18:38.366  1458  1458 D BoundBrokerSvc: onUnbind: Intent { act=com.google.android.gms.ocr.service.internal.START dat=chimera-action:/... xflg=0x4 cmp=com.google.android.gms/.chimera.GmsInternalApiService }
02-16 15:18:38.610  1458  1458 D BoundBrokerSvc: onUnbind: Intent { act=com.google.android.gms.facs.internal.service.START dat=chimera-action:/... xflg=0x4 cmp=com.google.android.gms/.chimera.GmsInternalApiService }
02-16 15:18:38.921  5541  5541 W libbinder.BackendUnifiedServiceManager: Thread Pool max thread count is 0. Cannot cache binder as linkToDeath cannot be implemented. serviceName: package
02-16 15:18:38.976  2041  2045 I artd    : GetBestInfo: odex next to the dex file (/data/app/~~OAP_g0gvYKwFqcp0wd0PEA==/com.google.android.gms-B0r-MdAPLymqnZbYAnFNsg==/oat/arm64/base.odex) is kOatUpToDate with filter 'speed-profile' executable 'false'
02-16 15:18:38.979  2041  2045 I artd    : GetBestInfo: odex next to the dex file (/data/app/~~OAP_g0gvYKwFqcp0wd0PEA==/com.google.android.gms-B0r-MdAPLymqnZbYAnFNsg==/oat/arm64/split_AdsDynamite_installtime.odex) is kOatUpToDate with filter 'speed' executable 'false'
02-16 15:18:38.980  2041  5369 I artd    : GetBestInfo: odex next to the dex file (/data/app/~~OAP_g0gvYKwFqcp0wd0PEA==/com.google.android.gms-B0r-MdAPLymqnZbYAnFNsg==/oat/arm64/split_CronetDynamite_installtime.odex) is kOatUpToDate with filter 'speed-profile' executable 'false'
02-16 15:18:38.981  2041  2045 I artd    : GetBestInfo: odex next to the dex file (/data/app/~~OAP_g0gvYKwFqcp0wd0PEA==/com.google.android.gms-B0r-MdAPLymqnZbYAnFNsg==/oat/arm64/split_DynamiteLoader_installtime.odex) is kOatUpToDate with filter 'speed' executable 'false'
02-16 15:18:38.983  2041  5369 I artd    : GetBestInfo: odex next to the dex file (/data/app/~~OAP_g0gvYKwFqcp0wd0PEA==/com.google.android.gms-B0r-MdAPLymqnZbYAnFNsg==/oat/arm64/split_DynamiteModulesA_installtime.odex) is kOatUpToDate with filter 'speed' executable 'false'
02-16 15:18:38.985  2041  2045 I artd    : GetBestInfo: odex next to the dex file (/data/app/~~OAP_g0gvYKwFqcp0wd0PEA==/com.google.android.gms-B0r-MdAPLymqnZbYAnFNsg==/oat/arm64/split_DynamiteModulesC_installtime.odex) is kOatUpToDate with filter 'speed' executable 'false'
02-16 15:18:38.987  2041  2045 I artd    : GetBestInfo: odex next to the dex file (/data/app/~~OAP_g0gvYKwFqcp0wd0PEA==/com.google.android.gms-B0r-MdAPLymqnZbYAnFNsg==/oat/arm64/split_GoogleCertificates_installtime.odex) is kOatUpToDate with filter 'speed' executable 'false'
02-16 15:18:38.990  2041  5369 I artd    : GetBestInfo: odex next to the dex file (/data/app/~~OAP_g0gvYKwFqcp0wd0PEA==/com.google.android.gms-B0r-MdAPLymqnZbYAnFNsg==/oat/arm64/split_MapsDynamite_installtime.odex) is kOatUpToDate with filter 'speed' executable 'false'
02-16 15:18:38.992  2041  2045 I artd    : GetBestInfo: odex next to the dex file (/data/app/~~OAP_g0gvYKwFqcp0wd0PEA==/com.google.android.gms-B0r-MdAPLymqnZbYAnFNsg==/oat/arm64/split_MeasurementDynamite_installtime.odex) is kOatUpToDate with filter 'speed' executable 'false'
02-16 15:18:38.993  2041  5369 I artd    : GetBestInfo: odex next to the dex file (/data/app/~~OAP_g0gvYKwFqcp0wd0PEA==/com.google.android.gms-B0r-MdAPLymqnZbYAnFNsg==/oat/arm64/split_all_locale_splits.odex) is kOatUpToDate with filter 'speed' executable 'false'
02-16 15:18:38.994  2041  2045 I artd    : GetBestInfo: /data/user_de/0/com.google.android.gms/app_chimera/m/0000000f/dl-MlkitOcrCommon.optional_260235100400.apk has no usable artifacts
02-16 15:18:38.994  2041  5369 I artd    : GetBestInfo: /data/user_de/0/com.google.android.gms/app_chimera/m/00000001/CronetDynamite.apk has no usable artifacts
02-16 15:18:38.995  2041  2041 I artd    : GetBestInfo: vdex next to the dex file (/data/user/0/com.google.android.gms/app_dg_cache/9B790551AEA6F45286C19831BDC04308DF1AFF9F/oat/arm64/the.vdex) is kOatUpToDate with filter 'verify' executable 'false'
02-16 15:18:38.995  2041  2045 I artd    : GetBestInfo: /data/user_de/0/com.google.android.gms/app_chimera/m/00000002/DynamiteLoader.apk has no usable artifacts
02-16 15:18:38.996  2041  2045 I artd    : GetBestInfo: /data/user_de/0/com.google.android.gms/app_chimera/m/00000011/dl-PlayCloudSearch.optional_260235100000.apk has no usable artifacts
02-16 15:18:38.996  2041  2041 I artd    : GetBestInfo: /data/user_de/0/com.google.android.gms/app_chimera/m/0000000c/dl-Appsearch.optional_260235100400.apk has no usable artifacts
02-16 15:18:38.996  2041  2045 I artd    : GetBestInfo: /data/user_de/0/com.google.android.gms/app_chimera/m/00000005/GoogleCertificates.apk has no usable artifacts
02-16 15:18:38.997  2041  2045 I artd    : GetBestInfo: /data/user_de/0/com.google.android.gms/app_chimera/m/0000000d/dl-MlkitBarcodeUi.optional_260235100400.apk has no usable artifacts
02-16 15:18:38.997  2041  2041 I artd    : GetBestInfo: /data/user_de/0/com.google.android.gms/app_chimera/m/00000009/dl-TfliteDynamiteDynamite.integ_252130102100400.apk has no usable artifacts
02-16 15:18:38.998  2041  2045 I artd    : GetBestInfo: vdex next to the dex file (/data/user/0/com.google.android.gms/app_dg_cache/646DA7BE3AF9B756DEFD88CA7189FC9D7C55EC0F/oat/arm64/the.vdex) is kOatUpToDate with filter 'verify' executable 'false'
02-16 15:18:38.999  2041  2041 I artd    : GetBestInfo: /data/user_de/0/com.google.android.gms/app_chimera/m/0000000b/dl-VisionOcr.optional_260235100000.apk has no usable artifacts
02-16 15:18:38.999  2041  2045 I artd    : GetBestInfo: /data/user_de/0/com.google.android.gms/app_chimera/m/00000007/MeasurementDynamite.apk has no usable artifacts
