02-16 19:31:17.404  3118  3118 D nativeloader:   com_android_appsearch: libappsearchservice.so:libicing_anywhere.so
02-16 19:31:17.404  3118  3118 D nativeloader:   com_android_art: libartservice.so
02-16 19:31:17.404  3118  3118 D nativeloader:   com_android_bt: libbluetooth_jni.so
02-16 19:31:17.404  3118  3118 D nativeloader:   com_android_conscrypt: libjavacrypto.so
02-16 19:31:17.404  3118  3118 D nativeloader:   com_android_mediaprovider: libpdfclient.so
02-16 19:31:17.404  3118  3118 D nativeloader:   com_android_nfcservices: libnfc_nci_jni.so
02-16 19:31:17.404  3118  3118 D nativeloader:   com_android_ondevicepersonalization: libfcp_cpp_dep_jni.so:libfcp_hpke_jni.so
02-16 19:31:17.404  3118  3118 D nativeloader:   com_android_os_statsd: libstats_jni.so
02-16 19:31:17.404  3118  3118 D nativeloader:   com_android_tethering: libandroid_net_connectivity_com_android_net_module_util_jni.so:libandroid_net_connectivity_com_android_net_module_util_jni_CommonConnectivityJni.so:libframework-connectivity-jni.so:libframework-connectivity-tiramisu-jni.so:libmainlinecronet.141.0.7340.3.so:libservice-connectivity.so:libservice-thread-jni.so:stable_cronet_libcrypto.so:stable_cronet_libssl.so
02-16 19:31:17.404  3118  3118 D nativeloader:   com_android_uwb: libuwb_uci_jni_rust.so
02-16 19:31:17.404  3118  3118 D nativeloader:   com_android_virt: libvirtualizationservice_jni.so:libvirtualmachine_jni.so
02-16 19:31:17.404  3118  3118 D nativeloader:   com_android_wifi: lib
02-16 19:31:17.412  2138  2138 I DialerBroadcastReceiverStrategyImpl: com.android.dialer.broadcastreceiverstrategy.impl.BroadcastReceiverStrategyImpl.backgroundThenInlineThenForeground:78 try doing work using a background service
02-16 19:31:17.430  3083  3126 W chromium: [WARNING:viz_main_impl.cc(85)] VizNullHypothesis is disabled (not a warning)
02-16 19:31:17.435  2945  2945 I cr_EnterpriseInfoImpl: #setCacheResult() deviceOwned:false profileOwned:false
02-16 19:31:17.435  2945  2945 I cr_EnterpriseInfo: #getManagedStateForNative() No1@e6d9fcd
02-16 19:31:17.452   751   898 D ConnectivityService: NetReassign [no changes] [c 0] [a 103] [i 0]
02-16 19:31:17.453  3083  3126 E MESA    : Failed to open rendernode: No such file or directory
02-16 19:31:17.453  3083  3126 E MESA    : Failed to open rendernode: No such file or directory
02-16 19:31:17.453  3083  3126 E MESA    : Failed to open rendernode: No such file or directory
02-16 19:31:17.453  3083  3126 E MESA    : Failed to open rendernode: No such file or directory
02-16 19:31:17.453  3083  3126 E MESA    : Failed to open rendernode: No such file or directory
02-16 19:31:17.453  3083  3126 E MESA    : Failed to open rendernode: No such file or directory
02-16 19:31:17.453  3083  3126 E MESA    : Failed to open rendernode: No such file or directory
02-16 19:31:17.453  3083  3126 E MESA    : Failed to open rendernode: No such file or directory
02-16 19:31:17.453  3083  3126 E MESA    : Failed to open rendernode: No such file or directory
02-16 19:31:17.460  1524  1911 I aqpt    : (REDACTED) DelegationStatus: %s
02-16 19:31:17.484   751   782 I AppZygote: Starting application preload.
02-16 19:31:17.490  3083  3126 E MESA    : Failed to open rendernode: No such file or directory
02-16 19:31:17.504  3150  3150 I AppZygoteInit: Beginning application preload for com.android.chrome
02-16 19:31:17.527  2065  2312 E Finsky  : [63] [EExp] Failed to export experiments for package com.google.android.finsky.regular.
02-16 19:31:17.527  2065  2312 E Finsky  : java.util.concurrent.TimeoutException: Waited 10000 milliseconds (plus 35 milliseconds, 235380 nanoseconds delay) for bjty@cc80a37[status=PENDING, setFuture=[bjqk@1d34ba4[status=PENDING, info=[inputFuture=[bdju@cdb5d0d[status=PENDING, info=[bcgr@4cec4c2]]], exceptionType=[class com.google.android.gms.common.api.ApiException], fallback=[axlm@c0912d3]]]]]
02-16 19:31:17.527  2065  2312 E Finsky  : 	at bjrb.r(PG:365)
02-16 19:31:17.527  2065  2312 E Finsky  : 	at bjqt.get(PG:6)
02-16 19:31:17.527  2065  2312 E Finsky  : 	at aidd.i(PG:151)
02-16 19:31:17.527  2065  2312 E Finsky  : 	at aidd.h(PG:19)
02-16 19:31:17.527  2065  2312 E Finsky  : 	at aidd.doInBackground(PG:368)
02-16 19:31:17.527  2065  2312 E Finsky  : 	at aidg.f(PG:4)
02-16 19:31:17.527  2065  2312 E Finsky  : 	at aidh.call(PG:3)
02-16 19:31:17.527  2065  2312 E Finsky  : 	at bjtx.a(PG:3)
02-16 19:31:17.527  2065  2312 E Finsky  : 	at bjtc.run(PG:19)
02-16 19:31:17.527  2065  2312 E Finsky  : 	at bjty.run(PG:5)
02-16 19:31:17.527  2065  2312 E Finsky  : 	at bjtq.run(PG:64)
02-16 19:31:17.527  2065  2312 E Finsky  : 	at java.util.concurrent.ThreadPoolExecutor.runWorker(ThreadPoolExecutor.java:1154)
02-16 19:31:17.527  2065  2312 E Finsky  : 	at java.util.concurrent.ThreadPoolExecutor$Worker.run(ThreadPoolExecutor.java:652)
02-16 19:31:17.527  2065  2312 E Finsky  : 	at bkth.run(PG:57)
02-16 19:31:17.527  2065  2312 E Finsky  : 	at java.lang.Thread.run(Thread.java:1564)
02-16 19:31:17.528  3150  3150 W d.chrome_zygote: Failed to find entry 'classes.dex': Entry not found
02-16 19:31:17.529  3150  3150 D nativeloader: Configuring clns-9 for other apk /data/app/~~2WOZ5PtytcKpA0_ysQCbNg==/com.google.android.trichromelibrary_699813532-8no3WzDHzLvpsA_mY4t0Og==/TrichromeLibrary.apk. target_sdk_version=35, uses_libraries=ALL, library_path=/data/app/~~1GO4WFASiC2zWKpIOJtlKg==/com.android.chrome-SXVBkv8J3YLxzsO__Fr4jA==/lib/arm64:/data/app/~~1GO4WFASiC2zWKpIOJtlKg==/com.android.chrome-SXVBkv8J3YLxzsO__Fr4jA==/Chrome.apk!/lib/arm64-v8a:/data/app/~~2WOZ5PtytcKpA0_ysQCbNg==/com.google.android.trichromelibrary_699813532-8no3WzDHzLvpsA_mY4t0Og==/TrichromeLibrary.apk!/lib/arm64-v8a, permitted_path=/data:/mnt/expand
02-16 19:31:17.538  2945  2945 I cr_PolicyProvider: #notifySettingsAvailable() 0
02-16 19:31:17.538  2945  2945 I cr_CombinedPProvider: #onSettingsAvailable() 0
02-16 19:31:17.538  2945  2945 I cr_CombinedPProvider: #flushPolicies()
02-16 19:31:17.538  2945  2945 I cr_PolicyService: #onPolicyServiceInitialized()
02-16 19:31:17.538  2945  2945 I cr_PolicyProvider: #notifySettingsAvailable() 0
02-16 19:31:17.538  2945  2945 I cr_CombinedPProvider: #onSettingsAvailable() 0
02-16 19:31:17.538  2945  2945 I cr_CombinedPProvider: #flushPolicies()
02-16 19:31:17.541  1541  2247 I TrainerClient: Preparing to schedule training for population:aiai/playstore/pecansearchqueryevents session_name:pecansearchqueryevents
02-16 19:31:17.543  3107  3107 V GraphicsEnvironment: Currently set values for:
02-16 19:31:17.543  3107  3107 V GraphicsEnvironment:   angle_gl_driver_selection_pkgs=[]
02-16 19:31:17.543  3107  3107 V GraphicsEnvironment:   angle_gl_driver_selection_values=[]
02-16 19:31:17.543  3107  3107 V GraphicsEnvironment: com.google.android.apps.safetyhub is not listed in per-application setting
02-16 19:31:17.544  3107  3107 V GraphicsEnvironment: ANGLE allowlist from config: com.dreamgames.royalmatch com.dts.freefiremax com.dxx.firenow com.gramgames.mergedragons com.ludo.king com.mojang.minecraftpe com.my.defense com.nintendo.zaka com.os.airforce com.playrix.fishdomdd.gplay io.teslatech.callbreak jp.konami.prospia net.peakgames.toonblast
02-16 19:31:17.544  3107  3107 V GraphicsEnvironment: No special selections for ANGLE, returning default driver choice
02-16 19:31:17.544  3107  3107 V GraphicsEnvironment: Neither updatable production driver nor prerelease driver is supported.
02-16 19:31:17.545  2065  2232 I Finsky  : [43] Phixit: Maybe start upgrading Phenotype database schema...
02-16 19:31:17.559  2065  2232 I Finsky  : [43] Phixit: Time (us): 13919
02-16 19:31:17.560  2065  2312 I Finsky  : [63] Triggered update for experiment package com.google.android.finsky.regular.
02-16 19:31:17.607  3083  3126 E MESA    : Failed to open rendernode: No such file or directory
02-16 19:31:17.612  3083  3126 E MESA    : Failed to open rendernode: No such file or directory
02-16 19:31:17.612  3083  3126 E MESA    : Failed to open rendernode: No such file or directory
02-16 19:31:17.612  3083  3126 E MESA    : Failed to open rendernode: No such file or directory
02-16 19:31:17.612  3083  3126 E MESA    : Failed to open rendernode: No such file or directory
02-16 19:31:17.612  3083  3126 E MESA    : Failed to open rendernode: No such file or directory
02-16 19:31:17.612  3083  3126 E MESA    : Failed to open rendernode: No such file or directory
02-16 19:31:17.612  3083  3126 E MESA    : Failed to open rendernode: No such file or directory
02-16 19:31:17.612  3083  3126 E MESA    : Failed to open rendernode: No such file or directory
02-16 19:31:17.613  3083  3126 E MESA    : Failed to open rendernode: No such file or directory
02-16 19:31:17.615  3083  3126 E MESA    : Failed to open rendernode: No such file or directory
02-16 19:31:17.630  1275  1286 I FontLog : (REDACTED) Pulling font file for id = %d, cache size = %d
02-16 19:31:17.683  3150  3150 D nativeloader: Configuring clns-10 for other apk /data/app/~~1GO4WFASiC2zWKpIOJtlKg==/com.android.chrome-SXVBkv8J3YLxzsO__Fr4jA==/Chrome.apk. target_sdk_version=35, uses_libraries=, library_path=/data/app/~~1GO4WFASiC2zWKpIOJtlKg==/com.android.chrome-SXVBkv8J3YLxzsO__Fr4jA==/lib/arm64:/data/app/~~1GO4WFASiC2zWKpIOJtlKg==/com.android.chrome-SXVBkv8J3YLxzsO__Fr4jA==/Chrome.apk!/lib/arm64-v8a:/data/app/~~2WOZ5PtytcKpA0_ysQCbNg==/com.google.android.trichromelibrary_699813532-8no3WzDHzLvpsA_mY4t0Og==/TrichromeLibrary.apk!/lib/arm64-v8a, permitted_path=/data:/mnt/expand
02-16 19:31:17.717  2945  3077 W cr_media: BLUETOOTH_CONNECT permission is missing.
02-16 19:31:17.736  1275  1286 I FontLog : (REDACTED) Received query %s, URI %s
02-16 19:31:17.736  1275  1286 I FontLog : (REDACTED) Query [%s] resolved to %s
02-16 19:31:17.741  2945  3077 W cr_media: getBluetoothAdapter() requires BLUETOOTH permission
02-16 19:31:17.741  2945  3077 W cr_media: registerBluetoothIntentsIfNeeded: Requires BLUETOOTH permission
02-16 19:31:17.756   751   972 W Looper  : Slow dispatch took 168ms android.perm app=system_server main=false group=FOREGROUND h=android.os.Handler c=com.android.internal.infra.ServiceConnector$Impl$$ExternalSyntheticLambda0@4bb8f1e m=0
02-16 19:31:17.766  2593  2775 I FederatedTrainingScheduler: Cancelling training for population:aiai/playstore/pecansearchqueryevents session_name:pecansearchqueryevents
02-16 19:31:17.788  3118  3118 V GraphicsEnvironment: Currently set values for:
02-16 19:31:17.801  2807  2811 W droid.apps.docs: userfaultfd: MOVE ioctl seems unsupported: Connection timed out
02-16 19:31:17.812  3107  3107 I MultiDex: VM with version 2.1.0 has multidex support
02-16 19:31:17.812  3107  3107 I MultiDex: Installing application
02-16 19:31:17.813  3107  3107 I MultiDex: VM has multidex support, MultiDex support library is disabled.
02-16 19:31:17.821  3118  3118 V GraphicsEnvironment:   angle_gl_driver_selection_pkgs=[]
02-16 19:31:17.821  3118  3118 V GraphicsEnvironment:   angle_gl_driver_selection_values=[]
02-16 19:31:17.821  3118  3118 V GraphicsEnvironment: com.google.android.adservices.api is not listed in per-application setting
02-16 19:31:17.821  3118  3118 V GraphicsEnvironment: ANGLE allowlist from config: com.dreamgames.royalmatch com.dts.freefiremax com.dxx.firenow com.gramgames.mergedragons com.ludo.king com.mojang.minecraftpe com.my.defense com.nintendo.zaka com.os.airforce com.playrix.fishdomdd.gplay io.teslatech.callbreak jp.konami.prospia net.peakgames.toonblast
02-16 19:31:17.821  3118  3118 V GraphicsEnvironment: No special selections for ANGLE, returning default driver choice
02-16 19:31:17.821  3118  3118 V GraphicsEnvironment: Neither updatable production driver nor prerelease driver is supported.
02-16 19:31:17.838   751   892 I HalDevMgr: bestIfaceCreationProposal is null, requestIface=STA, existingIface=[name=wlan0 type=STA]
02-16 19:31:17.851  2065  2065 W JobService: onNetworkChanged() not implemented in com.google.android.finsky.scheduler.process.mainimpl.PhoneskyJobServiceMain. Must override in a subclass.
02-16 19:31:17.853  2138  2364 I DialerSingletonScopedExternalsLogging: com.google.android.dialershared.externals.logging.SingletonScopedExternalsLogging.recordCallMethodInvocation:75 event: NOTIFICATION_CANCEL, function parameters: [LegacyVoicemail,1], return value: <empty>
02-16 19:31:17.886  2807  2813 W System  : A resource failed to call close. 
02-16 19:31:17.897  3150  3150 I cr_ZygotePreload: version=134.0.6998.135 (699813532) minSdkVersion=29 isBundle=false
02-16 19:31:17.906  2138  2138 I DialerGnpSdk: Intent received for action [android.intent.action.BOOT_COMPLETED] package [com.google.android.dialer].
02-16 19:31:17.916  2945  3075 W chromium: [WARNING:ev_root_ca_metadata.cc(119)] Not implemented
02-16 19:31:17.932  2065  2312 I Finsky  : [63] Already at the latest configurations for experiment package com.google.android.finsky.regular.
02-16 19:31:17.935  2138  2138 I DialerGnpSdk: Phenotype initialized.
02-16 19:31:17.954  2945  2945 I cr_CompositorSurfaceMgr: Transitioning to surface with format: -1
02-16 19:31:17.965  2138  2138 I DialerGnpSdk: Validation OK for action [android.intent.action.BOOT_COMPLETED].
02-16 19:31:17.966  2065  2312 E Finsky  : [63] HC: Failed to preload experiments flags: java.util.concurrent.TimeoutException: Waited 10000 milliseconds (plus 35 milliseconds, 235380 nanoseconds delay) for bjty@cc80a37[status=PENDING, setFuture=[bjqk@1d34ba4[status=PENDING, info=[inputFuture=[bdju@cdb5d0d[status=PENDING, info=[bcgr@4cec4c2]]], exceptionType=[class com.google.android.gms.common.api.ApiException], fallback=[axlm@c0912d3]]]]]
02-16 19:31:17.966  2065  2312 I Finsky  : [63] HC: beginRecoverGmscoreIfApplicable
02-16 19:31:17.978  2065  2312 I Finsky  : [63] HC: No target version, skip Gmscore recovery.
02-16 19:31:18.003  1960  1970 W WellbeingSettingsProvid: <DWB> Call failed: get_actions
02-16 19:31:18.003  1960  1970 W WellbeingSettingsProvid: java.util.concurrent.TimeoutException: Waited 5000 milliseconds (plus 3 milliseconds, 543585 nanoseconds delay) for ntm@a771112[status=PENDING, info=[inputFuture=[ntl@1d1f0e3[status=PENDING, setFuture=[nss@5aeae0[status=PENDING, info=[inputFuture=[ntm@3867199[status=PENDING, info=[inputFuture=[ntm@c312c5e[status=PENDING, info=[inputFuture=[nuh@b28b83f[status=PENDING, info=[futures=[ntm@833d50c[status=PENDING, info=[inputFuture=[ntm@c438e55[status=PENDING, info=[inputFuture=[nvg@8dfb06a[status=PENDING, info=[delegate=[nwm@afa995b[status=PENDING, info=[task=[running=[NOT STARTED YET], propagating=[dwp@ecf35f8]]]]]]]], function=[propagating=[dvz@67bbad1]]]]], function=[propagating=[fai@4406936]]]]]]]], function=[propagating=[ewe@53f7037]]]]], function=[propagating=[dtn@1bdb9a4]]]]], exceptionType=[class java.lang.Throwable], fallback=[propagating=[dwo@530330d]]]]]]], function=[propagating=[dtn@e21e2c2]]]]
02-16 19:31:18.003  1960  1970 W WellbeingSettingsProvid: 	at ntj.t(PG:370)
02-16 19:31:18.003  1960  1970 W WellbeingSettingsProvid: 	at ntb.get(PG:2)
02-16 19:31:18.003  1960  1970 W WellbeingSettingsProvid: 	at nuy.get(PG:2)
02-16 19:31:18.003  1960  1970 W WellbeingSettingsProvid: 	at com.google.android.apps.wellbeing.api.impl.WellbeingSettingsProvider.i(PG:9)
02-16 19:31:18.003  1960  1970 W WellbeingSettingsProvid: 	at com.google.android.apps.wellbeing.api.impl.WellbeingSettingsProvider.call(PG:151)
02-16 19:31:18.003  1960  1970 W WellbeingSettingsProvid: 	at android.content.ContentProvider.call(ContentProvider.java:2746)
02-16 19:31:18.003  1960  1970 W WellbeingSettingsProvid: 	at android.content.ContentProvider$Transport.call(ContentProvider.java:640)
02-16 19:31:18.003  1960  1970 W WellbeingSettingsProvid: 	at android.content.ContentProviderNative.onTransact(ContentProviderNative.java:307)
02-16 19:31:18.003  1960  1970 W WellbeingSettingsProvid: 	at android.os.Binder.execTransactInternal(Binder.java:1473)
02-16 19:31:18.003  1960  1970 W WellbeingSettingsProvid: 	at android.os.Binder.execTransact(Binder.java:1418)
02-16 19:31:18.077  1555  1919 I BugleRcsEngine: Connected state: [1], networkType: [WIFI] [CONTEXT thread_id=61 ]
02-16 19:31:18.078  2945  2945 D CompatChangeReporter: Compat change id reported: 303326708; UID 10162; state: ENABLED
02-16 19:31:18.090  1960  1970 W libbinder.Binder: Binder transaction to android.content.IContentProvider code 21 took 5516ms. Data bytes: 1692 Reply bytes: 116 Flags: 18
02-16 19:31:18.126  3107  3107 I FirebaseApp: Device unlocked: initializing all Firebase APIs for app [DEFAULT]
02-16 19:31:18.134  3150  3150 D nativeloader: Load /data/app/~~1GO4WFASiC2zWKpIOJtlKg==/com.android.chrome-SXVBkv8J3YLxzsO__Fr4jA==/Chrome.apk!/lib/arm64-v8a/libchromium_android_linker.so using class loader ns clns-10 (caller=/data/app/~~1GO4WFASiC2zWKpIOJtlKg==/com.android.chrome-SXVBkv8J3YLxzsO__Fr4jA==/Chrome.apk): ok
02-16 19:31:18.140  2945  3075 W chromium: [WARNING:ev_root_ca_metadata.cc(119)] Not implemented
02-16 19:31:18.148  1275  1286 I FontLog : (REDACTED) Font PFD returned from cache for %s
02-16 19:31:18.148  1275  1286 I FontLog : (REDACTED) Fetch %s end status %s
02-16 19:31:18.166  3150  3150 I cr_LibraryLoader: Loading monochrome_64 from within /data/app/~~1GO4WFASiC2zWKpIOJtlKg==/com.android.chrome-SXVBkv8J3YLxzsO__Fr4jA==/Chrome.apk
02-16 19:31:18.166  3150  3150 I cr_Linker: loadLibraryImplLocked: monochrome_64, relroMode=1
02-16 19:31:18.215  3118  3118 I ApplicationContextProvider: onCreate(): setting application context from android.app.Application@91b5ebc
02-16 19:31:18.218  2945  2945 I PlayCore: UID: [10162]  PID: [2945] AppUpdateService : ServiceConnectionImpl.onServiceConnected(ComponentInfo{com.android.vending/com.google.android.finsky.installservice.DevTriggeredUpdateService})
02-16 19:31:18.219   193   193 I lowmemorykiller: Kill 'com.android.localtransport' (1891), uid 1000, oom_score_adj 975 to free 83456kB rss, 29888kB swap, 0kB dmabuf_pss, 0kB dmabuf_rss; reason: low watermark is breached
02-16 19:31:18.229  3118  3118 I adservices-shared: set(): set singleton context as android.app.Application@91b5ebc
02-16 19:31:18.239  2945  3081 I PlayCore: UID: [10162]  PID: [2945] AppUpdateService : linkToDeath
02-16 19:31:18.249  2945  3066 W libc    : Access denied finding property "ro.hardware.chipname"
02-16 19:31:18.254  2065  2311 I Finsky  : [62] SUH: Syncing device attributes was successful in self update.
02-16 19:31:18.258  1275  1283 I FontLog : (REDACTED) Pulling font file for id = %d, cache size = %d
02-16 19:31:18.279  1004  1004 I Choreographer: Skipped 35 frames!  The application may be doing too much work on its main thread.
02-16 19:31:18.304  2593  2660 I TrainerGrpcBindableService: Cancelling training succeeded [population=aiai/playstore/pecansearchqueryevents, session=pecansearchqueryevents]
02-16 19:31:18.308  1990  2122 W JobInfo : Requested important-while-foreground flag for job1 is ignored and takes no effect
02-16 19:31:18.316   193   193 I lowmemorykiller: Kill 'com.android.printspooler' (1807), uid 10137, oom_score_adj 975 to free 81612kB rss, 31872kB swap, 0kB dmabuf_pss, 0kB dmabuf_rss; reason: low watermark is breached
02-16 19:31:18.318  1004  1320 W libbinder.Binder: Binder transaction to android.content.IContentProvider code 1 took 1913ms. Data bytes: 312 Reply bytes: 84 Flags: 16
02-16 19:31:18.352  1004  1004 D TileServices: Couldn't find tile for ComponentInfo{com.google.android.apps.wellbeing/com.google.android.apps.wellbeing.screen.ui.GrayscaleTileService}(0)
02-16 19:31:18.365   751  1823 D SystemServerTiming: getUserSwitchability-0
02-16 19:31:18.365   751  1823 D SystemServerTiming: TM.isInCall
02-16 19:31:18.378  1589  2464 W libbinder.Binder: Binder transaction to com.google.android.gms.common.internal.IGmsServiceBroker code 46 took 1972ms. Data bytes: 528 Reply bytes: 4 Flags: 18
02-16 19:31:18.388   751  1823 D SystemServerTiming: hasUserRestriction-DISALLOW_USER_SWITCH
02-16 19:31:18.388   751  1823 D SystemServerTiming: getInt-ALLOW_USER_SWITCHING_WHEN_SYSTEM_USER_LOCKED
02-16 19:31:18.388   751  1823 D SystemServerTiming: isUserUnlocked-USER_SYSTEM
02-16 19:31:18.408   751  1884 I ActivityManager: Process com.android.localtransport (pid 1891) has died: cch  +75 CEM 
02-16 19:31:18.412   555   555 I Zygote  : Process 1891 exited due to signal 9 (Killed)
02-16 19:31:18.417   555   555 I Zygote  : Process 1807 exited due to signal 9 (Killed)
02-16 19:31:18.426  3107  3107 I FirebaseInitProvider: FirebaseApp initialization successful
02-16 19:31:18.426  2213  2219 W .apps.messaging: Suspending all threads took: 6.630s
02-16 19:31:18.443   751  1823 I ActivityManager: Process com.android.printspooler (pid 1807) has died: cch  +75 CEM 
02-16 19:31:18.501  2065  2074 W android.vending: Suspending all threads took: 13.178ms
02-16 19:31:18.515   193   193 I lowmemorykiller: Kill 'com.android.imsserviceentitlement' (2401), uid 10149, oom_score_adj 965 to free 81132kB rss, 32052kB swap, 0kB dmabuf_pss, 0kB dmabuf_rss; reason: low watermark is breached
02-16 19:31:18.615   193   193 I lowmemorykiller: Kill 'com.google.android.cellbroadcastreceiver' (1430), uid 10214, oom_score_adj 965 to free 86848kB rss, 30640kB swap, 0kB dmabuf_pss, 0kB dmabuf_rss; reason: low watermark is breached
02-16 19:31:18.686  1589  1607 W libbinder.Binder: Binder transaction to com.google.android.gms.common.internal.IGmsServiceBroker code 46 took 3862ms. Data bytes: 540 Reply bytes: 4 Flags: 18
02-16 19:31:18.686   193   199 E lowmemorykiller: process_mrelease 1430 failed: No such process
